<?xml version="1.0" encoding="ISO-8859-1" ?>
<link_info>
   <banner>TI ARM Linker PC v20.2.1.LTS</banner>
   <copyright>Copyright (c) 1996-2018 Texas Instruments Incorporated</copyright>
   <link_time>0x607d194a</link_time>
   <link_errors>0x1</link_errors>
   <output_file>Project.out</output_file>
   <entry_point>
      <name>_c_int00_noargs</name>
      <address>0x412d</address>
   </entry_point>
   <input_file_list>
      <input_file id="fl-2">
         <path>.\</path>
         <kind>object</kind>
         <file>Servo.obj</file>
         <name>Servo.obj</name>
      </input_file>
      <input_file id="fl-3">
         <path>.\</path>
         <kind>object</kind>
         <file>Timer.obj</file>
         <name>Timer.obj</name>
      </input_file>
      <input_file id="fl-4">
         <path>.\</path>
         <kind>object</kind>
         <file>adc.obj</file>
         <name>adc.obj</name>
      </input_file>
      <input_file id="fl-5">
         <path>.\</path>
         <kind>object</kind>
         <file>button.obj</file>
         <name>button.obj</name>
      </input_file>
      <input_file id="fl-6">
         <path>.\</path>
         <kind>object</kind>
         <file>lcd.obj</file>
         <name>lcd.obj</name>
      </input_file>
      <input_file id="fl-7">
         <path>.\</path>
         <kind>object</kind>
         <file>main.obj</file>
         <name>main.obj</name>
      </input_file>
      <input_file id="fl-8">
         <path>.\</path>
         <kind>object</kind>
         <file>movement.obj</file>
         <name>movement.obj</name>
      </input_file>
      <input_file id="fl-9">
         <path>.\</path>
         <kind>object</kind>
         <file>open_interface.obj</file>
         <name>open_interface.obj</name>
      </input_file>
      <input_file id="fl-a">
         <path>.\</path>
         <kind>object</kind>
         <file>resetSimulation.obj</file>
         <name>resetSimulation.obj</name>
      </input_file>
      <input_file id="fl-b">
         <path>.\</path>
         <kind>object</kind>
         <file>tm4c123gh6pm_startup_ccs.obj</file>
         <name>tm4c123gh6pm_startup_ccs.obj</name>
      </input_file>
      <input_file id="fl-c">
         <path>.\</path>
         <kind>object</kind>
         <file>uart.obj</file>
         <name>uart.obj</name>
      </input_file>
      <input_file id="fl-11">
         <kind>object</kind>
         <file>&lt;internal&gt;</file>
         <name>&lt;internal&gt;</name>
      </input_file>
      <input_file id="fl-c7">
         <path>C:\ti\ccs1010\ccs\tools\compiler\ti-cgt-arm_20.2.1.LTS\lib\</path>
         <kind>archive</kind>
         <file>rtsv7M4_T_le_v4SPD16_eabi.lib</file>
         <name>sprintf.c.obj</name>
      </input_file>
      <input_file id="fl-c8">
         <path>C:\ti\ccs1010\ccs\tools\compiler\ti-cgt-arm_20.2.1.LTS\lib\</path>
         <kind>archive</kind>
         <file>rtsv7M4_T_le_v4SPD16_eabi.lib</file>
         <name>vsnprintf.c.obj</name>
      </input_file>
      <input_file id="fl-c9">
         <path>C:\ti\ccs1010\ccs\tools\compiler\ti-cgt-arm_20.2.1.LTS\lib\</path>
         <kind>archive</kind>
         <file>rtsv7M4_T_le_v4SPD16_eabi.lib</file>
         <name>fd_add_t2.asm.obj</name>
      </input_file>
      <input_file id="fl-ca">
         <path>C:\ti\ccs1010\ccs\tools\compiler\ti-cgt-arm_20.2.1.LTS\lib\</path>
         <kind>archive</kind>
         <file>rtsv7M4_T_le_v4SPD16_eabi.lib</file>
         <name>fd_cmp_t2.asm.obj</name>
      </input_file>
      <input_file id="fl-cb">
         <path>C:\ti\ccs1010\ccs\tools\compiler\ti-cgt-arm_20.2.1.LTS\lib\</path>
         <kind>archive</kind>
         <file>rtsv7M4_T_le_v4SPD16_eabi.lib</file>
         <name>fd_div_t2.asm.obj</name>
      </input_file>
      <input_file id="fl-cc">
         <path>C:\ti\ccs1010\ccs\tools\compiler\ti-cgt-arm_20.2.1.LTS\lib\</path>
         <kind>archive</kind>
         <file>rtsv7M4_T_le_v4SPD16_eabi.lib</file>
         <name>fd_mul_t2.asm.obj</name>
      </input_file>
      <input_file id="fl-cd">
         <path>C:\ti\ccs1010\ccs\tools\compiler\ti-cgt-arm_20.2.1.LTS\lib\</path>
         <kind>archive</kind>
         <file>rtsv7M4_T_le_v4SPD16_eabi.lib</file>
         <name>fd_tos_t2.asm.obj</name>
      </input_file>
      <input_file id="fl-ce">
         <path>C:\ti\ccs1010\ccs\tools\compiler\ti-cgt-arm_20.2.1.LTS\lib\</path>
         <kind>archive</kind>
         <file>rtsv7M4_T_le_v4SPD16_eabi.lib</file>
         <name>fs_tod_t2.asm.obj</name>
      </input_file>
      <input_file id="fl-cf">
         <path>C:\ti\ccs1010\ccs\tools\compiler\ti-cgt-arm_20.2.1.LTS\lib\</path>
         <kind>archive</kind>
         <file>rtsv7M4_T_le_v4SPD16_eabi.lib</file>
         <name>i_tofd_t2.asm.obj</name>
      </input_file>
      <input_file id="fl-d0">
         <path>C:\ti\ccs1010\ccs\tools\compiler\ti-cgt-arm_20.2.1.LTS\lib\</path>
         <kind>archive</kind>
         <file>rtsv7M4_T_le_v4SPD16_eabi.lib</file>
         <name>memcpy_t2.asm.obj</name>
      </input_file>
      <input_file id="fl-d1">
         <path>C:\ti\ccs1010\ccs\tools\compiler\ti-cgt-arm_20.2.1.LTS\lib\</path>
         <kind>archive</kind>
         <file>rtsv7M4_T_le_v4SPD16_eabi.lib</file>
         <name>copy_zero_init.c.obj</name>
      </input_file>
      <input_file id="fl-d2">
         <path>C:\ti\ccs1010\ccs\tools\compiler\ti-cgt-arm_20.2.1.LTS\lib\</path>
         <kind>archive</kind>
         <file>rtsv7M4_T_le_v4SPD16_eabi.lib</file>
         <name>copy_decompress_none.c.obj</name>
      </input_file>
      <input_file id="fl-d3">
         <path>C:\ti\ccs1010\ccs\tools\compiler\ti-cgt-arm_20.2.1.LTS\lib\</path>
         <kind>archive</kind>
         <file>rtsv7M4_T_le_v4SPD16_eabi.lib</file>
         <name>copy_decompress_lzss.c.obj</name>
      </input_file>
      <input_file id="fl-d4">
         <path>C:\ti\ccs1010\ccs\tools\compiler\ti-cgt-arm_20.2.1.LTS\lib\</path>
         <kind>archive</kind>
         <file>rtsv7M4_T_le_v4SPD16_eabi.lib</file>
         <name>memory.c.obj</name>
      </input_file>
      <input_file id="fl-d5">
         <path>C:\ti\ccs1010\ccs\tools\compiler\ti-cgt-arm_20.2.1.LTS\lib\</path>
         <kind>archive</kind>
         <file>rtsv7M4_T_le_v4SPD16_eabi.lib</file>
         <name>strcmp.c.obj</name>
      </input_file>
      <input_file id="fl-d6">
         <path>C:\ti\ccs1010\ccs\tools\compiler\ti-cgt-arm_20.2.1.LTS\lib\</path>
         <kind>archive</kind>
         <file>rtsv7M4_T_le_v4SPD16_eabi.lib</file>
         <name>strcpy.c.obj</name>
      </input_file>
      <input_file id="fl-d7">
         <path>C:\ti\ccs1010\ccs\tools\compiler\ti-cgt-arm_20.2.1.LTS\lib\</path>
         <kind>archive</kind>
         <file>rtsv7M4_T_le_v4SPD16_eabi.lib</file>
         <name>boot_cortex_m.c.obj</name>
      </input_file>
      <input_file id="fl-d8">
         <path>C:\ti\ccs1010\ccs\tools\compiler\ti-cgt-arm_20.2.1.LTS\lib\</path>
         <kind>archive</kind>
         <file>rtsv7M4_T_le_v4SPD16_eabi.lib</file>
         <name>_printfi.c.obj</name>
      </input_file>
      <input_file id="fl-d9">
         <path>C:\ti\ccs1010\ccs\tools\compiler\ti-cgt-arm_20.2.1.LTS\lib\</path>
         <kind>archive</kind>
         <file>rtsv7M4_T_le_v4SPD16_eabi.lib</file>
         <name>memset_t2.asm.obj</name>
      </input_file>
      <input_file id="fl-da">
         <path>C:\ti\ccs1010\ccs\tools\compiler\ti-cgt-arm_20.2.1.LTS\lib\</path>
         <kind>archive</kind>
         <file>rtsv7M4_T_le_v4SPD16_eabi.lib</file>
         <name>fd_toi_t2.asm.obj</name>
      </input_file>
      <input_file id="fl-db">
         <path>C:\ti\ccs1010\ccs\tools\compiler\ti-cgt-arm_20.2.1.LTS\lib\</path>
         <kind>archive</kind>
         <file>rtsv7M4_T_le_v4SPD16_eabi.lib</file>
         <name>ull_div_t2.asm.obj</name>
      </input_file>
      <input_file id="fl-dc">
         <path>C:\ti\ccs1010\ccs\tools\compiler\ti-cgt-arm_20.2.1.LTS\lib\</path>
         <kind>archive</kind>
         <file>rtsv7M4_T_le_v4SPD16_eabi.lib</file>
         <name>autoinit.c.obj</name>
      </input_file>
      <input_file id="fl-dd">
         <path>C:\ti\ccs1010\ccs\tools\compiler\ti-cgt-arm_20.2.1.LTS\lib\</path>
         <kind>archive</kind>
         <file>rtsv7M4_T_le_v4SPD16_eabi.lib</file>
         <name>pre_init.c.obj</name>
      </input_file>
      <input_file id="fl-de">
         <path>C:\ti\ccs1010\ccs\tools\compiler\ti-cgt-arm_20.2.1.LTS\lib\</path>
         <kind>archive</kind>
         <file>rtsv7M4_T_le_v4SPD16_eabi.lib</file>
         <name>cpy_tbl.c.obj</name>
      </input_file>
      <input_file id="fl-df">
         <path>C:\ti\ccs1010\ccs\tools\compiler\ti-cgt-arm_20.2.1.LTS\lib\</path>
         <kind>archive</kind>
         <file>rtsv7M4_T_le_v4SPD16_eabi.lib</file>
         <name>exit.c.obj</name>
      </input_file>
      <input_file id="fl-e0">
         <path>C:\ti\ccs1010\ccs\tools\compiler\ti-cgt-arm_20.2.1.LTS\lib\</path>
         <kind>archive</kind>
         <file>rtsv7M4_T_le_v4SPD16_eabi.lib</file>
         <name>_lock.c.obj</name>
      </input_file>
      <input_file id="fl-e1">
         <path>C:\ti\ccs1010\ccs\tools\compiler\ti-cgt-arm_20.2.1.LTS\lib\</path>
         <kind>archive</kind>
         <file>rtsv7M4_T_le_v4SPD16_eabi.lib</file>
         <name>_ltoa.c.obj</name>
      </input_file>
      <input_file id="fl-e2">
         <path>C:\ti\ccs1010\ccs\tools\compiler\ti-cgt-arm_20.2.1.LTS\lib\</path>
         <kind>archive</kind>
         <file>rtsv7M4_T_le_v4SPD16_eabi.lib</file>
         <name>args_main.c.obj</name>
      </input_file>
      <input_file id="fl-e3">
         <path>C:\ti\ccs1010\ccs\tools\compiler\ti-cgt-arm_20.2.1.LTS\lib\</path>
         <kind>archive</kind>
         <file>rtsv7M4_T_le_v4SPD16_eabi.lib</file>
         <name>atoi.c.obj</name>
      </input_file>
      <input_file id="fl-e4">
         <path>C:\ti\ccs1010\ccs\tools\compiler\ti-cgt-arm_20.2.1.LTS\lib\</path>
         <kind>archive</kind>
         <file>rtsv7M4_T_le_v4SPD16_eabi.lib</file>
         <name>ctype.c.obj</name>
      </input_file>
      <input_file id="fl-e5">
         <path>C:\ti\ccs1010\ccs\tools\compiler\ti-cgt-arm_20.2.1.LTS\lib\</path>
         <kind>archive</kind>
         <file>rtsv7M4_T_le_v4SPD16_eabi.lib</file>
         <name>memccpy.c.obj</name>
      </input_file>
      <input_file id="fl-e6">
         <path>C:\ti\ccs1010\ccs\tools\compiler\ti-cgt-arm_20.2.1.LTS\lib\</path>
         <kind>archive</kind>
         <file>rtsv7M4_T_le_v4SPD16_eabi.lib</file>
         <name>strchr.c.obj</name>
      </input_file>
      <input_file id="fl-e7">
         <path>C:\ti\ccs1010\ccs\tools\compiler\ti-cgt-arm_20.2.1.LTS\lib\</path>
         <kind>archive</kind>
         <file>rtsv7M4_T_le_v4SPD16_eabi.lib</file>
         <name>strlen.c.obj</name>
      </input_file>
      <input_file id="fl-e8">
         <path>C:\ti\ccs1010\ccs\tools\compiler\ti-cgt-arm_20.2.1.LTS\lib\</path>
         <kind>archive</kind>
         <file>rtsv7M4_T_le_v4SPD16_eabi.lib</file>
         <name>errno.c.obj</name>
      </input_file>
      <input_file id="fl-e9">
         <path>C:\ti\ccs1010\ccs\tools\compiler\ti-cgt-arm_20.2.1.LTS\lib\</path>
         <kind>archive</kind>
         <file>rtsv7M4_T_le_v4SPD16_eabi.lib</file>
         <name>s_frexp.c.obj</name>
      </input_file>
      <input_file id="fl-ea">
         <path>C:\ti\ccs1010\ccs\tools\compiler\ti-cgt-arm_20.2.1.LTS\lib\</path>
         <kind>archive</kind>
         <file>rtsv7M4_T_le_v4SPD16_eabi.lib</file>
         <name>s_scalbn.c.obj</name>
      </input_file>
      <input_file id="fl-eb">
         <path>C:\ti\ccs1010\ccs\tools\compiler\ti-cgt-arm_20.2.1.LTS\lib\</path>
         <kind>archive</kind>
         <file>rtsv7M4_T_le_v4SPD16_eabi.lib</file>
         <name>wcslen.c.obj</name>
      </input_file>
      <input_file id="fl-ec">
         <path>C:\ti\ccs1010\ccs\tools\compiler\ti-cgt-arm_20.2.1.LTS\lib\</path>
         <kind>archive</kind>
         <file>rtsv7M4_T_le_v4SPD16_eabi.lib</file>
         <name>div0.asm.obj</name>
      </input_file>
      <input_file id="fl-ed">
         <path>C:\ti\ccs1010\ccs\tools\compiler\ti-cgt-arm_20.2.1.LTS\lib\</path>
         <kind>archive</kind>
         <file>rtsv7M4_T_le_v4SPD16_eabi.lib</file>
         <name>s_copysign.c.obj</name>
      </input_file>
      <input_file id="fl-ee">
         <path>C:\ti\TivaWare_C_Series-2.1.4.178\driverlib\ccs\Debug\</path>
         <kind>archive</kind>
         <file>driverlib.lib</file>
         <name>interrupt.obj</name>
      </input_file>
      <input_file id="fl-ef">
         <path>C:\ti\TivaWare_C_Series-2.1.4.178\driverlib\ccs\Debug\</path>
         <kind>archive</kind>
         <file>driverlib.lib</file>
         <name>cpu.obj</name>
      </input_file>
   </input_file_list>
   <object_component_list>
      <object_component id="oc-12">
         <name>.intvecs</name>
         <load_address>0x0</load_address>
         <run_address>0x0</run_address>
         <size>0x26c</size>
         <input_file_ref idref="fl-b"/>
      </object_component>
      <object_component id="oc-ee">
         <name>.text</name>
         <load_address>0x26c</load_address>
         <run_address>0x26c</run_address>
         <size>0xc20</size>
         <input_file_ref idref="fl-9"/>
      </object_component>
      <object_component id="oc-1c1">
         <name>.text:__TI_printfi</name>
         <load_address>0xe8c</load_address>
         <run_address>0xe8c</run_address>
         <size>0xa4e</size>
         <input_file_ref idref="fl-d8"/>
      </object_component>
      <object_component id="oc-2b3">
         <name>.text:_nop</name>
         <load_address>0x18da</load_address>
         <run_address>0x18da</run_address>
         <size>0x2</size>
         <input_file_ref idref="fl-e0"/>
      </object_component>
      <object_component id="oc-104">
         <name>.text</name>
         <load_address>0x18dc</load_address>
         <run_address>0x18dc</run_address>
         <size>0x964</size>
         <input_file_ref idref="fl-8"/>
      </object_component>
      <object_component id="oc-e2">
         <name>.text</name>
         <load_address>0x2240</load_address>
         <run_address>0x2240</run_address>
         <size>0x328</size>
         <input_file_ref idref="fl-6"/>
      </object_component>
      <object_component id="oc-286">
         <name>.text:_pconv_a</name>
         <load_address>0x2568</load_address>
         <run_address>0x2568</run_address>
         <size>0x270</size>
         <input_file_ref idref="fl-d8"/>
      </object_component>
      <object_component id="oc-dc">
         <name>.text</name>
         <load_address>0x27d8</load_address>
         <run_address>0x27d8</run_address>
         <size>0x248</size>
         <input_file_ref idref="fl-3"/>
      </object_component>
      <object_component id="oc-274">
         <name>.text:_pconv_g</name>
         <load_address>0x2a20</load_address>
         <run_address>0x2a20</run_address>
         <size>0x1d0</size>
         <input_file_ref idref="fl-d8"/>
      </object_component>
      <object_component id="oc-1ab">
         <name>.text</name>
         <load_address>0x2bf0</load_address>
         <run_address>0x2bf0</run_address>
         <size>0x1b6</size>
         <input_file_ref idref="fl-c9"/>
      </object_component>
      <object_component id="oc-36a">
         <name>.text</name>
         <load_address>0x2da6</load_address>
         <run_address>0x2da6</run_address>
         <size>0x2</size>
         <input_file_ref idref="fl-ec"/>
      </object_component>
      <object_component id="oc-e8">
         <name>.text</name>
         <load_address>0x2da8</load_address>
         <run_address>0x2da8</run_address>
         <size>0x168</size>
         <input_file_ref idref="fl-c"/>
      </object_component>
      <object_component id="oc-a2">
         <name>.text</name>
         <load_address>0x2f10</load_address>
         <run_address>0x2f10</run_address>
         <size>0x142</size>
         <input_file_ref idref="fl-7"/>
      </object_component>
      <object_component id="oc-280">
         <name>.text:_pconv_e</name>
         <load_address>0x3054</load_address>
         <run_address>0x3054</run_address>
         <size>0x13c</size>
         <input_file_ref idref="fl-d8"/>
      </object_component>
      <object_component id="oc-1a1">
         <name>.text</name>
         <load_address>0x3190</load_address>
         <run_address>0x3190</run_address>
         <size>0x136</size>
         <input_file_ref idref="fl-cb"/>
      </object_component>
      <object_component id="oc-310">
         <name>.text:fcvt</name>
         <load_address>0x32c8</load_address>
         <run_address>0x32c8</run_address>
         <size>0x124</size>
         <input_file_ref idref="fl-d8"/>
      </object_component>
      <object_component id="oc-324">
         <name>.text:scalbn</name>
         <load_address>0x33ec</load_address>
         <run_address>0x33ec</run_address>
         <size>0x110</size>
         <input_file_ref idref="fl-ea"/>
      </object_component>
      <object_component id="oc-2de">
         <name>.text:aligned_alloc</name>
         <load_address>0x34fc</load_address>
         <run_address>0x34fc</run_address>
         <size>0x108</size>
         <input_file_ref idref="fl-d4"/>
      </object_component>
      <object_component id="oc-19c">
         <name>.text</name>
         <load_address>0x3604</load_address>
         <run_address>0x3604</run_address>
         <size>0xfc</size>
         <input_file_ref idref="fl-cc"/>
      </object_component>
      <object_component id="oc-186">
         <name>.text:free</name>
         <load_address>0x3700</load_address>
         <run_address>0x3700</run_address>
         <size>0xe4</size>
         <input_file_ref idref="fl-d4"/>
      </object_component>
      <object_component id="oc-26e">
         <name>.text:_ltostr</name>
         <load_address>0x37e4</load_address>
         <run_address>0x37e4</run_address>
         <size>0xb1</size>
         <input_file_ref idref="fl-d8"/>
      </object_component>
      <object_component id="oc-3e">
         <name>.text</name>
         <load_address>0x3896</load_address>
         <run_address>0x3896</run_address>
         <size>0x9c</size>
         <input_file_ref idref="fl-d0"/>
      </object_component>
      <object_component id="oc-2f2">
         <name>.text</name>
         <load_address>0x3932</load_address>
         <run_address>0x3932</run_address>
         <size>0x96</size>
         <input_file_ref idref="fl-db"/>
      </object_component>
      <object_component id="oc-d6">
         <name>.text</name>
         <load_address>0x39c8</load_address>
         <run_address>0x39c8</run_address>
         <size>0x8c</size>
         <input_file_ref idref="fl-5"/>
      </object_component>
      <object_component id="oc-ff">
         <name>.text:__aeabi_cdcmple</name>
         <load_address>0x3a54</load_address>
         <run_address>0x3a54</run_address>
         <size>0x86</size>
         <input_file_ref idref="fl-ca"/>
      </object_component>
      <object_component id="oc-1d6">
         <name>.text:__aeabi_cdrcmple</name>
         <load_address>0x3ada</load_address>
         <run_address>0x3ada</run_address>
         <size>0x86</size>
         <input_file_ref idref="fl-ca"/>
      </object_component>
      <object_component id="oc-96">
         <name>.text</name>
         <load_address>0x3b60</load_address>
         <run_address>0x3b60</run_address>
         <size>0x7a</size>
         <input_file_ref idref="fl-d9"/>
      </object_component>
      <object_component id="oc-35a">
         <name>.text:split</name>
         <load_address>0x3bdc</load_address>
         <run_address>0x3bdc</run_address>
         <size>0x70</size>
         <input_file_ref idref="fl-d4"/>
      </object_component>
      <object_component id="oc-309">
         <name>.text:_mcpy</name>
         <load_address>0x3c4c</load_address>
         <run_address>0x3c4c</run_address>
         <size>0x6e</size>
         <input_file_ref idref="fl-d8"/>
      </object_component>
      <object_component id="oc-1b3">
         <name>.text</name>
         <load_address>0x3cba</load_address>
         <run_address>0x3cba</run_address>
         <size>0x6e</size>
         <input_file_ref idref="fl-cd"/>
      </object_component>
      <object_component id="oc-15">
         <name>.text:decompress:lzss:__TI_decompress_lzss</name>
         <load_address>0x3d28</load_address>
         <run_address>0x3d28</run_address>
         <size>0x68</size>
         <input_file_ref idref="fl-d3"/>
      </object_component>
      <object_component id="oc-31e">
         <name>.text:frexp</name>
         <load_address>0x3d90</load_address>
         <run_address>0x3d90</run_address>
         <size>0x64</size>
         <input_file_ref idref="fl-e9"/>
      </object_component>
      <object_component id="oc-27a">
         <name>.text:_pconv_f</name>
         <load_address>0x3df4</load_address>
         <run_address>0x3df4</run_address>
         <size>0x56</size>
         <input_file_ref idref="fl-d8"/>
      </object_component>
      <object_component id="oc-2fd">
         <name>.text:__TI_ltoa</name>
         <load_address>0x3e4a</load_address>
         <run_address>0x3e4a</run_address>
         <size>0x54</size>
         <input_file_ref idref="fl-e1"/>
      </object_component>
      <object_component id="oc-303">
         <name>.text:_ecpy</name>
         <load_address>0x3e9e</load_address>
         <run_address>0x3e9e</run_address>
         <size>0x52</size>
         <input_file_ref idref="fl-d8"/>
      </object_component>
      <object_component id="oc-268">
         <name>.text:atoi</name>
         <load_address>0x3ef0</load_address>
         <run_address>0x3ef0</run_address>
         <size>0x4c</size>
         <input_file_ref idref="fl-e3"/>
      </object_component>
      <object_component id="oc-2f8">
         <name>.text</name>
         <load_address>0x3f3c</load_address>
         <run_address>0x3f3c</run_address>
         <size>0x48</size>
         <input_file_ref idref="fl-da"/>
      </object_component>
      <object_component id="oc-118">
         <name>.text:__TI_auto_init_nobinit_nopinit:__TI_auto_init_nobinit_nopinit</name>
         <load_address>0x3f84</load_address>
         <run_address>0x3f84</run_address>
         <size>0x44</size>
         <input_file_ref idref="fl-dc"/>
      </object_component>
      <object_component id="oc-f9">
         <name>.text:sprintf</name>
         <load_address>0x3fc8</load_address>
         <run_address>0x3fc8</run_address>
         <size>0x40</size>
         <input_file_ref idref="fl-c7"/>
      </object_component>
      <object_component id="oc-162">
         <name>.text:vsnprintf</name>
         <load_address>0x4008</load_address>
         <run_address>0x4008</run_address>
         <size>0x40</size>
         <input_file_ref idref="fl-c8"/>
      </object_component>
      <object_component id="oc-316">
         <name>.text:_fcpy</name>
         <load_address>0x4048</load_address>
         <run_address>0x4048</run_address>
         <size>0x3e</size>
         <input_file_ref idref="fl-d8"/>
      </object_component>
      <object_component id="oc-180">
         <name>.text:calloc</name>
         <load_address>0x4088</load_address>
         <run_address>0x4088</run_address>
         <size>0x38</size>
         <input_file_ref idref="fl-d4"/>
      </object_component>
      <object_component id="oc-f4">
         <name>.text</name>
         <load_address>0x40c0</load_address>
         <run_address>0x40c0</run_address>
         <size>0x38</size>
         <input_file_ref idref="fl-ce"/>
      </object_component>
      <object_component id="oc-14e">
         <name>.text:IntRegister</name>
         <load_address>0x40f8</load_address>
         <run_address>0x40f8</run_address>
         <size>0x34</size>
         <input_file_ref idref="fl-ee"/>
      </object_component>
      <object_component id="oc-5c">
         <name>.text:_c_int00_noargs:_c_int00_noargs</name>
         <load_address>0x412c</load_address>
         <run_address>0x412c</run_address>
         <size>0x34</size>
         <input_file_ref idref="fl-d7"/>
      </object_component>
      <object_component id="oc-217">
         <name>.text:_outs</name>
         <load_address>0x4160</load_address>
         <run_address>0x4160</run_address>
         <size>0x30</size>
         <input_file_ref idref="fl-c8"/>
      </object_component>
      <object_component id="oc-1a6">
         <name>.text</name>
         <load_address>0x4190</load_address>
         <run_address>0x4190</run_address>
         <size>0x2e</size>
         <input_file_ref idref="fl-cf"/>
      </object_component>
      <object_component id="oc-249">
         <name>.text:free_list_insert</name>
         <load_address>0x41c0</load_address>
         <run_address>0x41c0</run_address>
         <size>0x28</size>
         <input_file_ref idref="fl-d4"/>
      </object_component>
      <object_component id="oc-4a">
         <name>.text:decompress:ZI:__TI_zero_init_nomemset:__TI_zero_init_nomemset</name>
         <load_address>0x41e8</load_address>
         <run_address>0x41e8</run_address>
         <size>0x1c</size>
         <input_file_ref idref="fl-d1"/>
      </object_component>
      <object_component id="oc-243">
         <name>.text:free_list_remove</name>
         <load_address>0x4204</load_address>
         <run_address>0x4204</run_address>
         <size>0x1c</size>
         <input_file_ref idref="fl-d4"/>
      </object_component>
      <object_component id="oc-28c">
         <name>.text:memccpy</name>
         <load_address>0x4220</load_address>
         <run_address>0x4220</run_address>
         <size>0x1c</size>
         <input_file_ref idref="fl-e5"/>
      </object_component>
      <object_component id="oc-37e">
         <name>.text:copysign</name>
         <load_address>0x423c</load_address>
         <run_address>0x423c</run_address>
         <size>0x1a</size>
         <input_file_ref idref="fl-ed"/>
      </object_component>
      <object_component id="oc-21d">
         <name>.text:_outc</name>
         <load_address>0x4256</load_address>
         <run_address>0x4256</run_address>
         <size>0x18</size>
         <input_file_ref idref="fl-c8"/>
      </object_component>
      <object_component id="oc-1c7">
         <name>.text:_outs</name>
         <load_address>0x426e</load_address>
         <run_address>0x426e</run_address>
         <size>0x18</size>
         <input_file_ref idref="fl-c7"/>
      </object_component>
      <object_component id="oc-18c">
         <name>.text:oi_parseInt</name>
         <load_address>0x4286</load_address>
         <run_address>0x4286</run_address>
         <size>0x18</size>
         <input_file_ref idref="fl-9"/>
      </object_component>
      <object_component id="oc-168">
         <name>.text:strcmp</name>
         <load_address>0x429e</load_address>
         <run_address>0x429e</run_address>
         <size>0x18</size>
         <input_file_ref idref="fl-d5"/>
      </object_component>
      <object_component id="oc-32a">
         <name>.text:strchr</name>
         <load_address>0x42b6</load_address>
         <run_address>0x42b6</run_address>
         <size>0x16</size>
         <input_file_ref idref="fl-e6"/>
      </object_component>
      <object_component id="oc-16e">
         <name>.text:strcpy</name>
         <load_address>0x42cc</load_address>
         <run_address>0x42cc</run_address>
         <size>0x14</size>
         <input_file_ref idref="fl-d6"/>
      </object_component>
      <object_component id="oc-262">
         <name>.text:strlen</name>
         <load_address>0x42e0</load_address>
         <run_address>0x42e0</run_address>
         <size>0x14</size>
         <input_file_ref idref="fl-e7"/>
      </object_component>
      <object_component id="oc-292">
         <name>.text:wcslen</name>
         <load_address>0x42f4</load_address>
         <run_address>0x42f4</run_address>
         <size>0x12</size>
         <input_file_ref idref="fl-eb"/>
      </object_component>
      <object_component id="oc-193">
         <name>.text:IntMasterEnable</name>
         <load_address>0x4306</load_address>
         <run_address>0x4306</run_address>
         <size>0x10</size>
         <input_file_ref idref="fl-ee"/>
      </object_component>
      <object_component id="oc-15b">
         <name>.text:lcd_clear</name>
         <load_address>0x4316</load_address>
         <run_address>0x4316</run_address>
         <size>0x10</size>
         <input_file_ref idref="fl-6"/>
      </object_component>
      <object_component id="oc-1b">
         <name>.text:decompress:none:__TI_decompress_none</name>
         <load_address>0x4326</load_address>
         <run_address>0x4326</run_address>
         <size>0xe</size>
         <input_file_ref idref="fl-d2"/>
      </object_component>
      <object_component id="oc-250">
         <name>.text:CPUcpsie</name>
         <load_address>0x4334</load_address>
         <run_address>0x4334</run_address>
         <size>0xc</size>
         <input_file_ref idref="fl-ef"/>
      </object_component>
      <object_component id="oc-2a">
         <name>.text</name>
         <load_address>0x4340</load_address>
         <run_address>0x4340</run_address>
         <size>0xc</size>
         <input_file_ref idref="fl-b"/>
      </object_component>
      <object_component id="oc-1cd">
         <name>.text:_outc</name>
         <load_address>0x434c</load_address>
         <run_address>0x434c</run_address>
         <size>0xa</size>
         <input_file_ref idref="fl-c7"/>
      </object_component>
      <object_component id="oc-298">
         <name>.text:__aeabi_errno_addr</name>
         <load_address>0x4358</load_address>
         <run_address>0x4358</run_address>
         <size>0x8</size>
         <input_file_ref idref="fl-e8"/>
      </object_component>
      <object_component id="oc-23c">
         <name>.text:malloc</name>
         <load_address>0x4360</load_address>
         <run_address>0x4360</run_address>
         <size>0x8</size>
         <input_file_ref idref="fl-d4"/>
      </object_component>
      <object_component id="oc-9c">
         <name>.text:_system_pre_init</name>
         <load_address>0x4368</load_address>
         <run_address>0x4368</run_address>
         <size>0x4</size>
         <input_file_ref idref="fl-dd"/>
      </object_component>
      <object_component id="oc-10c">
         <name>.text:abort:abort</name>
         <load_address>0x436c</load_address>
         <run_address>0x436c</run_address>
         <size>0x4</size>
         <input_file_ref idref="fl-df"/>
      </object_component>
      <object_component id="oc-2ed">
         <name>.const:.string:_ctypes_</name>
         <load_address>0x4370</load_address>
         <run_address>0x4370</run_address>
         <size>0x101</size>
         <input_file_ref idref="fl-e4"/>
      </object_component>
      <object_component id="oc-1b0">
         <name>.const:.string:$P$T0$3</name>
         <load_address>0x4471</load_address>
         <run_address>0x4471</run_address>
         <size>0xf</size>
         <input_file_ref idref="fl-9"/>
      </object_component>
      <object_component id="oc-174">
         <name>.const:.string:lineAddress$1</name>
         <load_address>0x4480</load_address>
         <run_address>0x4480</run_address>
         <size>0x4</size>
         <input_file_ref idref="fl-6"/>
      </object_component>
      <object_component id="oc-175">
         <name>.const:.string:lineAddresses$2</name>
         <load_address>0x4484</load_address>
         <run_address>0x4484</run_address>
         <size>0x4</size>
         <input_file_ref idref="fl-6"/>
      </object_component>
      <object_component id="oc-3d8">
         <name>.cinit..data.load</name>
         <load_address>0x4488</load_address>
         <run_address>0x4488</run_address>
         <size>0x18</size>
      </object_component>
      <object_component id="oc-3d5">
         <name>__TI_handler_table</name>
         <load_address>0x44a0</load_address>
         <run_address>0x44a0</run_address>
         <size>0xc</size>
      </object_component>
      <object_component id="oc-3d9">
         <name>.cinit..bss.load</name>
         <load_address>0x44b0</load_address>
         <run_address>0x44b0</run_address>
         <size>0x8</size>
      </object_component>
      <object_component id="oc-3d7">
         <name>.cinit..vtable.load</name>
         <load_address>0x44b8</load_address>
         <run_address>0x44b8</run_address>
         <size>0x8</size>
      </object_component>
      <object_component id="oc-3d6">
         <name>__TI_cinit_table</name>
         <load_address>0x44c0</load_address>
         <run_address>0x44c0</run_address>
         <size>0x18</size>
      </object_component>
      <object_component id="oc-209">
         <name>.vtable</name>
         <uninitialized>true</uninitialized>
         <run_address>0x20000000</run_address>
         <size>0x26c</size>
         <input_file_ref idref="fl-ee"/>
      </object_component>
      <object_component id="oc-154">
         <name>.data</name>
         <load_address>0x20002314</load_address>
         <run_address>0x20002314</run_address>
         <size>0x1</size>
         <input_file_ref idref="fl-3"/>
      </object_component>
      <object_component id="oc-14c">
         <name>.data</name>
         <load_address>0x20002315</load_address>
         <run_address>0x20002315</run_address>
         <size>0x1</size>
         <input_file_ref idref="fl-5"/>
      </object_component>
      <object_component id="oc-199">
         <name>.data</name>
         <load_address>0x200022e0</load_address>
         <run_address>0x200022e0</run_address>
         <size>0x20</size>
         <input_file_ref idref="fl-9"/>
      </object_component>
      <object_component id="oc-2e5">
         <name>.data:$O1$$</name>
         <load_address>0x20002308</load_address>
         <run_address>0x20002308</run_address>
         <size>0x8</size>
         <input_file_ref idref="fl-d4"/>
      </object_component>
      <object_component id="oc-1ed">
         <name>.data:$O1$$</name>
         <load_address>0x20002300</load_address>
         <run_address>0x20002300</run_address>
         <size>0x8</size>
         <input_file_ref idref="fl-e0"/>
      </object_component>
      <object_component id="oc-33a">
         <name>.data</name>
         <load_address>0x20002310</load_address>
         <run_address>0x20002310</run_address>
         <size>0x4</size>
         <input_file_ref idref="fl-e8"/>
      </object_component>
      <object_component id="oc-176">
         <name>.bss:lastbuffer$3</name>
         <uninitialized>true</uninitialized>
         <run_address>0x20002270</run_address>
         <size>0x54</size>
         <input_file_ref idref="fl-6"/>
      </object_component>
      <object_component id="oc-1b8">
         <name>.bss:firmware$2</name>
         <uninitialized>true</uninitialized>
         <run_address>0x200022c4</run_address>
         <size>0x18</size>
         <input_file_ref idref="fl-9"/>
      </object_component>
      <object_component id="oc-157">
         <name>.common:_timeout_ticks</name>
         <uninitialized>true</uninitialized>
         <run_address>0x200022dc</run_address>
         <size>0x4</size>
      </object_component>
      <object_component id="oc-24">
         <name>.sysmem</name>
         <uninitialized>true</uninitialized>
         <run_address>0x20001270</run_address>
         <size>0x10</size>
         <input_file_ref idref="fl-d4"/>
      </object_component>
      <object_component id="oc-3dc">
         <name>.sysmem</name>
         <uninitialized>true</uninitialized>
         <run_address>0x20001270</run_address>
         <size>0x0</size>
      </object_component>
      <object_component id="oc-27">
         <name>.stack</name>
         <uninitialized>true</uninitialized>
         <run_address>0x20000270</run_address>
         <size>0x4</size>
         <input_file_ref idref="fl-d7"/>
      </object_component>
      <object_component id="oc-3db">
         <name>.stack</name>
         <uninitialized>true</uninitialized>
         <run_address>0x20000270</run_address>
         <size>0x0</size>
      </object_component>
      <object_component id="oc-c5">
         <name>.debug_info</name>
         <load_address>0x0</load_address>
         <run_address>0x0</run_address>
         <size>0x253</size>
         <input_file_ref idref="fl-2"/>
      </object_component>
      <object_component id="oc-77">
         <name>.debug_info</name>
         <load_address>0x253</load_address>
         <run_address>0x253</run_address>
         <size>0x26b</size>
         <input_file_ref idref="fl-2"/>
      </object_component>
      <object_component id="oc-39">
         <name>.debug_info</name>
         <load_address>0x4be</load_address>
         <run_address>0x4be</run_address>
         <size>0x84</size>
         <input_file_ref idref="fl-2"/>
      </object_component>
      <object_component id="oc-c0">
         <name>.debug_info</name>
         <load_address>0x542</load_address>
         <run_address>0x542</run_address>
         <size>0x2a4</size>
         <input_file_ref idref="fl-2"/>
      </object_component>
      <object_component id="oc-7c">
         <name>.debug_info</name>
         <load_address>0x7e6</load_address>
         <run_address>0x7e6</run_address>
         <size>0xbb</size>
         <input_file_ref idref="fl-2"/>
      </object_component>
      <object_component id="oc-235">
         <name>.debug_info</name>
         <load_address>0x8a1</load_address>
         <run_address>0x8a1</run_address>
         <size>0xcc</size>
         <input_file_ref idref="fl-2"/>
      </object_component>
      <object_component id="oc-179">
         <name>.debug_info</name>
         <load_address>0x96d</load_address>
         <run_address>0x96d</run_address>
         <size>0x2c</size>
         <input_file_ref idref="fl-2"/>
      </object_component>
      <object_component id="oc-158">
         <name>.debug_info</name>
         <load_address>0x999</load_address>
         <run_address>0x999</run_address>
         <size>0x2b4</size>
         <input_file_ref idref="fl-3"/>
      </object_component>
      <object_component id="oc-155">
         <name>.debug_info</name>
         <load_address>0xc4d</load_address>
         <run_address>0xc4d</run_address>
         <size>0xc2</size>
         <input_file_ref idref="fl-3"/>
      </object_component>
      <object_component id="oc-de">
         <name>.debug_info</name>
         <load_address>0xd0f</load_address>
         <run_address>0xd0f</run_address>
         <size>0x50a</size>
         <input_file_ref idref="fl-3"/>
      </object_component>
      <object_component id="oc-d7">
         <name>.debug_info</name>
         <load_address>0x1219</load_address>
         <run_address>0x1219</run_address>
         <size>0x18b</size>
         <input_file_ref idref="fl-5"/>
      </object_component>
      <object_component id="oc-178">
         <name>.debug_info</name>
         <load_address>0x13a4</load_address>
         <run_address>0x13a4</run_address>
         <size>0x37c</size>
         <input_file_ref idref="fl-6"/>
      </object_component>
      <object_component id="oc-15d">
         <name>.debug_info</name>
         <load_address>0x1720</load_address>
         <run_address>0x1720</run_address>
         <size>0x117</size>
         <input_file_ref idref="fl-6"/>
      </object_component>
      <object_component id="oc-e4">
         <name>.debug_info</name>
         <load_address>0x1837</load_address>
         <run_address>0x1837</run_address>
         <size>0x8a3</size>
         <input_file_ref idref="fl-6"/>
      </object_component>
      <object_component id="oc-10b">
         <name>.debug_info</name>
         <load_address>0x20da</load_address>
         <run_address>0x20da</run_address>
         <size>0x420</size>
         <input_file_ref idref="fl-7"/>
      </object_component>
      <object_component id="oc-a3">
         <name>.debug_info</name>
         <load_address>0x24fa</load_address>
         <run_address>0x24fa</run_address>
         <size>0x302</size>
         <input_file_ref idref="fl-7"/>
      </object_component>
      <object_component id="oc-1df">
         <name>.debug_info</name>
         <load_address>0x27fc</load_address>
         <run_address>0x27fc</run_address>
         <size>0x5aa</size>
         <input_file_ref idref="fl-7"/>
      </object_component>
      <object_component id="oc-1e4">
         <name>.debug_info</name>
         <load_address>0x2da6</load_address>
         <run_address>0x2da6</run_address>
         <size>0x72</size>
         <input_file_ref idref="fl-7"/>
      </object_component>
      <object_component id="oc-1dc">
         <name>.debug_info</name>
         <load_address>0x2e18</load_address>
         <run_address>0x2e18</run_address>
         <size>0x32e</size>
         <input_file_ref idref="fl-8"/>
      </object_component>
      <object_component id="oc-107">
         <name>.debug_info</name>
         <load_address>0x3146</load_address>
         <run_address>0x3146</run_address>
         <size>0x1124</size>
         <input_file_ref idref="fl-8"/>
      </object_component>
      <object_component id="oc-1ba">
         <name>.debug_info</name>
         <load_address>0x426a</load_address>
         <run_address>0x426a</run_address>
         <size>0x3f9</size>
         <input_file_ref idref="fl-9"/>
      </object_component>
      <object_component id="oc-19a">
         <name>.debug_info</name>
         <load_address>0x4663</load_address>
         <run_address>0x4663</run_address>
         <size>0x114</size>
         <input_file_ref idref="fl-9"/>
      </object_component>
      <object_component id="oc-1b1">
         <name>.debug_info</name>
         <load_address>0x4777</load_address>
         <run_address>0x4777</run_address>
         <size>0xc9</size>
         <input_file_ref idref="fl-9"/>
      </object_component>
      <object_component id="oc-18e">
         <name>.debug_info</name>
         <load_address>0x4840</load_address>
         <run_address>0x4840</run_address>
         <size>0x141</size>
         <input_file_ref idref="fl-9"/>
      </object_component>
      <object_component id="oc-f0">
         <name>.debug_info</name>
         <load_address>0x4981</load_address>
         <run_address>0x4981</run_address>
         <size>0x198b</size>
         <input_file_ref idref="fl-9"/>
      </object_component>
      <object_component id="oc-1bb">
         <name>.debug_info</name>
         <load_address>0x630c</load_address>
         <run_address>0x630c</run_address>
         <size>0x8b</size>
         <input_file_ref idref="fl-9"/>
      </object_component>
      <object_component id="oc-32">
         <name>.debug_info</name>
         <load_address>0x6397</load_address>
         <run_address>0x6397</run_address>
         <size>0x29e</size>
         <input_file_ref idref="fl-b"/>
      </object_component>
      <object_component id="oc-13">
         <name>.debug_info</name>
         <load_address>0x6635</load_address>
         <run_address>0x6635</run_address>
         <size>0xdd</size>
         <input_file_ref idref="fl-b"/>
      </object_component>
      <object_component id="oc-2e">
         <name>.debug_info</name>
         <load_address>0x6712</load_address>
         <run_address>0x6712</run_address>
         <size>0x259</size>
         <input_file_ref idref="fl-b"/>
      </object_component>
      <object_component id="oc-17f">
         <name>.debug_info</name>
         <load_address>0x696b</load_address>
         <run_address>0x696b</run_address>
         <size>0x257</size>
         <input_file_ref idref="fl-c"/>
      </object_component>
      <object_component id="oc-ec">
         <name>.debug_info</name>
         <load_address>0x6bc2</load_address>
         <run_address>0x6bc2</run_address>
         <size>0x2dd</size>
         <input_file_ref idref="fl-c"/>
      </object_component>
      <object_component id="oc-1d4">
         <name>.debug_info</name>
         <load_address>0x6e9f</load_address>
         <run_address>0x6e9f</run_address>
         <size>0x333</size>
         <input_file_ref idref="fl-c7"/>
      </object_component>
      <object_component id="oc-fc">
         <name>.debug_info</name>
         <load_address>0x71d2</load_address>
         <run_address>0x71d2</run_address>
         <size>0x1d1</size>
         <input_file_ref idref="fl-c7"/>
      </object_component>
      <object_component id="oc-1c9">
         <name>.debug_info</name>
         <load_address>0x73a3</load_address>
         <run_address>0x73a3</run_address>
         <size>0x18d</size>
         <input_file_ref idref="fl-c7"/>
      </object_component>
      <object_component id="oc-1ce">
         <name>.debug_info</name>
         <load_address>0x7530</load_address>
         <run_address>0x7530</run_address>
         <size>0x16d</size>
         <input_file_ref idref="fl-c7"/>
      </object_component>
      <object_component id="oc-225">
         <name>.debug_info</name>
         <load_address>0x769d</load_address>
         <run_address>0x769d</run_address>
         <size>0x2c</size>
         <input_file_ref idref="fl-c7"/>
      </object_component>
      <object_component id="oc-224">
         <name>.debug_info</name>
         <load_address>0x76c9</load_address>
         <run_address>0x76c9</run_address>
         <size>0x340</size>
         <input_file_ref idref="fl-c8"/>
      </object_component>
      <object_component id="oc-166">
         <name>.debug_info</name>
         <load_address>0x7a09</load_address>
         <run_address>0x7a09</run_address>
         <size>0x208</size>
         <input_file_ref idref="fl-c8"/>
      </object_component>
      <object_component id="oc-21b">
         <name>.debug_info</name>
         <load_address>0x7c11</load_address>
         <run_address>0x7c11</run_address>
         <size>0x1c6</size>
         <input_file_ref idref="fl-c8"/>
      </object_component>
      <object_component id="oc-221">
         <name>.debug_info</name>
         <load_address>0x7dd7</load_address>
         <run_address>0x7dd7</run_address>
         <size>0x179</size>
         <input_file_ref idref="fl-c8"/>
      </object_component>
      <object_component id="oc-22a">
         <name>.debug_info</name>
         <load_address>0x7f50</load_address>
         <run_address>0x7f50</run_address>
         <size>0x69</size>
         <input_file_ref idref="fl-c8"/>
      </object_component>
      <object_component id="oc-1ad">
         <name>.debug_info</name>
         <load_address>0x7fb9</load_address>
         <run_address>0x7fb9</run_address>
         <size>0x14c</size>
         <input_file_ref idref="fl-c9"/>
      </object_component>
      <object_component id="oc-100">
         <name>.debug_info</name>
         <load_address>0x8105</load_address>
         <run_address>0x8105</run_address>
         <size>0x128</size>
         <input_file_ref idref="fl-ca"/>
      </object_component>
      <object_component id="oc-1d7">
         <name>.debug_info</name>
         <load_address>0x822d</load_address>
         <run_address>0x822d</run_address>
         <size>0x12a</size>
         <input_file_ref idref="fl-ca"/>
      </object_component>
      <object_component id="oc-1a4">
         <name>.debug_info</name>
         <load_address>0x8357</load_address>
         <run_address>0x8357</run_address>
         <size>0x13a</size>
         <input_file_ref idref="fl-cb"/>
      </object_component>
      <object_component id="oc-19d">
         <name>.debug_info</name>
         <load_address>0x8491</load_address>
         <run_address>0x8491</run_address>
         <size>0x13a</size>
         <input_file_ref idref="fl-cc"/>
      </object_component>
      <object_component id="oc-1b6">
         <name>.debug_info</name>
         <load_address>0x85cb</load_address>
         <run_address>0x85cb</run_address>
         <size>0x13e</size>
         <input_file_ref idref="fl-cd"/>
      </object_component>
      <object_component id="oc-f6">
         <name>.debug_info</name>
         <load_address>0x8709</load_address>
         <run_address>0x8709</run_address>
         <size>0x12c</size>
         <input_file_ref idref="fl-ce"/>
      </object_component>
      <object_component id="oc-1a8">
         <name>.debug_info</name>
         <load_address>0x8835</load_address>
         <run_address>0x8835</run_address>
         <size>0x12c</size>
         <input_file_ref idref="fl-cf"/>
      </object_component>
      <object_component id="oc-41">
         <name>.debug_info</name>
         <load_address>0x8961</load_address>
         <run_address>0x8961</run_address>
         <size>0x119</size>
         <input_file_ref idref="fl-d0"/>
      </object_component>
      <object_component id="oc-95">
         <name>.debug_info</name>
         <load_address>0x8a7a</load_address>
         <run_address>0x8a7a</run_address>
         <size>0x2d4</size>
         <input_file_ref idref="fl-d1"/>
      </object_component>
      <object_component id="oc-4c">
         <name>.debug_info</name>
         <load_address>0x8d4e</load_address>
         <run_address>0x8d4e</run_address>
         <size>0x1d2</size>
         <input_file_ref idref="fl-d1"/>
      </object_component>
      <object_component id="oc-90">
         <name>.debug_info</name>
         <load_address>0x8f20</load_address>
         <run_address>0x8f20</run_address>
         <size>0x46</size>
         <input_file_ref idref="fl-d1"/>
      </object_component>
      <object_component id="oc-cd">
         <name>.debug_info</name>
         <load_address>0x8f66</load_address>
         <run_address>0x8f66</run_address>
         <size>0x2c</size>
         <input_file_ref idref="fl-d1"/>
      </object_component>
      <object_component id="oc-49">
         <name>.debug_info</name>
         <load_address>0x8f92</load_address>
         <run_address>0x8f92</run_address>
         <size>0x2a8</size>
         <input_file_ref idref="fl-d2"/>
      </object_component>
      <object_component id="oc-1c">
         <name>.debug_info</name>
         <load_address>0x923a</load_address>
         <run_address>0x923a</run_address>
         <size>0x1ea</size>
         <input_file_ref idref="fl-d2"/>
      </object_component>
      <object_component id="oc-44">
         <name>.debug_info</name>
         <load_address>0x9424</load_address>
         <run_address>0x9424</run_address>
         <size>0x46</size>
         <input_file_ref idref="fl-d2"/>
      </object_component>
      <object_component id="oc-88">
         <name>.debug_info</name>
         <load_address>0x946a</load_address>
         <run_address>0x946a</run_address>
         <size>0x2c</size>
         <input_file_ref idref="fl-d2"/>
      </object_component>
      <object_component id="oc-86">
         <name>.debug_info</name>
         <load_address>0x9496</load_address>
         <run_address>0x9496</run_address>
         <size>0x29e</size>
         <input_file_ref idref="fl-d3"/>
      </object_component>
      <object_component id="oc-17">
         <name>.debug_info</name>
         <load_address>0x9734</load_address>
         <run_address>0x9734</run_address>
         <size>0x250</size>
         <input_file_ref idref="fl-d3"/>
      </object_component>
      <object_component id="oc-34">
         <name>.debug_info</name>
         <load_address>0x9984</load_address>
         <run_address>0x9984</run_address>
         <size>0x60</size>
         <input_file_ref idref="fl-d3"/>
      </object_component>
      <object_component id="oc-c6">
         <name>.debug_info</name>
         <load_address>0x99e4</load_address>
         <run_address>0x99e4</run_address>
         <size>0x46</size>
         <input_file_ref idref="fl-d3"/>
      </object_component>
      <object_component id="oc-81">
         <name>.debug_info</name>
         <load_address>0x9a2a</load_address>
         <run_address>0x9a2a</run_address>
         <size>0x39</size>
         <input_file_ref idref="fl-d3"/>
      </object_component>
      <object_component id="oc-70">
         <name>.debug_info</name>
         <load_address>0x9a63</load_address>
         <run_address>0x9a63</run_address>
         <size>0x3b2</size>
         <input_file_ref idref="fl-d4"/>
      </object_component>
      <object_component id="oc-25">
         <name>.debug_info</name>
         <load_address>0x9e15</load_address>
         <run_address>0x9e15</run_address>
         <size>0x10c</size>
         <input_file_ref idref="fl-d4"/>
      </object_component>
      <object_component id="oc-2e6">
         <name>.debug_info</name>
         <load_address>0x9f21</load_address>
         <run_address>0x9f21</run_address>
         <size>0x13f</size>
         <input_file_ref idref="fl-d4"/>
      </object_component>
      <object_component id="oc-23d">
         <name>.debug_info</name>
         <load_address>0xa060</load_address>
         <run_address>0xa060</run_address>
         <size>0x168</size>
         <input_file_ref idref="fl-d4"/>
      </object_component>
      <object_component id="oc-245">
         <name>.debug_info</name>
         <load_address>0xa1c8</load_address>
         <run_address>0xa1c8</run_address>
         <size>0x18e</size>
         <input_file_ref idref="fl-d4"/>
      </object_component>
      <object_component id="oc-24c">
         <name>.debug_info</name>
         <load_address>0xa356</load_address>
         <run_address>0xa356</run_address>
         <size>0x19f</size>
         <input_file_ref idref="fl-d4"/>
      </object_component>
      <object_component id="oc-188">
         <name>.debug_info</name>
         <load_address>0xa4f5</load_address>
         <run_address>0xa4f5</run_address>
         <size>0x203</size>
         <input_file_ref idref="fl-d4"/>
      </object_component>
      <object_component id="oc-35c">
         <name>.debug_info</name>
         <load_address>0xa6f8</load_address>
         <run_address>0xa6f8</run_address>
         <size>0x1db</size>
         <input_file_ref idref="fl-d4"/>
      </object_component>
      <object_component id="oc-182">
         <name>.debug_info</name>
         <load_address>0xa8d3</load_address>
         <run_address>0xa8d3</run_address>
         <size>0x1a5</size>
         <input_file_ref idref="fl-d4"/>
      </object_component>
      <object_component id="oc-2df">
         <name>.debug_info</name>
         <load_address>0xaa78</load_address>
         <run_address>0xaa78</run_address>
         <size>0x299</size>
         <input_file_ref idref="fl-d4"/>
      </object_component>
      <object_component id="oc-bb">
         <name>.debug_info</name>
         <load_address>0xad11</load_address>
         <run_address>0xad11</run_address>
         <size>0xb2</size>
         <input_file_ref idref="fl-d4"/>
      </object_component>
      <object_component id="oc-b6">
         <name>.debug_info</name>
         <load_address>0xadc3</load_address>
         <run_address>0xadc3</run_address>
         <size>0x2c</size>
         <input_file_ref idref="fl-d4"/>
      </object_component>
      <object_component id="oc-230">
         <name>.debug_info</name>
         <load_address>0xadef</load_address>
         <run_address>0xadef</run_address>
         <size>0x28a</size>
         <input_file_ref idref="fl-d5"/>
      </object_component>
      <object_component id="oc-16a">
         <name>.debug_info</name>
         <load_address>0xb079</load_address>
         <run_address>0xb079</run_address>
         <size>0x273</size>
         <input_file_ref idref="fl-d5"/>
      </object_component>
      <object_component id="oc-232">
         <name>.debug_info</name>
         <load_address>0xb2ec</load_address>
         <run_address>0xb2ec</run_address>
         <size>0x2a4</size>
         <input_file_ref idref="fl-d6"/>
      </object_component>
      <object_component id="oc-171">
         <name>.debug_info</name>
         <load_address>0xb590</load_address>
         <run_address>0xb590</run_address>
         <size>0x24d</size>
         <input_file_ref idref="fl-d6"/>
      </object_component>
      <object_component id="oc-28">
         <name>.debug_info</name>
         <load_address>0xb7dd</load_address>
         <run_address>0xb7dd</run_address>
         <size>0x10b</size>
         <input_file_ref idref="fl-d7"/>
      </object_component>
      <object_component id="oc-5d">
         <name>.debug_info</name>
         <load_address>0xb8e8</load_address>
         <run_address>0xb8e8</run_address>
         <size>0x1a9</size>
         <input_file_ref idref="fl-d7"/>
      </object_component>
      <object_component id="oc-29f">
         <name>.debug_info</name>
         <load_address>0xba91</load_address>
         <run_address>0xba91</run_address>
         <size>0x590</size>
         <input_file_ref idref="fl-d8"/>
      </object_component>
      <object_component id="oc-270">
         <name>.debug_info</name>
         <load_address>0xc021</load_address>
         <run_address>0xc021</run_address>
         <size>0x21e</size>
         <input_file_ref idref="fl-d8"/>
      </object_component>
      <object_component id="oc-305">
         <name>.debug_info</name>
         <load_address>0xc23f</load_address>
         <run_address>0xc23f</run_address>
         <size>0x1b3</size>
         <input_file_ref idref="fl-d8"/>
      </object_component>
      <object_component id="oc-30b">
         <name>.debug_info</name>
         <load_address>0xc3f2</load_address>
         <run_address>0xc3f2</run_address>
         <size>0x21b</size>
         <input_file_ref idref="fl-d8"/>
      </object_component>
      <object_component id="oc-276">
         <name>.debug_info</name>
         <load_address>0xc60d</load_address>
         <run_address>0xc60d</run_address>
         <size>0x3c0</size>
         <input_file_ref idref="fl-d8"/>
      </object_component>
      <object_component id="oc-312">
         <name>.debug_info</name>
         <load_address>0xc9cd</load_address>
         <run_address>0xc9cd</run_address>
         <size>0x30a</size>
         <input_file_ref idref="fl-d8"/>
      </object_component>
      <object_component id="oc-318">
         <name>.debug_info</name>
         <load_address>0xccd7</load_address>
         <run_address>0xccd7</run_address>
         <size>0x215</size>
         <input_file_ref idref="fl-d8"/>
      </object_component>
      <object_component id="oc-27c">
         <name>.debug_info</name>
         <load_address>0xceec</load_address>
         <run_address>0xceec</run_address>
         <size>0x215</size>
         <input_file_ref idref="fl-d8"/>
      </object_component>
      <object_component id="oc-282">
         <name>.debug_info</name>
         <load_address>0xd101</load_address>
         <run_address>0xd101</run_address>
         <size>0x304</size>
         <input_file_ref idref="fl-d8"/>
      </object_component>
      <object_component id="oc-288">
         <name>.debug_info</name>
         <load_address>0xd405</load_address>
         <run_address>0xd405</run_address>
         <size>0x4b5</size>
         <input_file_ref idref="fl-d8"/>
      </object_component>
      <object_component id="oc-1c3">
         <name>.debug_info</name>
         <load_address>0xd8ba</load_address>
         <run_address>0xd8ba</run_address>
         <size>0x5f4</size>
         <input_file_ref idref="fl-d8"/>
      </object_component>
      <object_component id="oc-2a0">
         <name>.debug_info</name>
         <load_address>0xdeae</load_address>
         <run_address>0xdeae</run_address>
         <size>0x86</size>
         <input_file_ref idref="fl-d8"/>
      </object_component>
      <object_component id="oc-341">
         <name>.debug_info</name>
         <load_address>0xdf34</load_address>
         <run_address>0xdf34</run_address>
         <size>0x39</size>
         <input_file_ref idref="fl-d8"/>
      </object_component>
      <object_component id="oc-395">
         <name>.debug_info</name>
         <load_address>0xdf6d</load_address>
         <run_address>0xdf6d</run_address>
         <size>0xb6</size>
         <input_file_ref idref="fl-d8"/>
      </object_component>
      <object_component id="oc-346">
         <name>.debug_info</name>
         <load_address>0xe023</load_address>
         <run_address>0xe023</run_address>
         <size>0x46</size>
         <input_file_ref idref="fl-d8"/>
      </object_component>
      <object_component id="oc-2a5">
         <name>.debug_info</name>
         <load_address>0xe069</load_address>
         <run_address>0xe069</run_address>
         <size>0x46</size>
         <input_file_ref idref="fl-d8"/>
      </object_component>
      <object_component id="oc-99">
         <name>.debug_info</name>
         <load_address>0xe0af</load_address>
         <run_address>0xe0af</run_address>
         <size>0x147</size>
         <input_file_ref idref="fl-d9"/>
      </object_component>
      <object_component id="oc-2fb">
         <name>.debug_info</name>
         <load_address>0xe1f6</load_address>
         <run_address>0xe1f6</run_address>
         <size>0x12e</size>
         <input_file_ref idref="fl-da"/>
      </object_component>
      <object_component id="oc-2f5">
         <name>.debug_info</name>
         <load_address>0xe324</load_address>
         <run_address>0xe324</run_address>
         <size>0x134</size>
         <input_file_ref idref="fl-db"/>
      </object_component>
      <object_component id="oc-1f4">
         <name>.debug_info</name>
         <load_address>0xe458</load_address>
         <run_address>0xe458</run_address>
         <size>0x4b3</size>
         <input_file_ref idref="fl-dc"/>
      </object_component>
      <object_component id="oc-11b">
         <name>.debug_info</name>
         <load_address>0xe90b</load_address>
         <run_address>0xe90b</run_address>
         <size>0x1a6</size>
         <input_file_ref idref="fl-dc"/>
      </object_component>
      <object_component id="oc-2c1">
         <name>.debug_info</name>
         <load_address>0xeab1</load_address>
         <run_address>0xeab1</run_address>
         <size>0x39</size>
         <input_file_ref idref="fl-dc"/>
      </object_component>
      <object_component id="oc-34e">
         <name>.debug_info</name>
         <load_address>0xeaea</load_address>
         <run_address>0xeaea</run_address>
         <size>0x39</size>
         <input_file_ref idref="fl-dc"/>
      </object_component>
      <object_component id="oc-2c6">
         <name>.debug_info</name>
         <load_address>0xeb23</load_address>
         <run_address>0xeb23</run_address>
         <size>0x39</size>
         <input_file_ref idref="fl-dc"/>
      </object_component>
      <object_component id="oc-2cb">
         <name>.debug_info</name>
         <load_address>0xeb5c</load_address>
         <run_address>0xeb5c</run_address>
         <size>0xcd</size>
         <input_file_ref idref="fl-dc"/>
      </object_component>
      <object_component id="oc-a0">
         <name>.debug_info</name>
         <load_address>0xec29</load_address>
         <run_address>0xec29</run_address>
         <size>0x153</size>
         <input_file_ref idref="fl-dd"/>
      </object_component>
      <object_component id="oc-10e">
         <name>.debug_info</name>
         <load_address>0xed7c</load_address>
         <run_address>0xed7c</run_address>
         <size>0x122</size>
         <input_file_ref idref="fl-df"/>
      </object_component>
      <object_component id="oc-2bb">
         <name>.debug_info</name>
         <load_address>0xee9e</load_address>
         <run_address>0xee9e</run_address>
         <size>0x2c9</size>
         <input_file_ref idref="fl-e0"/>
      </object_component>
      <object_component id="oc-1ee">
         <name>.debug_info</name>
         <load_address>0xf167</load_address>
         <run_address>0xf167</run_address>
         <size>0x11e</size>
         <input_file_ref idref="fl-e0"/>
      </object_component>
      <object_component id="oc-2b7">
         <name>.debug_info</name>
         <load_address>0xf285</load_address>
         <run_address>0xf285</run_address>
         <size>0x12e</size>
         <input_file_ref idref="fl-e0"/>
      </object_component>
      <object_component id="oc-372">
         <name>.debug_info</name>
         <load_address>0xf3b3</load_address>
         <run_address>0xf3b3</run_address>
         <size>0x29c</size>
         <input_file_ref idref="fl-e1"/>
      </object_component>
      <object_component id="oc-301">
         <name>.debug_info</name>
         <load_address>0xf64f</load_address>
         <run_address>0xf64f</run_address>
         <size>0x1da</size>
         <input_file_ref idref="fl-e1"/>
      </object_component>
      <object_component id="oc-2f1">
         <name>.debug_info</name>
         <load_address>0xf829</load_address>
         <run_address>0xf829</run_address>
         <size>0x2b9</size>
         <input_file_ref idref="fl-e3"/>
      </object_component>
      <object_component id="oc-26b">
         <name>.debug_info</name>
         <load_address>0xfae2</load_address>
         <run_address>0xfae2</run_address>
         <size>0x17c</size>
         <input_file_ref idref="fl-e3"/>
      </object_component>
      <object_component id="oc-367">
         <name>.debug_info</name>
         <load_address>0xfc5e</load_address>
         <run_address>0xfc5e</run_address>
         <size>0xf9</size>
         <input_file_ref idref="fl-e4"/>
      </object_component>
      <object_component id="oc-2ee">
         <name>.debug_info</name>
         <load_address>0xfd57</load_address>
         <run_address>0xfd57</run_address>
         <size>0x105</size>
         <input_file_ref idref="fl-e4"/>
      </object_component>
      <object_component id="oc-332">
         <name>.debug_info</name>
         <load_address>0xfe5c</load_address>
         <run_address>0xfe5c</run_address>
         <size>0x2a7</size>
         <input_file_ref idref="fl-e5"/>
      </object_component>
      <object_component id="oc-28f">
         <name>.debug_info</name>
         <load_address>0x10103</load_address>
         <run_address>0x10103</run_address>
         <size>0x1b8</size>
         <input_file_ref idref="fl-e5"/>
      </object_component>
      <object_component id="oc-387">
         <name>.debug_info</name>
         <load_address>0x102bb</load_address>
         <run_address>0x102bb</run_address>
         <size>0x29a</size>
         <input_file_ref idref="fl-e6"/>
      </object_component>
      <object_component id="oc-32c">
         <name>.debug_info</name>
         <load_address>0x10555</load_address>
         <run_address>0x10555</run_address>
         <size>0x262</size>
         <input_file_ref idref="fl-e6"/>
      </object_component>
      <object_component id="oc-2ec">
         <name>.debug_info</name>
         <load_address>0x107b7</load_address>
         <run_address>0x107b7</run_address>
         <size>0x28f</size>
         <input_file_ref idref="fl-e7"/>
      </object_component>
      <object_component id="oc-264">
         <name>.debug_info</name>
         <load_address>0x10a46</load_address>
         <run_address>0x10a46</run_address>
         <size>0x245</size>
         <input_file_ref idref="fl-e7"/>
      </object_component>
      <object_component id="oc-33e">
         <name>.debug_info</name>
         <load_address>0x10c8b</load_address>
         <run_address>0x10c8b</run_address>
         <size>0x289</size>
         <input_file_ref idref="fl-e8"/>
      </object_component>
      <object_component id="oc-33b">
         <name>.debug_info</name>
         <load_address>0x10f14</load_address>
         <run_address>0x10f14</run_address>
         <size>0x10e</size>
         <input_file_ref idref="fl-e8"/>
      </object_component>
      <object_component id="oc-29b">
         <name>.debug_info</name>
         <load_address>0x11022</load_address>
         <run_address>0x11022</run_address>
         <size>0x14e</size>
         <input_file_ref idref="fl-e8"/>
      </object_component>
      <object_component id="oc-378">
         <name>.debug_info</name>
         <load_address>0x11170</load_address>
         <run_address>0x11170</run_address>
         <size>0x29a</size>
         <input_file_ref idref="fl-e9"/>
      </object_component>
      <object_component id="oc-320">
         <name>.debug_info</name>
         <load_address>0x1140a</load_address>
         <run_address>0x1140a</run_address>
         <size>0x195</size>
         <input_file_ref idref="fl-e9"/>
      </object_component>
      <object_component id="oc-3a2">
         <name>.debug_info</name>
         <load_address>0x1159f</load_address>
         <run_address>0x1159f</run_address>
         <size>0x39</size>
         <input_file_ref idref="fl-e9"/>
      </object_component>
      <object_component id="oc-379">
         <name>.debug_info</name>
         <load_address>0x115d8</load_address>
         <run_address>0x115d8</run_address>
         <size>0x2c</size>
         <input_file_ref idref="fl-e9"/>
      </object_component>
      <object_component id="oc-385">
         <name>.debug_info</name>
         <load_address>0x11604</load_address>
         <run_address>0x11604</run_address>
         <size>0x2fd</size>
         <input_file_ref idref="fl-ea"/>
      </object_component>
      <object_component id="oc-325">
         <name>.debug_info</name>
         <load_address>0x11901</load_address>
         <run_address>0x11901</run_address>
         <size>0x225</size>
         <input_file_ref idref="fl-ea"/>
      </object_component>
      <object_component id="oc-339">
         <name>.debug_info</name>
         <load_address>0x11b26</load_address>
         <run_address>0x11b26</run_address>
         <size>0x28f</size>
         <input_file_ref idref="fl-eb"/>
      </object_component>
      <object_component id="oc-294">
         <name>.debug_info</name>
         <load_address>0x11db5</load_address>
         <run_address>0x11db5</run_address>
         <size>0x15a</size>
         <input_file_ref idref="fl-eb"/>
      </object_component>
      <object_component id="oc-38a">
         <name>.debug_info</name>
         <load_address>0x11f0f</load_address>
         <run_address>0x11f0f</run_address>
         <size>0x46</size>
         <input_file_ref idref="fl-eb"/>
      </object_component>
      <object_component id="oc-334">
         <name>.debug_info</name>
         <load_address>0x11f55</load_address>
         <run_address>0x11f55</run_address>
         <size>0x39</size>
         <input_file_ref idref="fl-eb"/>
      </object_component>
      <object_component id="oc-36b">
         <name>.debug_info</name>
         <load_address>0x11f8e</load_address>
         <run_address>0x11f8e</run_address>
         <size>0x115</size>
         <input_file_ref idref="fl-ec"/>
      </object_component>
      <object_component id="oc-381">
         <name>.debug_info</name>
         <load_address>0x120a3</load_address>
         <run_address>0x120a3</run_address>
         <size>0x161</size>
         <input_file_ref idref="fl-ed"/>
      </object_component>
      <object_component id="oc-212">
         <name>.debug_info</name>
         <load_address>0x12204</load_address>
         <run_address>0x12204</run_address>
         <size>0x20e</size>
         <input_file_ref idref="fl-ee"/>
      </object_component>
      <object_component id="oc-20a">
         <name>.debug_info</name>
         <load_address>0x12412</load_address>
         <run_address>0x12412</run_address>
         <size>0x157</size>
         <input_file_ref idref="fl-ee"/>
      </object_component>
      <object_component id="oc-14f">
         <name>.debug_info</name>
         <load_address>0x12569</load_address>
         <run_address>0x12569</run_address>
         <size>0x2c1</size>
         <input_file_ref idref="fl-ee"/>
      </object_component>
      <object_component id="oc-194">
         <name>.debug_info</name>
         <load_address>0x1282a</load_address>
         <run_address>0x1282a</run_address>
         <size>0x23e</size>
         <input_file_ref idref="fl-ee"/>
      </object_component>
      <object_component id="oc-20d">
         <name>.debug_info</name>
         <load_address>0x12a68</load_address>
         <run_address>0x12a68</run_address>
         <size>0x18b</size>
         <input_file_ref idref="fl-ee"/>
      </object_component>
      <object_component id="oc-251">
         <name>.debug_info</name>
         <load_address>0x12bf3</load_address>
         <run_address>0x12bf3</run_address>
         <size>0x212</size>
         <input_file_ref idref="fl-ef"/>
      </object_component>
      <object_component id="oc-3dd">
         <name>.debug_info</name>
         <load_address>0x12e05</load_address>
         <run_address>0x12e05</run_address>
         <size>0x90</size>
      </object_component>
      <object_component id="oc-14b">
         <name>.debug_line</name>
         <load_address>0x0</load_address>
         <run_address>0x0</run_address>
         <size>0x20</size>
         <input_file_ref idref="fl-2"/>
      </object_component>
      <object_component id="oc-7a">
         <name>.debug_line</name>
         <load_address>0x20</load_address>
         <run_address>0x20</run_address>
         <size>0x6f</size>
         <input_file_ref idref="fl-2"/>
      </object_component>
      <object_component id="oc-3c">
         <name>.debug_line</name>
         <load_address>0x8f</load_address>
         <run_address>0x8f</run_address>
         <size>0x20</size>
         <input_file_ref idref="fl-2"/>
      </object_component>
      <object_component id="oc-c3">
         <name>.debug_line</name>
         <load_address>0xaf</load_address>
         <run_address>0xaf</run_address>
         <size>0x73</size>
         <input_file_ref idref="fl-2"/>
      </object_component>
      <object_component id="oc-7f">
         <name>.debug_line</name>
         <load_address>0x122</load_address>
         <run_address>0x122</run_address>
         <size>0x70</size>
         <input_file_ref idref="fl-2"/>
      </object_component>
      <object_component id="oc-238">
         <name>.debug_line</name>
         <load_address>0x192</load_address>
         <run_address>0x192</run_address>
         <size>0x6a</size>
         <input_file_ref idref="fl-2"/>
      </object_component>
      <object_component id="oc-17c">
         <name>.debug_line</name>
         <load_address>0x1fc</load_address>
         <run_address>0x1fc</run_address>
         <size>0x6b</size>
         <input_file_ref idref="fl-2"/>
      </object_component>
      <object_component id="oc-216">
         <name>.debug_line</name>
         <load_address>0x267</load_address>
         <run_address>0x267</run_address>
         <size>0x69</size>
         <input_file_ref idref="fl-3"/>
      </object_component>
      <object_component id="oc-214">
         <name>.debug_line</name>
         <load_address>0x2d0</load_address>
         <run_address>0x2d0</run_address>
         <size>0x2e</size>
         <input_file_ref idref="fl-3"/>
      </object_component>
      <object_component id="oc-e1">
         <name>.debug_line</name>
         <load_address>0x2fe</load_address>
         <run_address>0x2fe</run_address>
         <size>0x179</size>
         <input_file_ref idref="fl-3"/>
      </object_component>
      <object_component id="oc-da">
         <name>.debug_line</name>
         <load_address>0x477</load_address>
         <run_address>0x477</run_address>
         <size>0x84</size>
         <input_file_ref idref="fl-5"/>
      </object_component>
      <object_component id="oc-234">
         <name>.debug_line</name>
         <load_address>0x4fb</load_address>
         <run_address>0x4fb</run_address>
         <size>0xc3</size>
         <input_file_ref idref="fl-6"/>
      </object_component>
      <object_component id="oc-160">
         <name>.debug_line</name>
         <load_address>0x5be</load_address>
         <run_address>0x5be</run_address>
         <size>0x45</size>
         <input_file_ref idref="fl-6"/>
      </object_component>
      <object_component id="oc-e3">
         <name>.debug_line</name>
         <load_address>0x603</load_address>
         <run_address>0x603</run_address>
         <size>0x19b</size>
         <input_file_ref idref="fl-6"/>
      </object_component>
      <object_component id="oc-1de">
         <name>.debug_line</name>
         <load_address>0x79e</load_address>
         <run_address>0x79e</run_address>
         <size>0xe2</size>
         <input_file_ref idref="fl-7"/>
      </object_component>
      <object_component id="oc-a6">
         <name>.debug_line</name>
         <load_address>0x880</load_address>
         <run_address>0x880</run_address>
         <size>0x77</size>
         <input_file_ref idref="fl-7"/>
      </object_component>
      <object_component id="oc-1e2">
         <name>.debug_line</name>
         <load_address>0x8f7</load_address>
         <run_address>0x8f7</run_address>
         <size>0x37</size>
         <input_file_ref idref="fl-7"/>
      </object_component>
      <object_component id="oc-1e7">
         <name>.debug_line</name>
         <load_address>0x92e</load_address>
         <run_address>0x92e</run_address>
         <size>0x3a</size>
         <input_file_ref idref="fl-7"/>
      </object_component>
      <object_component id="oc-2b0">
         <name>.debug_line</name>
         <load_address>0x968</load_address>
         <run_address>0x968</run_address>
         <size>0x51</size>
         <input_file_ref idref="fl-8"/>
      </object_component>
      <object_component id="oc-106">
         <name>.debug_line</name>
         <load_address>0x9b9</load_address>
         <run_address>0x9b9</run_address>
         <size>0x354</size>
         <input_file_ref idref="fl-8"/>
      </object_component>
      <object_component id="oc-261">
         <name>.debug_line</name>
         <load_address>0xd0d</load_address>
         <run_address>0xd0d</run_address>
         <size>0xff</size>
         <input_file_ref idref="fl-9"/>
      </object_component>
      <object_component id="oc-258">
         <name>.debug_line</name>
         <load_address>0xe0c</load_address>
         <run_address>0xe0c</run_address>
         <size>0x37</size>
         <input_file_ref idref="fl-9"/>
      </object_component>
      <object_component id="oc-25e">
         <name>.debug_line</name>
         <load_address>0xe43</load_address>
         <run_address>0xe43</run_address>
         <size>0x37</size>
         <input_file_ref idref="fl-9"/>
      </object_component>
      <object_component id="oc-191">
         <name>.debug_line</name>
         <load_address>0xe7a</load_address>
         <run_address>0xe7a</run_address>
         <size>0x4f</size>
         <input_file_ref idref="fl-9"/>
      </object_component>
      <object_component id="oc-f3">
         <name>.debug_line</name>
         <load_address>0xec9</load_address>
         <run_address>0xec9</run_address>
         <size>0x440</size>
         <input_file_ref idref="fl-9"/>
      </object_component>
      <object_component id="oc-1be">
         <name>.debug_line</name>
         <load_address>0x1309</load_address>
         <run_address>0x1309</run_address>
         <size>0x20</size>
         <input_file_ref idref="fl-9"/>
      </object_component>
      <object_component id="oc-76">
         <name>.debug_line</name>
         <load_address>0x1329</load_address>
         <run_address>0x1329</run_address>
         <size>0x41</size>
         <input_file_ref idref="fl-b"/>
      </object_component>
      <object_component id="oc-31">
         <name>.debug_line</name>
         <load_address>0x136a</load_address>
         <run_address>0x136a</run_address>
         <size>0x41</size>
[...]
         <value>0x2983</value>
         <object_component_ref idref="oc-dc"/>
      </symbol>
      <symbol id="sm-8d">
         <name>timer_waitMicros</name>
         <value>0x2951</value>
         <object_component_ref idref="oc-dc"/>
      </symbol>
      <symbol id="sm-aa">
         <name>button_getButton</name>
         <value>0x3a09</value>
         <object_component_ref idref="oc-d6"/>
      </symbol>
      <symbol id="sm-ab">
         <name>button_init</name>
         <value>0x39c9</value>
         <object_component_ref idref="oc-d6"/>
      </symbol>
      <symbol id="sm-e8">
         <name>lcd_sendCommand</name>
         <value>0x2393</value>
         <object_component_ref idref="oc-e2"/>
      </symbol>
      <symbol id="sm-e9">
         <name>lcd_sendNibble</name>
         <value>0x23d1</value>
         <object_component_ref idref="oc-e2"/>
      </symbol>
      <symbol id="sm-ea">
         <name>lcd_clear</name>
         <value>0x4317</value>
         <object_component_ref idref="oc-15b"/>
      </symbol>
      <symbol id="sm-eb">
         <name>lcd_printf</name>
         <value>0x247b</value>
         <object_component_ref idref="oc-e2"/>
      </symbol>
      <symbol id="sm-ec">
         <name>lcd_setCursorPos</name>
         <value>0x243d</value>
         <object_component_ref idref="oc-e2"/>
      </symbol>
      <symbol id="sm-ed">
         <name>lcd_init</name>
         <value>0x227d</value>
         <object_component_ref idref="oc-e2"/>
      </symbol>
      <symbol id="sm-ee">
         <name>lcd_puts</name>
         <value>0x2375</value>
         <object_component_ref idref="oc-e2"/>
      </symbol>
      <symbol id="sm-ef">
         <name>lcd_putc</name>
         <value>0x233d</value>
         <object_component_ref idref="oc-e2"/>
      </symbol>
      <symbol id="sm-f0">
         <name>lcd_reverseNibble</name>
         <value>0x2241</value>
         <object_component_ref idref="oc-e2"/>
      </symbol>
      <symbol id="sm-f1">
         <name>lcd_gotoLine</name>
         <value>0x2415</value>
         <object_component_ref idref="oc-e2"/>
      </symbol>
      <symbol id="sm-10e">
         <name>main</name>
         <value>0x2f11</value>
         <object_component_ref idref="oc-a2"/>
      </symbol>
      <symbol id="sm-160">
         <name>move_forward</name>
         <value>0x18dd</value>
         <object_component_ref idref="oc-104"/>
      </symbol>
      <symbol id="sm-161">
         <name>move_backwards</name>
         <value>0x1979</value>
         <object_component_ref idref="oc-104"/>
      </symbol>
      <symbol id="sm-162">
         <name>turn_left_dist</name>
         <value>0x1b3d</value>
         <object_component_ref idref="oc-104"/>
      </symbol>
      <symbol id="sm-163">
         <name>movet_peg</name>
         <value>0x1fe1</value>
         <object_component_ref idref="oc-104"/>
      </symbol>
      <symbol id="sm-164">
         <name>turn_right</name>
         <value>0x19e3</value>
         <object_component_ref idref="oc-104"/>
      </symbol>
      <symbol id="sm-165">
         <name>turn_left</name>
         <value>0x1abf</value>
         <object_component_ref idref="oc-104"/>
      </symbol>
      <symbol id="sm-166">
         <name>turn_right_dist</name>
         <value>0x1a51</value>
         <object_component_ref idref="oc-104"/>
      </symbol>
      <symbol id="sm-167">
         <name>maneuver</name>
         <value>0x1be1</value>
         <object_component_ref idref="oc-104"/>
      </symbol>
      <symbol id="sm-235">
         <name>go_charge</name>
         <value>0x97f</value>
         <object_component_ref idref="oc-ee"/>
      </symbol>
      <symbol id="sm-236">
         <name>GPIOF_Handler</name>
         <value>0xbc3</value>
         <object_component_ref idref="oc-ee"/>
      </symbol>
      <symbol id="sm-237">
         <name>oi_free</name>
         <value>0x279</value>
         <object_component_ref idref="oc-ee"/>
      </symbol>
      <symbol id="sm-238">
         <name>oi_getMotorCalibrationRight</name>
         <value>0xe01</value>
         <object_component_ref idref="oc-ee"/>
      </symbol>
      <symbol id="sm-239">
         <name>oi_uartReceive</name>
         <value>0xa31</value>
         <object_component_ref idref="oc-ee"/>
      </symbol>
      <symbol id="sm-23a">
         <name>oi_setWheels</name>
         <value>0x88f</value>
         <object_component_ref idref="oc-ee"/>
      </symbol>
      <symbol id="sm-23b">
         <name>oi_shutoff_init</name>
         <value>0xb51</value>
         <object_component_ref idref="oc-ee"/>
      </symbol>
      <symbol id="sm-23c">
         <name>motor_cal_factor_L</name>
         <value>0x200022e0</value>
         <object_component_ref idref="oc-199"/>
      </symbol>
      <symbol id="sm-23d">
         <name>motor_cal_factor_R</name>
         <value>0x200022e4</value>
         <object_component_ref idref="oc-199"/>
      </symbol>
      <symbol id="sm-23e">
         <name>oi_parseInt</name>
         <value>0x4287</value>
         <object_component_ref idref="oc-18c"/>
      </symbol>
      <symbol id="sm-23f">
         <name>oi_setMotorCalibration</name>
         <value>0xdb1</value>
         <object_component_ref idref="oc-ee"/>
      </symbol>
      <symbol id="sm-240">
         <name>oi_uartSendStr</name>
         <value>0xa59</value>
         <object_component_ref idref="oc-ee"/>
      </symbol>
      <symbol id="sm-241">
         <name>oi_close</name>
         <value>0x2c7</value>
         <object_component_ref idref="oc-ee"/>
      </symbol>
      <symbol id="sm-242">
         <name>oi_uartSendBuff</name>
         <value>0xa77</value>
         <object_component_ref idref="oc-ee"/>
      </symbol>
      <symbol id="sm-243">
         <name>oi_checkFirmware</name>
         <value>0xaa9</value>
         <object_component_ref idref="oc-ee"/>
      </symbol>
      <symbol id="sm-244">
         <name>oi_init_noupdate</name>
         <value>0x289</value>
         <object_component_ref idref="oc-ee"/>
      </symbol>
      <symbol id="sm-245">
         <name>oi_uartSendChar</name>
         <value>0xa15</value>
         <object_component_ref idref="oc-ee"/>
      </symbol>
      <symbol id="sm-246">
         <name>oi_alloc</name>
         <value>0x26d</value>
         <object_component_ref idref="oc-ee"/>
      </symbol>
      <symbol id="sm-247">
         <name>oi_getMotorCalibrationLeft</name>
         <value>0xded</value>
         <object_component_ref idref="oc-ee"/>
      </symbol>
      <symbol id="sm-248">
         <name>oi_loadSong</name>
         <value>0x915</value>
         <object_component_ref idref="oc-ee"/>
      </symbol>
      <symbol id="sm-249">
         <name>oi_play_song</name>
         <value>0x96b</value>
         <object_component_ref idref="oc-ee"/>
      </symbol>
      <symbol id="sm-24a">
         <name>oi_parsePacket</name>
         <value>0x32b</value>
         <object_component_ref idref="oc-ee"/>
      </symbol>
      <symbol id="sm-24b">
         <name>oi_setLeds</name>
         <value>0x84b</value>
         <object_component_ref idref="oc-ee"/>
      </symbol>
      <symbol id="sm-24c">
         <name>oi_init</name>
         <value>0x2b1</value>
         <object_component_ref idref="oc-ee"/>
      </symbol>
      <symbol id="sm-24d">
         <name>oi_update</name>
         <value>0x2d9</value>
         <object_component_ref idref="oc-ee"/>
      </symbol>
      <symbol id="sm-24e">
         <name>oi_uartInit</name>
         <value>0x98d</value>
         <object_component_ref idref="oc-ee"/>
      </symbol>
      <symbol id="sm-26b">
         <name>ResetISR</name>
         <value>0x4341</value>
         <object_component_ref idref="oc-2a"/>
      </symbol>
      <symbol id="sm-26c">
         <name>g_pfnVectors</name>
         <value>0x0</value>
         <object_component_ref idref="oc-12"/>
      </symbol>
      <symbol id="sm-295">
         <name>uart_sendChar</name>
         <value>0x2e4b</value>
         <object_component_ref idref="oc-e8"/>
      </symbol>
      <symbol id="sm-296">
         <name>uart_init</name>
         <value>0x2da9</value>
         <object_component_ref idref="oc-e8"/>
      </symbol>
      <symbol id="sm-297">
         <name>uart_receive_nonblocking</name>
         <value>0x2e8d</value>
         <object_component_ref idref="oc-e8"/>
      </symbol>
      <symbol id="sm-298">
         <name>uart_receive</name>
         <value>0x2e67</value>
         <object_component_ref idref="oc-e8"/>
      </symbol>
      <symbol id="sm-299">
         <name>uart_sendStr</name>
         <value>0x2eb7</value>
         <object_component_ref idref="oc-e8"/>
      </symbol>
      <symbol id="sm-2c0">
         <name>sprintf</name>
         <value>0x3fc9</value>
         <object_component_ref idref="oc-f9"/>
      </symbol>
      <symbol id="sm-2ea">
         <name>vsnprintf</name>
         <value>0x4009</value>
         <object_component_ref idref="oc-162"/>
      </symbol>
      <symbol id="sm-301">
         <name>__aeabi_dsub</name>
         <value>0x2bf1</value>
         <object_component_ref idref="oc-1ab"/>
      </symbol>
      <symbol id="sm-302">
         <name>__aeabi_dadd</name>
         <value>0x2bfb</value>
         <object_component_ref idref="oc-1ab"/>
      </symbol>
      <symbol id="sm-324">
         <name>__aeabi_cdcmpeq</name>
         <value>0x3a55</value>
         <object_component_ref idref="oc-ff"/>
      </symbol>
      <symbol id="sm-325">
         <name>__aeabi_cdcmple</name>
         <value>0x3a55</value>
         <object_component_ref idref="oc-ff"/>
      </symbol>
      <symbol id="sm-326">
         <name>__aeabi_cdrcmple</name>
         <value>0x3adb</value>
         <object_component_ref idref="oc-1d6"/>
      </symbol>
      <symbol id="sm-33a">
         <name>__aeabi_ddiv</name>
         <value>0x3191</value>
         <object_component_ref idref="oc-1a1"/>
      </symbol>
      <symbol id="sm-345">
         <name>__aeabi_dmul</name>
         <value>0x3605</value>
         <object_component_ref idref="oc-19c"/>
      </symbol>
      <symbol id="sm-351">
         <name>__aeabi_d2f</name>
         <value>0x3cbb</value>
         <object_component_ref idref="oc-1b3"/>
      </symbol>
      <symbol id="sm-35c">
         <name>__aeabi_f2d</name>
         <value>0x40c1</value>
         <object_component_ref idref="oc-f4"/>
      </symbol>
      <symbol id="sm-366">
         <name>__aeabi_i2d</name>
         <value>0x4191</value>
         <object_component_ref idref="oc-1a6"/>
      </symbol>
      <symbol id="sm-381">
         <name>memcpy</name>
         <value>0x3897</value>
         <object_component_ref idref="oc-3e"/>
      </symbol>
      <symbol id="sm-382">
         <name>__aeabi_memcpy</name>
         <value>0x3897</value>
         <object_component_ref idref="oc-3e"/>
      </symbol>
      <symbol id="sm-383">
         <name>__aeabi_memcpy8</name>
         <value>0x3897</value>
         <object_component_ref idref="oc-3e"/>
      </symbol>
      <symbol id="sm-384">
         <name>__aeabi_memcpy4</name>
         <value>0x3897</value>
         <object_component_ref idref="oc-3e"/>
      </symbol>
      <symbol id="sm-39d">
         <name>__TI_zero_init_nomemset</name>
         <value>0x41e9</value>
         <object_component_ref idref="oc-4a"/>
      </symbol>
      <symbol id="sm-3b4">
         <name>__TI_decompress_none</name>
         <value>0x4327</value>
         <object_component_ref idref="oc-1b"/>
      </symbol>
      <symbol id="sm-3d7">
         <name>__TI_decompress_lzss</name>
         <value>0x3d29</value>
         <object_component_ref idref="oc-15"/>
      </symbol>
      <symbol id="sm-46c">
         <name>_sys_memory</name>
         <value>0x20001270</value>
         <object_component_ref idref="oc-24"/>
      </symbol>
      <symbol id="sm-46d">
         <name>free</name>
         <value>0x3701</value>
         <object_component_ref idref="oc-186"/>
      </symbol>
      <symbol id="sm-46e">
         <name>memalign</name>
         <value>0x34fd</value>
         <object_component_ref idref="oc-2de"/>
      </symbol>
      <symbol id="sm-46f">
         <name>calloc</name>
         <value>0x4089</value>
         <object_component_ref idref="oc-180"/>
      </symbol>
      <symbol id="sm-470">
         <name>malloc</name>
         <value>0x4361</value>
         <object_component_ref idref="oc-23c"/>
      </symbol>
      <symbol id="sm-471">
         <name>aligned_alloc</name>
         <value>0x34fd</value>
         <object_component_ref idref="oc-2de"/>
      </symbol>
      <symbol id="sm-480">
         <name>strcmp</name>
         <value>0x429f</value>
         <object_component_ref idref="oc-168"/>
      </symbol>
      <symbol id="sm-48e">
         <name>strcpy</name>
         <value>0x42cd</value>
         <object_component_ref idref="oc-16e"/>
      </symbol>
      <symbol id="sm-4a1">
         <name>__stack</name>
         <value>0x20000270</value>
         <object_component_ref idref="oc-27"/>
      </symbol>
      <symbol id="sm-4a2">
         <name>_c_int00_noargs</name>
         <value>0x412d</value>
         <object_component_ref idref="oc-5c"/>
      </symbol>
      <symbol id="sm-607">
         <name>__TI_printfi</name>
         <value>0xe8d</value>
         <object_component_ref idref="oc-1c1"/>
      </symbol>
      <symbol id="sm-616">
         <name>__aeabi_memset</name>
         <value>0x3b63</value>
         <object_component_ref idref="oc-96"/>
      </symbol>
      <symbol id="sm-617">
         <name>memset</name>
         <value>0x3b69</value>
         <object_component_ref idref="oc-96"/>
      </symbol>
      <symbol id="sm-618">
         <name>__aeabi_memset8</name>
         <value>0x3b63</value>
         <object_component_ref idref="oc-96"/>
      </symbol>
      <symbol id="sm-619">
         <name>__aeabi_memset4</name>
         <value>0x3b63</value>
         <object_component_ref idref="oc-96"/>
      </symbol>
      <symbol id="sm-61a">
         <name>__aeabi_memclr8</name>
         <value>0x3b61</value>
         <object_component_ref idref="oc-96"/>
      </symbol>
      <symbol id="sm-61b">
         <name>__aeabi_memclr4</name>
         <value>0x3b61</value>
         <object_component_ref idref="oc-96"/>
      </symbol>
      <symbol id="sm-61c">
         <name>__aeabi_memclr</name>
         <value>0x3b61</value>
         <object_component_ref idref="oc-96"/>
      </symbol>
      <symbol id="sm-626">
         <name>__aeabi_d2iz</name>
         <value>0x3f3d</value>
         <object_component_ref idref="oc-2f8"/>
      </symbol>
      <symbol id="sm-633">
         <name>__aeabi_uldivmod</name>
         <value>0x3933</value>
         <object_component_ref idref="oc-2f2"/>
      </symbol>
      <symbol id="sm-65b">
         <name>__TI_auto_init_nobinit_nopinit</name>
         <value>0x3f85</value>
         <object_component_ref idref="oc-118"/>
      </symbol>
      <symbol id="sm-665">
         <name>_system_pre_init</name>
         <value>0x4369</value>
         <object_component_ref idref="oc-9c"/>
      </symbol>
      <symbol id="sm-671">
         <name>C$$EXIT</name>
         <value>0x436d</value>
         <object_component_ref idref="oc-10c"/>
      </symbol>
      <symbol id="sm-672">
         <name>abort</name>
         <value>0x436d</value>
         <object_component_ref idref="oc-10c"/>
      </symbol>
      <symbol id="sm-687">
         <name>_nop</name>
         <value>0x18db</value>
         <object_component_ref idref="oc-2b3"/>
      </symbol>
      <symbol id="sm-688">
         <name>_lock</name>
         <value>0x20002300</value>
         <object_component_ref idref="oc-1ed"/>
      </symbol>
      <symbol id="sm-689">
         <name>_unlock</name>
         <value>0x20002304</value>
         <object_component_ref idref="oc-1ed"/>
      </symbol>
      <symbol id="sm-698">
         <name>__TI_ltoa</name>
         <value>0x3e4b</value>
         <object_component_ref idref="oc-2fd"/>
      </symbol>
      <symbol id="sm-6af">
         <name>atoi</name>
         <value>0x3ef1</value>
         <object_component_ref idref="oc-268"/>
      </symbol>
      <symbol id="sm-6ba">
         <name>_ctypes_</name>
         <value>0x4370</value>
         <object_component_ref idref="oc-2ed"/>
      </symbol>
      <symbol id="sm-6ca">
         <name>memccpy</name>
         <value>0x4221</value>
         <object_component_ref idref="oc-28c"/>
      </symbol>
      <symbol id="sm-6da">
         <name>strchr</name>
         <value>0x42b7</value>
         <object_component_ref idref="oc-32a"/>
      </symbol>
      <symbol id="sm-6e8">
         <name>strlen</name>
         <value>0x42e1</value>
         <object_component_ref idref="oc-262"/>
      </symbol>
      <symbol id="sm-6fe">
         <name>__aeabi_errno_addr</name>
         <value>0x4359</value>
         <object_component_ref idref="oc-298"/>
      </symbol>
      <symbol id="sm-6ff">
         <name>errno</name>
         <value>0x20002310</value>
         <object_component_ref idref="oc-33a"/>
      </symbol>
      <symbol id="sm-71f">
         <name>frexpl</name>
         <value>0x3d91</value>
         <object_component_ref idref="oc-31e"/>
      </symbol>
      <symbol id="sm-720">
         <name>frexp</name>
         <value>0x3d91</value>
         <object_component_ref idref="oc-31e"/>
      </symbol>
      <symbol id="sm-73d">
         <name>scalbn</name>
         <value>0x33ed</value>
         <object_component_ref idref="oc-324"/>
      </symbol>
      <symbol id="sm-73e">
         <name>scalbnl</name>
         <value>0x33ed</value>
         <object_component_ref idref="oc-324"/>
      </symbol>
      <symbol id="sm-73f">
         <name>ldexpl</name>
         <value>0x33ed</value>
         <object_component_ref idref="oc-324"/>
      </symbol>
      <symbol id="sm-740">
         <name>ldexp</name>
         <value>0x33ed</value>
         <object_component_ref idref="oc-324"/>
      </symbol>
      <symbol id="sm-759">
         <name>wcslen</name>
         <value>0x42f5</value>
         <object_component_ref idref="oc-292"/>
      </symbol>
      <symbol id="sm-763">
         <name>__aeabi_idiv0</name>
         <value>0x2da7</value>
         <object_component_ref idref="oc-36a"/>
      </symbol>
      <symbol id="sm-764">
         <name>__aeabi_ldiv0</name>
         <value>0x2da7</value>
         <object_component_ref idref="oc-36a"/>
      </symbol>
      <symbol id="sm-76e">
         <name>copysign</name>
         <value>0x423d</value>
         <object_component_ref idref="oc-37e"/>
      </symbol>
      <symbol id="sm-76f">
         <name>copysignl</name>
         <value>0x423d</value>
         <object_component_ref idref="oc-37e"/>
      </symbol>
      <symbol id="sm-794">
         <name>IntRegister</name>
         <value>0x40f9</value>
         <object_component_ref idref="oc-14e"/>
      </symbol>
      <symbol id="sm-795">
         <name>g_pfnRAMVectors</name>
         <value>0x20000000</value>
         <object_component_ref idref="oc-209"/>
      </symbol>
      <symbol id="sm-796">
         <name>IntMasterEnable</name>
         <value>0x4307</value>
         <object_component_ref idref="oc-193"/>
      </symbol>
      <symbol id="sm-7a0">
         <name>CPUcpsie</name>
         <value>0x4335</value>
         <object_component_ref idref="oc-250"/>
      </symbol>
      <symbol id="sm-7a1">
         <name>__TI_static_base__</name>
         <value>0x0</value>
      </symbol>
      <symbol id="sm-7a4">
         <name>cyBot_FindObjects</name>
         <value>0x0</value>
      </symbol>
      <symbol id="sm-7a5">
         <name>__mpu_init</name>
         <value>0x0</value>
      </symbol>
      <symbol id="sm-7a6">
         <name>_system_post_cinit</name>
         <value>0x0</value>
      </symbol>
   </symbol_table>
   <title>Link errors: red sections failed placement</title>
</link_info>
