******************************************************************************
                  TI ARM Linker PC v20.2.1                     
******************************************************************************
>> Linked Mon Apr 19 00:46:50 2021

OUTPUT FILE NAME:   <Project.out>
ENTRY POINT SYMBOL: "_c_int00_noargs"  address: 0000412d


MEMORY CONFIGURATION

         name            origin    length      used     unused   attr    fill
----------------------  --------  ---------  --------  --------  ----  --------
  FLASH                 00000000   00040000  000044d8  0003bb28  R  X
  SRAM                  20000000   00008000  00002312  00005cee  RW X


SEGMENT ALLOCATION MAP

run origin  load origin   length   init length attrs members
----------  ----------- ---------- ----------- ----- -------
00000000    00000000    000044d8   000044d8    r-x
  00000000    00000000    0000026c   0000026c    r-- .intvecs
  0000026c    0000026c    00004104   00004104    r-x .text
  00004370    00004370    00000118   00000118    r-- .const
  00004488    00004488    00000050   00000050    r-- .cinit
20000000    20000000    00002316   00000000    rw-
  20000000    20000000    0000026c   00000000    rw- .vtable
  20000270    20000270    00001000   00000000    rw- .stack
  20001270    20001270    00001000   00000000    rw- .sysmem
  20002270    20002270    00000070   00000000    rw- .bss
  200022e0    200022e0    00000036   00000000    rw- .data


SECTION ALLOCATION MAP

 output                                  attributes/
section   page    origin      length       input sections
--------  ----  ----------  ----------   ----------------
.intvecs   0    00000000    0000026c     
                  00000000    0000026c     tm4c123gh6pm_startup_ccs.obj (.intvecs)

.text      0    0000026c    00004104     
                  0000026c    00000c20     open_interface.obj (.text)
                  00000e8c    00000a4e     rtsv7M4_T_le_v4SPD16_eabi.lib : _printfi.c.obj (.text:__TI_printfi)
                  000018da    00000002                                   : _lock.c.obj (.text:_nop)
                  000018dc    00000964     movement.obj (.text)
                  00002240    00000328     lcd.obj (.text)
                  00002568    00000270     rtsv7M4_T_le_v4SPD16_eabi.lib : _printfi.c.obj (.text:_pconv_a)
                  000027d8    00000248     Timer.obj (.text)
                  00002a20    000001d0     rtsv7M4_T_le_v4SPD16_eabi.lib : _printfi.c.obj (.text:_pconv_g)
                  00002bf0    000001b6                                   : fd_add_t2.asm.obj (.text)
                  00002da6    00000002                                   : div0.asm.obj (.text)
                  00002da8    00000168     uart.obj (.text)
                  00002f10    00000142     main.obj (.text)
                  00003052    00000002     --HOLE-- [fill = 0]
                  00003054    0000013c     rtsv7M4_T_le_v4SPD16_eabi.lib : _printfi.c.obj (.text:_pconv_e)
                  00003190    00000136                                   : fd_div_t2.asm.obj (.text)
                  000032c6    00000002     --HOLE-- [fill = 0]
                  000032c8    00000124                                   : _printfi.c.obj (.text:fcvt)
                  000033ec    00000110                                   : s_scalbn.c.obj (.text:scalbn)
                  000034fc    00000108                                   : memory.c.obj (.text:aligned_alloc)
                  00003604    000000fc                                   : fd_mul_t2.asm.obj (.text)
                  00003700    000000e4                                   : memory.c.obj (.text:free)
                  000037e4    000000b1                                   : _printfi.c.obj (.text:_ltostr)
                  00003895    00000001     --HOLE-- [fill = 0]
                  00003896    0000009c                                   : memcpy_t2.asm.obj (.text)
                  00003932    00000096                                   : ull_div_t2.asm.obj (.text)
                  000039c8    0000008c     button.obj (.text)
                  00003a54    00000086     rtsv7M4_T_le_v4SPD16_eabi.lib : fd_cmp_t2.asm.obj (.text:__aeabi_cdcmple)
                  00003ada    00000086                                   : fd_cmp_t2.asm.obj (.text:__aeabi_cdrcmple)
                  00003b60    0000007a                                   : memset_t2.asm.obj (.text)
                  00003bda    00000002     --HOLE-- [fill = 0]
                  00003bdc    00000070                                   : memory.c.obj (.text:split)
                  00003c4c    0000006e                                   : _printfi.c.obj (.text:_mcpy)
                  00003cba    0000006e                                   : fd_tos_t2.asm.obj (.text)
                  00003d28    00000068                                   : copy_decompress_lzss.c.obj (.text:decompress:lzss:__TI_decompress_lzss)
                  00003d90    00000064                                   : s_frexp.c.obj (.text:frexp)
                  00003df4    00000056                                   : _printfi.c.obj (.text:_pconv_f)
                  00003e4a    00000054                                   : _ltoa.c.obj (.text:__TI_ltoa)
                  00003e9e    00000052                                   : _printfi.c.obj (.text:_ecpy)
                  00003ef0    0000004c                                   : atoi.c.obj (.text:atoi)
                  00003f3c    00000048                                   : fd_toi_t2.asm.obj (.text)
                  00003f84    00000044                                   : autoinit.c.obj (.text:__TI_auto_init_nobinit_nopinit:__TI_auto_init_nobinit_nopinit)
                  00003fc8    00000040                                   : sprintf.c.obj (.text:sprintf)
                  00004008    00000040                                   : vsnprintf.c.obj (.text:vsnprintf)
                  00004048    0000003e                                   : _printfi.c.obj (.text:_fcpy)
                  00004086    00000002     --HOLE-- [fill = 0]
                  00004088    00000038                                   : memory.c.obj (.text:calloc)
                  000040c0    00000038                                   : fs_tod_t2.asm.obj (.text)
                  000040f8    00000034     driverlib.lib : interrupt.obj (.text:IntRegister)
                  0000412c    00000034     rtsv7M4_T_le_v4SPD16_eabi.lib : boot_cortex_m.c.obj (.text:_c_int00_noargs:_c_int00_noargs)
                  00004160    00000030                                   : vsnprintf.c.obj (.text:_outs)
                  00004190    0000002e                                   : i_tofd_t2.asm.obj (.text)
                  000041be    00000002     --HOLE-- [fill = 0]
                  000041c0    00000028                                   : memory.c.obj (.text:free_list_insert)
                  000041e8    0000001c                                   : copy_zero_init.c.obj (.text:decompress:ZI:__TI_zero_init_nomemset:__TI_zero_init_nomemset)
                  00004204    0000001c                                   : memory.c.obj (.text:free_list_remove)
                  00004220    0000001c                                   : memccpy.c.obj (.text:memccpy)
                  0000423c    0000001a                                   : s_copysign.c.obj (.text:copysign)
                  00004256    00000018                                   : vsnprintf.c.obj (.text:_outc)
                  0000426e    00000018                                   : sprintf.c.obj (.text:_outs)
                  00004286    00000018     open_interface.obj (.text:oi_parseInt)
                  0000429e    00000018     rtsv7M4_T_le_v4SPD16_eabi.lib : strcmp.c.obj (.text:strcmp)
                  000042b6    00000016                                   : strchr.c.obj (.text:strchr)
                  000042cc    00000014                                   : strcpy.c.obj (.text:strcpy)
                  000042e0    00000014                                   : strlen.c.obj (.text:strlen)
                  000042f4    00000012                                   : wcslen.c.obj (.text:wcslen)
                  00004306    00000010     driverlib.lib : interrupt.obj (.text:IntMasterEnable)
                  00004316    00000010     lcd.obj (.text:lcd_clear)
                  00004326    0000000e     rtsv7M4_T_le_v4SPD16_eabi.lib : copy_decompress_none.c.obj (.text:decompress:none:__TI_decompress_none)
                  00004334    0000000c     driverlib.lib : cpu.obj (.text:CPUcpsie)
                  00004340    0000000c     tm4c123gh6pm_startup_ccs.obj (.text)
                  0000434c    0000000a     rtsv7M4_T_le_v4SPD16_eabi.lib : sprintf.c.obj (.text:_outc)
                  00004356    00000002     --HOLE-- [fill = 0]
                  00004358    00000008                                   : errno.c.obj (.text:__aeabi_errno_addr)
                  00004360    00000008                                   : memory.c.obj (.text:malloc)
                  00004368    00000004                                   : pre_init.c.obj (.text:_system_pre_init)
                  0000436c    00000004                                   : exit.c.obj (.text:abort:abort)

.const     0    00004370    00000118     
                  00004370    00000101     rtsv7M4_T_le_v4SPD16_eabi.lib : ctype.c.obj (.const:.string:_ctypes_)
                  00004471    0000000f     open_interface.obj (.const:.string:$P$T0$3)
                  00004480    00000004     lcd.obj (.const:.string:lineAddress$1)
                  00004484    00000004     lcd.obj (.const:.string:lineAddresses$2)

.cinit     0    00004488    00000050     
                  00004488    00000018     (.cinit..data.load) [load image, compression = lzss]
                  000044a0    0000000c     (__TI_handler_table)
                  000044ac    00000004     --HOLE-- [fill = 0]
                  000044b0    00000008     (.cinit..bss.load) [load image, compression = zero_init]
                  000044b8    00000008     (.cinit..vtable.load) [load image, compression = zero_init]
                  000044c0    00000018     (__TI_cinit_table)

.init_array 
*          0    00000000    00000000     UNINITIALIZED

.vtable    0    20000000    0000026c     UNINITIALIZED
                  20000000    0000026c     driverlib.lib : interrupt.obj (.vtable)

.stack     0    20000270    00001000     UNINITIALIZED
                  20000270    00000004     rtsv7M4_T_le_v4SPD16_eabi.lib : boot_cortex_m.c.obj (.stack)
                  20000274    00000ffc     --HOLE--

.sysmem    0    20001270    00001000     UNINITIALIZED
                  20001270    00000010     rtsv7M4_T_le_v4SPD16_eabi.lib : memory.c.obj (.sysmem)
                  20001280    00000ff0     --HOLE--

.bss       0    20002270    00000070     UNINITIALIZED
                  20002270    00000054     lcd.obj (.bss:lastbuffer$3)
                  200022c4    00000018     open_interface.obj (.bss:firmware$2)
                  200022dc    00000004     (.common:_timeout_ticks)

.data      0    200022e0    00000036     UNINITIALIZED
                  200022e0    00000020     open_interface.obj (.data)
                  20002300    00000008     rtsv7M4_T_le_v4SPD16_eabi.lib : _lock.c.obj (.data:$O1$$)
                  20002308    00000008                                   : memory.c.obj (.data:$O1$$)
                  20002310    00000004                                   : errno.c.obj (.data)
                  20002314    00000001     Timer.obj (.data)
                  20002315    00000001     button.obj (.data)

__llvm_prf_cnts 
*          0    20000000    00000000     UNINITIALIZED

MODULE SUMMARY

       Module                         code    ro data   rw data
       ------                         ----    -------   -------
    .\
       open_interface.obj             3128    15        56     
       movement.obj                   2404    0         0      
       lcd.obj                        824     8         84     
       tm4c123gh6pm_startup_ccs.obj   12      620       0      
       Timer.obj                      584     0         5      
       uart.obj                       360     0         0      
       main.obj                       322     0         0      
       button.obj                     140     0         1      
    +--+------------------------------+-------+---------+---------+
       Total:                         7774    643       146    
                                                               
    C:/ti/TivaWare_C_Series-2.1.4.178/driverlib/ccs/Debug/driverlib.lib
       interrupt.obj                  68      0         620    
       cpu.obj                        12      0         0      
    +--+------------------------------+-------+---------+---------+
       Total:                         80      0         620    
                                                               
    C:\ti\ccs1010\ccs\tools\compiler\ti-cgt-arm_20.2.1.LTS\lib\rtsv7M4_T_le_v4SPD16_eabi.lib
       _printfi.c.obj                 4851    0         0      
       memory.c.obj                   736     0         8      
       fd_add_t2.asm.obj              438     0         0      
       fd_div_t2.asm.obj              310     0         0      
       s_scalbn.c.obj                 272     0         0      
       fd_cmp_t2.asm.obj              268     0         0      
       ctype.c.obj                    0       257       0      
       fd_mul_t2.asm.obj              252     0         0      
       memcpy_t2.asm.obj              156     0         0      
       ull_div_t2.asm.obj             150     0         0      
       vsnprintf.c.obj                136     0         0      
       memset_t2.asm.obj              122     0         0      
       fd_tos_t2.asm.obj              110     0         0      
       copy_decompress_lzss.c.obj     104     0         0      
       s_frexp.c.obj                  100     0         0      
       sprintf.c.obj                  98      0         0      
       _ltoa.c.obj                    84      0         0      
       atoi.c.obj                     76      0         0      
       fd_toi_t2.asm.obj              72      0         0      
       autoinit.c.obj                 68      0         0      
       fs_tod_t2.asm.obj              56      0         0      
       boot_cortex_m.c.obj            52      0         0      
       i_tofd_t2.asm.obj              46      0         0      
       copy_zero_init.c.obj           28      0         0      
       memccpy.c.obj                  28      0         0      
       s_copysign.c.obj               26      0         0      
       strcmp.c.obj                   24      0         0      
       strchr.c.obj                   22      0         0      
       strcpy.c.obj                   20      0         0      
       strlen.c.obj                   20      0         0      
       wcslen.c.obj                   18      0         0      
       copy_decompress_none.c.obj     14      0         0      
       errno.c.obj                    8       0         4      
       _lock.c.obj                    2       0         8      
       exit.c.obj                     4       0         0      
       pre_init.c.obj                 4       0         0      
       div0.asm.obj                   2       0         0      
    +--+------------------------------+-------+---------+---------+
       Total:                         8777    257       20     
                                                               
       Heap:                          0       0         4096   
       Stack:                         0       0         4096   
       Linker Generated:              0       76        0      
    +--+------------------------------+-------+---------+---------+
       Grand Total:                   16631   976       8978   


LINKER GENERATED COPY TABLES

__TI_cinit_table @ 000044c0 records: 3, size/record: 8, table size: 24
	.data: load addr=00004488, load size=00000018 bytes, run addr=200022e0, run size=00000036 bytes, compression=lzss
	.bss: load addr=000044b0, load size=00000008 bytes, run addr=20002270, run size=00000070 bytes, compression=zero_init
	.vtable: load addr=000044b8, load size=00000008 bytes, run addr=20000000, run size=0000026c bytes, compression=zero_init


LINKER GENERATED HANDLER TABLE

__TI_handler_table @ 000044a0 records: 3, size/record: 4, table size: 12
	index: 0, handler: __TI_zero_init
	index: 1, handler: __TI_decompress_lzss
	index: 2, handler: __TI_decompress_none


GLOBAL SYMBOLS: SORTED ALPHABETICALLY BY Name 

address   name                          
-------   ----                          
0000436d  C$$EXIT                       
00004335  CPUcpsie                      
00000bc3  GPIOF_Handler                 
00004307  IntMasterEnable               
000040f9  IntRegister                   
00004341  ResetISR                      
20001270  __STACK_END                   
00001000  __STACK_SIZE                  
20000470  __STACK_TOP                   
00001000  __SYSMEM_SIZE                 
000044c0  __TI_CINIT_Base               
000044d8  __TI_CINIT_Limit              
000044a0  __TI_Handler_Table_Base       
000044ac  __TI_Handler_Table_Limit      
00003f85  __TI_auto_init_nobinit_nopinit
00003d29  __TI_decompress_lzss          
00004327  __TI_decompress_none          
00003e4b  __TI_ltoa                     
ffffffff  __TI_pprof_out_hndl           
00000e8d  __TI_printfi                  
ffffffff  __TI_prof_data_size           
ffffffff  __TI_prof_data_start          
00000000  __TI_static_base__            
000041e9  __TI_zero_init_nomemset       
00003a55  __aeabi_cdcmpeq               
00003a55  __aeabi_cdcmple               
00003adb  __aeabi_cdrcmple              
00003cbb  __aeabi_d2f                   
00003f3d  __aeabi_d2iz                  
00002bfb  __aeabi_dadd                  
00003191  __aeabi_ddiv                  
00003605  __aeabi_dmul                  
00002bf1  __aeabi_dsub                  
00004359  __aeabi_errno_addr            
000040c1  __aeabi_f2d                   
00004191  __aeabi_i2d                   
00002da7  __aeabi_idiv0                 
00002da7  __aeabi_ldiv0                 
00003b61  __aeabi_memclr                
00003b61  __aeabi_memclr4               
00003b61  __aeabi_memclr8               
00003897  __aeabi_memcpy                
00003897  __aeabi_memcpy4               
00003897  __aeabi_memcpy8               
00003b63  __aeabi_memset                
00003b63  __aeabi_memset4               
00003b63  __aeabi_memset8               
00003933  __aeabi_uldivmod              
ffffffff  __binit__                     
ffffffff  __c_args__                    
UNDEFED   __mpu_init                    
20000270  __stack                       
20000000  __start___llvm_prf_cnts       
20000000  __stop___llvm_prf_cnts        
0000412d  _c_int00_noargs               
00004370  _ctypes_                      
20002300  _lock                         
000018db  _nop                          
20002314  _running                      
20001270  _sys_memory                   
UNDEFED   _system_post_cinit            
00004369  _system_pre_init              
200022dc  _timeout_ticks                
20002304  _unlock                       
0000436d  abort                         
000034fd  aligned_alloc                 
00003ef1  atoi                          
ffffffff  binit                         
00003a09  button_getButton              
000039c9  button_init                   
00004089  calloc                        
0000423d  copysign                      
0000423d  copysignl                     
UNDEFED   cyBot_FindObjects             
20002310  errno                         
00003701  free                          
00003d91  frexp                         
00003d91  frexpl                        
20000000  g_pfnRAMVectors               
00000000  g_pfnVectors                  
0000097f  go_charge                     
00004317  lcd_clear                     
00002415  lcd_gotoLine                  
0000227d  lcd_init                      
0000247b  lcd_printf                    
0000233d  lcd_putc                      
00002375  lcd_puts                      
00002241  lcd_reverseNibble             
00002393  lcd_sendCommand               
000023d1  lcd_sendNibble                
0000243d  lcd_setCursorPos              
000033ed  ldexp                         
000033ed  ldexpl                        
00002f11  main                          
00004361  malloc                        
00001be1  maneuver                      
000034fd  memalign                      
00004221  memccpy                       
00003897  memcpy                        
00003b69  memset                        
200022e0  motor_cal_factor_L            
200022e4  motor_cal_factor_R            
00001979  move_backwards                
000018dd  move_forward                  
00001fe1  movet_peg                     
0000026d  oi_alloc                      
00000aa9  oi_checkFirmware              
000002c7  oi_close                      
00000279  oi_free                       
00000ded  oi_getMotorCalibrationLeft    
00000e01  oi_getMotorCalibrationRight   
000002b1  oi_init                       
00000289  oi_init_noupdate              
00000915  oi_loadSong                   
00004287  oi_parseInt                   
0000032b  oi_parsePacket                
0000096b  oi_play_song                  
0000084b  oi_setLeds                    
00000db1  oi_setMotorCalibration        
0000088f  oi_setWheels                  
00000b51  oi_shutoff_init               
0000098d  oi_uartInit                   
00000a31  oi_uartReceive                
00000a77  oi_uartSendBuff               
00000a15  oi_uartSendChar               
00000a59  oi_uartSendStr                
000002d9  oi_update                     
000033ed  scalbn                        
000033ed  scalbnl                       
00003fc9  sprintf                       
000042b7  strchr                        
0000429f  strcmp                        
000042cd  strcpy                        
000042e1  strlen                        
000028f7  timer_getMicros               
0000289f  timer_getMillis               
000027d9  timer_init                    
0000287b  timer_pause                   
0000288d  timer_resume                  
00002851  timer_stop                    
00002951  timer_waitMicros              
00002983  timer_waitMillis              
00001abf  turn_left                     
00001b3d  turn_left_dist                
000019e3  turn_right                    
00001a51  turn_right_dist               
00002da9  uart_init                     
00002e67  uart_receive                  
00002e8d  uart_receive_nonblocking      
00002e4b  uart_sendChar                 
00002eb7  uart_sendStr                  
00004009  vsnprintf                     
000042f5  wcslen                        


GLOBAL SYMBOLS: SORTED BY Symbol Address 

address   name                          
-------   ----                          
00000000  __TI_static_base__            
00000000  g_pfnVectors                  
0000026d  oi_alloc                      
00000279  oi_free                       
00000289  oi_init_noupdate              
000002b1  oi_init                       
000002c7  oi_close                      
000002d9  oi_update                     
0000032b  oi_parsePacket                
0000084b  oi_setLeds                    
0000088f  oi_setWheels                  
00000915  oi_loadSong                   
0000096b  oi_play_song                  
0000097f  go_charge                     
0000098d  oi_uartInit                   
00000a15  oi_uartSendChar               
00000a31  oi_uartReceive                
00000a59  oi_uartSendStr                
00000a77  oi_uartSendBuff               
00000aa9  oi_checkFirmware              
00000b51  oi_shutoff_init               
00000bc3  GPIOF_Handler                 
00000db1  oi_setMotorCalibration        
00000ded  oi_getMotorCalibrationLeft    
00000e01  oi_getMotorCalibrationRight   
00000e8d  __TI_printfi                  
00001000  __STACK_SIZE                  
00001000  __SYSMEM_SIZE                 
000018db  _nop                          
000018dd  move_forward                  
00001979  move_backwards                
000019e3  turn_right                    
00001a51  turn_right_dist               
00001abf  turn_left                     
00001b3d  turn_left_dist                
00001be1  maneuver                      
00001fe1  movet_peg                     
00002241  lcd_reverseNibble             
0000227d  lcd_init                      
0000233d  lcd_putc                      
00002375  lcd_puts                      
00002393  lcd_sendCommand               
000023d1  lcd_sendNibble                
00002415  lcd_gotoLine                  
0000243d  lcd_setCursorPos              
0000247b  lcd_printf                    
000027d9  timer_init                    
00002851  timer_stop                    
0000287b  timer_pause                   
0000288d  timer_resume                  
0000289f  timer_getMillis               
000028f7  timer_getMicros               
00002951  timer_waitMicros              
00002983  timer_waitMillis              
00002bf1  __aeabi_dsub                  
00002bfb  __aeabi_dadd                  
00002da7  __aeabi_idiv0                 
00002da7  __aeabi_ldiv0                 
00002da9  uart_init                     
00002e4b  uart_sendChar                 
00002e67  uart_receive                  
00002e8d  uart_receive_nonblocking      
00002eb7  uart_sendStr                  
00002f11  main                          
00003191  __aeabi_ddiv                  
000033ed  ldexp                         
000033ed  ldexpl                        
000033ed  scalbn                        
000033ed  scalbnl                       
000034fd  aligned_alloc                 
000034fd  memalign                      
00003605  __aeabi_dmul                  
00003701  free                          
00003897  __aeabi_memcpy                
00003897  __aeabi_memcpy4               
00003897  __aeabi_memcpy8               
00003897  memcpy                        
00003933  __aeabi_uldivmod              
000039c9  button_init                   
00003a09  button_getButton              
00003a55  __aeabi_cdcmpeq               
00003a55  __aeabi_cdcmple               
00003adb  __aeabi_cdrcmple              
00003b61  __aeabi_memclr                
00003b61  __aeabi_memclr4               
00003b61  __aeabi_memclr8               
00003b63  __aeabi_memset                
00003b63  __aeabi_memset4               
00003b63  __aeabi_memset8               
00003b69  memset                        
00003cbb  __aeabi_d2f                   
00003d29  __TI_decompress_lzss          
00003d91  frexp                         
00003d91  frexpl                        
00003e4b  __TI_ltoa                     
00003ef1  atoi                          
00003f3d  __aeabi_d2iz                  
00003f85  __TI_auto_init_nobinit_nopinit
00003fc9  sprintf                       
00004009  vsnprintf                     
00004089  calloc                        
000040c1  __aeabi_f2d                   
000040f9  IntRegister                   
0000412d  _c_int00_noargs               
00004191  __aeabi_i2d                   
000041e9  __TI_zero_init_nomemset       
00004221  memccpy                       
0000423d  copysign                      
0000423d  copysignl                     
00004287  oi_parseInt                   
0000429f  strcmp                        
000042b7  strchr                        
000042cd  strcpy                        
000042e1  strlen                        
000042f5  wcslen                        
00004307  IntMasterEnable               
00004317  lcd_clear                     
00004327  __TI_decompress_none          
00004335  CPUcpsie                      
00004341  ResetISR                      
00004359  __aeabi_errno_addr            
00004361  malloc                        
00004369  _system_pre_init              
0000436d  C$$EXIT                       
0000436d  abort                         
00004370  _ctypes_                      
000044a0  __TI_Handler_Table_Base       
000044ac  __TI_Handler_Table_Limit      
000044c0  __TI_CINIT_Base               
000044d8  __TI_CINIT_Limit              
20000000  __start___llvm_prf_cnts       
20000000  __stop___llvm_prf_cnts        
20000000  g_pfnRAMVectors               
20000270  __stack                       
20000470  __STACK_TOP                   
20001270  __STACK_END                   
20001270  _sys_memory                   
200022dc  _timeout_ticks                
200022e0  motor_cal_factor_L            
200022e4  motor_cal_factor_R            
20002300  _lock                         
20002304  _unlock                       
20002310  errno                         
20002314  _running                      
ffffffff  __TI_pprof_out_hndl           
ffffffff  __TI_prof_data_size           
ffffffff  __TI_prof_data_start          
ffffffff  __binit__                     
ffffffff  __c_args__                    
ffffffff  binit                         
UNDEFED   __mpu_init                    
UNDEFED   _system_post_cinit            
UNDEFED   cyBot_FindObjects             

[153 symbols]
