******************************************************************************
                  TI ARM Linker PC v20.2.1                     
******************************************************************************
>> Linked Wed Apr 28 21:03:02 2021

OUTPUT FILE NAME:   <Project-2.out>
ENTRY POINT SYMBOL: "_c_int00_noargs"  address: 00007bf1


MEMORY CONFIGURATION

         name            origin    length      used     unused   attr    fill
----------------------  --------  ---------  --------  --------  ----  --------
  FLASH                 00000000   00040000  000081a3  00037e5d  R  X
  SRAM                  20000000   00008000  00002320  00005ce0  RW X


SEGMENT ALLOCATION MAP

run origin  load origin   length   init length attrs members
----------  ----------- ---------- ----------- ----- -------
00000000    00000000    000081a8   000081a8    r-x
  00000000    00000000    0000026c   0000026c    r-- .intvecs
  0000026c    0000026c    00007c2c   00007c2c    r-x .text
  00007e98    00007e98    000002bb   000002bb    r-- .const
  00008158    00008158    00000050   00000050    r-- .cinit
20000000    20000000    00002324   00000000    rw-
  20000000    20000000    0000026c   00000000    rw- .vtable
  20000270    20000270    00001000   00000000    rw- .stack
  20001270    20001270    00001000   00000000    rw- .sysmem
  20002270    20002270    00000070   00000000    rw- .bss
  200022e0    200022e0    00000044   00000000    rw- .data


SECTION ALLOCATION MAP

 output                                  attributes/
section   page    origin      length       input sections
--------  ----  ----------  ----------   ----------------
.intvecs   0    00000000    0000026c     
                  00000000    0000026c     tm4c123gh6pm_startup_ccs.obj (.intvecs)

.text      0    0000026c    00007c2c     
                  0000026c    000011b8     movement.obj (.text)
                  00001424    00000c20     open_interface.obj (.text)
                  00002044    00000a4e     rtsv7M4_T_le_v4SPD16_eabi.lib : _printfi.c.obj (.text:__TI_printfi)
                  00002a92    00000002                                   : _lock.c.obj (.text:_nop)
                  00002a94    000009c0                                   : e_pow.c.obj (.text:pow)
                  00003454    00000738                                   : k_rem_pio2.c.obj (.text:__kernel_rem_pio2)
                  00003b8c    000005c4                                   : s_sin.c.obj (.text:sin)
                  00004150    0000058c                                   : e_powf.c.obj (.text:powf)
                  000046dc    0000041c                                   : e_acos.c.obj (.text:acos)
                  00004af8    00000328     lcd.obj (.text)
                  00004e20    000002cc     Scan.obj (.text)
                  000050ec    0000029c     ping.obj (.text)
                  00005388    00000270     rtsv7M4_T_le_v4SPD16_eabi.lib : _printfi.c.obj (.text:_pconv_a)
                  000055f8    00000248     Timer.obj (.text)
                  00005840    000001d0     rtsv7M4_T_le_v4SPD16_eabi.lib : _printfi.c.obj (.text:_pconv_g)
                  00005a10    000001c4     main.obj (.text)
                  00005bd4    000001b6     rtsv7M4_T_le_v4SPD16_eabi.lib : fd_add_t2.asm.obj (.text)
                  00005d8a    00000002                                   : div0.asm.obj (.text)
                  00005d8c    00000174                                   : k_sin.c.obj (.text:__kernel_sin)
                  00005f00    0000016c                                   : k_cos.c.obj (.text:__kernel_cos)
                  0000606c    00000168     uart.obj (.text)
                  000061d4    00000158     rtsv7M4_T_le_v4SPD16_eabi.lib : e_sqrt.c.obj (.text:sqrt)
                  0000632c    0000014c                                   : vla_alloc.c.obj (.text:__vla_alloc)
                  00006478    0000013c                                   : _printfi.c.obj (.text:_pconv_e)
                  000065b4    00000136                                   : fd_div_t2.asm.obj (.text)
                  000066ea    00000002     --HOLE-- [fill = 0]
                  000066ec    00000130     adc.obj (.text)
                  0000681c    00000128     Servo.obj (.text)
                  00006944    00000124     rtsv7M4_T_le_v4SPD16_eabi.lib : _printfi.c.obj (.text:fcvt)
                  00006a68    00000110                                   : s_scalbn.c.obj (.text:scalbn)
                  00006b78    00000108                                   : memory.c.obj (.text:aligned_alloc)
                  00006c80    000000fc                                   : fd_mul_t2.asm.obj (.text)
                  00006d7c    000000f8                                   : s_floor.c.obj (.text:floor)
                  00006e74    000000e4                                   : memory.c.obj (.text:free)
                  00006f58    000000e4                                   : memory.c.obj (.text:realloc)
                  0000703c    000000d0                                   : s_scalbnf.c.obj (.text:scalbnf)
                  0000710c    000000b4                                   : s_cosf.c.obj (.text:cosf)
                  000071c0    000000b1                                   : _printfi.c.obj (.text:_ltostr)
                  00007271    00000001     --HOLE-- [fill = 0]
                  00007272    0000009c                                   : memcpy_t2.asm.obj (.text)
                  0000730e    00000096                                   : ull_div_t2.asm.obj (.text)
                  000073a4    0000008c     button.obj (.text)
                  00007430    00000086     rtsv7M4_T_le_v4SPD16_eabi.lib : fd_cmp_t2.asm.obj (.text:__aeabi_cdcmple)
                  000074b6    00000086                                   : fd_cmp_t2.asm.obj (.text:__aeabi_cdrcmple)
                  0000753c    0000007a                                   : memset_t2.asm.obj (.text)
                  000075b6    00000002     --HOLE-- [fill = 0]
                  000075b8    00000078                                   : vla_alloc.c.obj (.text:_ZN33_INTERNAL_11_vla_alloc_c_be8bd49b21free_dead_allocationsEPv)
                  00007630    00000070                                   : vla_alloc.c.obj (.text:__vla_dealloc)
                  000076a0    00000070                                   : memory.c.obj (.text:split)
                  00007710    0000006e                                   : _printfi.c.obj (.text:_mcpy)
                  0000777e    0000006e                                   : fd_tos_t2.asm.obj (.text)
                  000077ec    00000068                                   : copy_decompress_lzss.c.obj (.text:decompress:lzss:__TI_decompress_lzss)
                  00007854    00000064                                   : s_frexp.c.obj (.text:frexp)
                  000078b8    00000056                                   : _printfi.c.obj (.text:_pconv_f)
                  0000790e    00000054                                   : _ltoa.c.obj (.text:__TI_ltoa)
                  00007962    00000052                                   : _printfi.c.obj (.text:_ecpy)
                  000079b4    0000004c                                   : atoi.c.obj (.text:atoi)
                  00007a00    00000048                                   : fd_toi_t2.asm.obj (.text)
                  00007a48    00000044                                   : autoinit.c.obj (.text:__TI_auto_init_nobinit_nopinit:__TI_auto_init_nobinit_nopinit)
                  00007a8c    00000040                                   : sprintf.c.obj (.text:sprintf)
                  00007acc    00000040                                   : vsnprintf.c.obj (.text:vsnprintf)
                  00007b0c    0000003e                                   : _printfi.c.obj (.text:_fcpy)
                  00007b4a    00000002     --HOLE-- [fill = 0]
                  00007b4c    00000038                                   : memory.c.obj (.text:calloc)
                  00007b84    00000038                                   : fs_tod_t2.asm.obj (.text)
                  00007bbc    00000034     driverlib.lib : interrupt.obj (.text:IntRegister)
                  00007bf0    00000034     rtsv7M4_T_le_v4SPD16_eabi.lib : boot_cortex_m.c.obj (.text:_c_int00_noargs:_c_int00_noargs)
                  00007c24    00000030                                   : vsnprintf.c.obj (.text:_outs)
                  00007c54    0000002e                                   : i_tofd_t2.asm.obj (.text)
                  00007c82    00000002     --HOLE-- [fill = 0]
                  00007c84    00000028                                   : memory.c.obj (.text:free_list_insert)
                  00007cac    00000028                                   : e_sqrtf.c.obj (.text:sqrtf)
                  00007cd4    00000020                                   : u_tofd_t2.asm.obj (.text)
                  00007cf4    0000001c                                   : copy_zero_init.c.obj (.text:decompress:ZI:__TI_zero_init_nomemset:__TI_zero_init_nomemset)
                  00007d10    0000001c                                   : memory.c.obj (.text:free_list_remove)
                  00007d2c    0000001c                                   : memccpy.c.obj (.text:memccpy)
                  00007d48    0000001a                                   : s_copysign.c.obj (.text:copysign)
                  00007d62    00000018                                   : vsnprintf.c.obj (.text:_outc)
                  00007d7a    00000018                                   : sprintf.c.obj (.text:_outs)
                  00007d92    00000018                                   : s_copysignf.c.obj (.text:copysignf)
                  00007daa    00000018     open_interface.obj (.text:oi_parseInt)
                  00007dc2    00000018     rtsv7M4_T_le_v4SPD16_eabi.lib : strcmp.c.obj (.text:strcmp)
                  00007dda    00000016                                   : strchr.c.obj (.text:strchr)
                  00007df0    00000014                                   : strcpy.c.obj (.text:strcpy)
                  00007e04    00000014                                   : strlen.c.obj (.text:strlen)
                  00007e18    00000012                                   : wcslen.c.obj (.text:wcslen)
                  00007e2a    00000010     driverlib.lib : interrupt.obj (.text:IntMasterEnable)
                  00007e3a    00000010     lcd.obj (.text:lcd_clear)
                  00007e4a    0000000e     rtsv7M4_T_le_v4SPD16_eabi.lib : copy_decompress_none.c.obj (.text:decompress:none:__TI_decompress_none)
                  00007e58    0000000c     driverlib.lib : cpu.obj (.text:CPUcpsie)
                  00007e64    0000000c     tm4c123gh6pm_startup_ccs.obj (.text)
                  00007e70    0000000a     rtsv7M4_T_le_v4SPD16_eabi.lib : sprintf.c.obj (.text:_outc)
                  00007e7a    00000002     --HOLE-- [fill = 0]
                  00007e7c    00000008                                   : errno.c.obj (.text:__aeabi_errno_addr)
                  00007e84    00000008                                   : memory.c.obj (.text:malloc)
                  00007e8c    00000004                                   : error.c.obj (.text:__abort_execution)
                  00007e90    00000004                                   : pre_init.c.obj (.text:_system_pre_init)
                  00007e94    00000004                                   : exit.c.obj (.text:abort:abort)

.const     0    00007e98    000002bb     
                  00007e98    00000158     rtsv7M4_T_le_v4SPD16_eabi.lib : k_rem_pio2.c.obj (.const:$O1$$)
                  00007ff0    00000101                                   : ctype.c.obj (.const:.string:_ctypes_)
                  000080f1    00000004     lcd.obj (.const:.string:lineAddress$1)
                  000080f5    00000003     --HOLE-- [fill = 0]
                  000080f8    00000030     rtsv7M4_T_le_v4SPD16_eabi.lib : e_pow.c.obj (.const:$O1$$)
                  00008128    00000018                                   : e_powf.c.obj (.const:$O1$$)
                  00008140    0000000f     open_interface.obj (.const:.string:$P$T0$3)
                  0000814f    00000004     lcd.obj (.const:.string:lineAddresses$2)

.cinit     0    00008158    00000050     
                  00008158    00000019     (.cinit..data.load) [load image, compression = lzss]
                  00008171    00000003     --HOLE-- [fill = 0]
                  00008174    0000000c     (__TI_handler_table)
                  00008180    00000008     (.cinit..bss.load) [load image, compression = zero_init]
                  00008188    00000008     (.cinit..vtable.load) [load image, compression = zero_init]
                  00008190    00000018     (__TI_cinit_table)

.init_array 
*          0    00000000    00000000     UNINITIALIZED

.vtable    0    20000000    0000026c     UNINITIALIZED
                  20000000    0000026c     driverlib.lib : interrupt.obj (.vtable)

.stack     0    20000270    00001000     UNINITIALIZED
                  20000270    00000004     rtsv7M4_T_le_v4SPD16_eabi.lib : boot_cortex_m.c.obj (.stack)
                  20000274    00000ffc     --HOLE--

.sysmem    0    20001270    00001000     UNINITIALIZED
                  20001270    00000010     rtsv7M4_T_le_v4SPD16_eabi.lib : memory.c.obj (.sysmem)
                  20001280    00000ff0     --HOLE--

.bss       0    20002270    00000070     UNINITIALIZED
                  20002270    00000054     lcd.obj (.bss:lastbuffer$3)
                  200022c4    00000018     open_interface.obj (.bss:firmware$2)
                  200022dc    00000004     (.common:_timeout_ticks)

.data      0    200022e0    00000044     UNINITIALIZED
                  200022e0    00000020     open_interface.obj (.data)
                  20002300    0000000a     ping.obj (.data)
                  2000230a    00000001     Timer.obj (.data)
                  2000230b    00000001     button.obj (.data)
                  2000230c    00000008     rtsv7M4_T_le_v4SPD16_eabi.lib : _lock.c.obj (.data:$O1$$)
                  20002314    00000008                                   : memory.c.obj (.data:$O1$$)
                  2000231c    00000004                                   : errno.c.obj (.data)
                  20002320    00000004                                   : vla_alloc.c.obj (.data)

__llvm_prf_cnts 
*          0    20000000    00000000     UNINITIALIZED

MODULE SUMMARY

       Module                         code    ro data   rw data
       ------                         ----    -------   -------
    .\
       movement.obj                   4536    0         0      
       open_interface.obj             3128    15        56     
       lcd.obj                        824     8         84     
       Scan.obj                       716     0         0      
       ping.obj                       668     0         10     
       tm4c123gh6pm_startup_ccs.obj   12      620       0      
       Timer.obj                      584     0         5      
       main.obj                       452     0         0      
       uart.obj                       360     0         0      
       adc.obj                        304     0         0      
       Servo.obj                      296     0         0      
       button.obj                     140     0         1      
    +--+------------------------------+-------+---------+---------+
       Total:                         12020   643       156    
                                                               
    C:/ti/TivaWare_C_Series-2.1.4.178/driverlib/ccs/Debug/driverlib.lib
       interrupt.obj                  68      0         620    
       cpu.obj                        12      0         0      
    +--+------------------------------+-------+---------+---------+
       Total:                         80      0         620    
                                                               
    C:\ti\ccs1010\ccs\tools\compiler\ti-cgt-arm_20.2.1.LTS\lib\rtsv7M4_T_le_v4SPD16_eabi.lib
       _printfi.c.obj                 4851    0         0      
       e_pow.c.obj                    2496    48        0      
       k_rem_pio2.c.obj               1848    344       0      
       s_sin.c.obj                    1476    0         0      
       e_powf.c.obj                   1420    24        0      
       e_acos.c.obj                   1052    0         0      
       memory.c.obj                   964     0         8      
       vla_alloc.c.obj                564     0         4      
       fd_add_t2.asm.obj              438     0         0      
       k_sin.c.obj                    372     0         0      
       k_cos.c.obj                    364     0         0      
       e_sqrt.c.obj                   344     0         0      
       fd_div_t2.asm.obj              310     0         0      
       s_scalbn.c.obj                 272     0         0      
       fd_cmp_t2.asm.obj              268     0         0      
       ctype.c.obj                    0       257       0      
       fd_mul_t2.asm.obj              252     0         0      
       s_floor.c.obj                  248     0         0      
       s_scalbnf.c.obj                208     0         0      
       s_cosf.c.obj                   180     0         0      
       memcpy_t2.asm.obj              156     0         0      
       ull_div_t2.asm.obj             150     0         0      
       vsnprintf.c.obj                136     0         0      
       memset_t2.asm.obj              122     0         0      
       fd_tos_t2.asm.obj              110     0         0      
       copy_decompress_lzss.c.obj     104     0         0      
       s_frexp.c.obj                  100     0         0      
       sprintf.c.obj                  98      0         0      
       _ltoa.c.obj                    84      0         0      
       atoi.c.obj                     76      0         0      
       fd_toi_t2.asm.obj              72      0         0      
       autoinit.c.obj                 68      0         0      
       fs_tod_t2.asm.obj              56      0         0      
       boot_cortex_m.c.obj            52      0         0      
       i_tofd_t2.asm.obj              46      0         0      
       e_sqrtf.c.obj                  40      0         0      
       u_tofd_t2.asm.obj              32      0         0      
       copy_zero_init.c.obj           28      0         0      
       memccpy.c.obj                  28      0         0      
       s_copysign.c.obj               26      0         0      
       s_copysignf.c.obj              24      0         0      
       strcmp.c.obj                   24      0         0      
       strchr.c.obj                   22      0         0      
       strcpy.c.obj                   20      0         0      
       strlen.c.obj                   20      0         0      
       wcslen.c.obj                   18      0         0      
       copy_decompress_none.c.obj     14      0         0      
       errno.c.obj                    8       0         4      
       _lock.c.obj                    2       0         8      
       error.c.obj                    4       0         0      
       exit.c.obj                     4       0         0      
       pre_init.c.obj                 4       0         0      
       div0.asm.obj                   2       0         0      
    +--+------------------------------+-------+---------+---------+
       Total:                         19677   673       24     
                                                               
       Heap:                          0       0         4096   
       Stack:                         0       0         4096   
       Linker Generated:              0       77        0      
    +--+------------------------------+-------+---------+---------+
       Grand Total:                   31777   1393      8992   


LINKER GENERATED COPY TABLES

__TI_cinit_table @ 00008190 records: 3, size/record: 8, table size: 24
	.data: load addr=00008158, load size=00000019 bytes, run addr=200022e0, run size=00000044 bytes, compression=lzss
	.bss: load addr=00008180, load size=00000008 bytes, run addr=20002270, run size=00000070 bytes, compression=zero_init
	.vtable: load addr=00008188, load size=00000008 bytes, run addr=20000000, run size=0000026c bytes, compression=zero_init


LINKER GENERATED HANDLER TABLE

__TI_handler_table @ 00008174 records: 3, size/record: 4, table size: 12
	index: 0, handler: __TI_zero_init
	index: 1, handler: __TI_decompress_lzss
	index: 2, handler: __TI_decompress_none


GLOBAL SYMBOLS: SORTED ALPHABETICALLY BY Name 

address   name                          
-------   ----                          
00007e95  C$$EXIT                       
00007e59  CPUcpsie                      
20002304  END_TIME                      
00001d7b  GPIOF_Handler                 
00007e2b  IntMasterEnable               
00007bbd  IntRegister                   
00007e65  ResetISR                      
20002300  START_TIME                    
20002308  STATE                         
0000522d  TIMER3B_Handler               
20001270  __STACK_END                   
00001000  __STACK_SIZE                  
20000470  __STACK_TOP                   
00001000  __SYSMEM_SIZE                 
00008190  __TI_CINIT_Base               
000081a8  __TI_CINIT_Limit              
00008174  __TI_Handler_Table_Base       
00008180  __TI_Handler_Table_Limit      
00007a49  __TI_auto_init_nobinit_nopinit
000077ed  __TI_decompress_lzss          
00007e4b  __TI_decompress_none          
0000790f  __TI_ltoa                     
ffffffff  __TI_pprof_out_hndl           
00002045  __TI_printfi                  
ffffffff  __TI_prof_data_size           
ffffffff  __TI_prof_data_start          
00000000  __TI_static_base__            
00007cf5  __TI_zero_init_nomemset       
00007e8d  __abort_execution             
00007431  __aeabi_cdcmpeq               
00007431  __aeabi_cdcmple               
000074b7  __aeabi_cdrcmple              
0000777f  __aeabi_d2f                   
00007a01  __aeabi_d2iz                  
00005bdf  __aeabi_dadd                  
000065b5  __aeabi_ddiv                  
00006c81  __aeabi_dmul                  
00005bd5  __aeabi_dsub                  
00007e7d  __aeabi_errno_addr            
00007b85  __aeabi_f2d                   
00007c55  __aeabi_i2d                   
00005d8b  __aeabi_idiv0                 
00005d8b  __aeabi_ldiv0                 
0000753d  __aeabi_memclr                
0000753d  __aeabi_memclr4               
0000753d  __aeabi_memclr8               
00007273  __aeabi_memcpy                
00007273  __aeabi_memcpy4               
00007273  __aeabi_memcpy8               
0000753f  __aeabi_memset                
0000753f  __aeabi_memset4               
0000753f  __aeabi_memset8               
00007cd5  __aeabi_ui2d                  
0000730f  __aeabi_uldivmod              
ffffffff  __binit__                     
ffffffff  __c_args__                    
00005f01  __kernel_cos                  
00003455  __kernel_rem_pio2             
00005d8d  __kernel_sin                  
UNDEFED   __mpu_init                    
20000270  __stack                       
20000000  __start___llvm_prf_cnts       
20000000  __stop___llvm_prf_cnts        
0000632d  __vla_alloc                   
00007631  __vla_dealloc                 
00007bf1  _c_int00_noargs               
00007ff0  _ctypes_                      
2000230c  _lock                         
00002a93  _nop                          
2000230a  _running                      
20001270  _sys_memory                   
UNDEFED   _system_post_cinit            
00007e91  _system_pre_init              
200022dc  _timeout_ticks                
20002310  _unlock                       
00007e95  abort                         
000046dd  acos                          
000046dd  acosl                         
000066ed  adc_init                      
0000679d  adc_read                      
00006b79  aligned_alloc                 
000079b5  atoi                          
00000dd1  avoidCollision                
ffffffff  binit                         
000073e5  button_getButton              
000073a5  button_init                   
00007b4d  calloc                        
00000be1  colorCheck                    
00007d49  copysign                      
00007d93  copysignf                     
00007d49  copysignl                     
0000710d  cosf                          
2000231c  errno                         
00004ee5  findObjects                   
00006d7d  floor                         
00006d7d  floorl                        
00006e75  free                          
00007855  frexp                         
00007855  frexpl                        
20000000  g_pfnRAMVectors               
00000000  g_pfnVectors                  
00001b37  go_charge                     
0000046d  homebase_check                
00007e3b  lcd_clear                     
00004ccd  lcd_gotoLine                  
00004b35  lcd_init                      
00004d33  lcd_printf                    
00004bf5  lcd_putc                      
00004c2d  lcd_puts                      
00004af9  lcd_reverseNibble             
00004c4b  lcd_sendCommand               
00004c89  lcd_sendNibble                
00004cf5  lcd_setCursorPos              
00006a69  ldexp                         
0000703d  ldexpf                        
00006a69  ldexpl                        
00005a11  main                          
00007e85  malloc                        
00006b79  memalign                      
00007d2d  memccpy                       
00007273  memcpy                        
00007545  memset                        
200022e0  motor_cal_factor_L            
200022e4  motor_cal_factor_R            
00000309  move_backwards                
0000026d  move_forward                  
000010a9  movet_peg                     
00001425  oi_alloc                      
00001c61  oi_checkFirmware              
0000147f  oi_close                      
00001431  oi_free                       
00001fa5  oi_getMotorCalibrationLeft    
00001fb9  oi_getMotorCalibrationRight   
00001469  oi_init                       
00001441  oi_init_noupdate              
00001acd  oi_loadSong                   
00007dab  oi_parseInt                   
000014e3  oi_parsePacket                
00001b23  oi_play_song                  
00001a03  oi_setLeds                    
00001f69  oi_setMotorCalibration        
00001a47  oi_setWheels                  
00001d09  oi_shutoff_init               
00001b45  oi_uartInit                   
00001be9  oi_uartReceive                
00001c2f  oi_uartSendBuff               
00001bcd  oi_uartSendChar               
00001c11  oi_uartSendStr                
00001491  oi_update                     
00001349  outputPegData                 
20002309  overflow_count                
000012b5  peg_check                     
0000526d  ping_getDistance              
000050ed  ping_init                     
000051cd  ping_trigger                  
00002a95  pow                           
00004151  powf                          
00002a95  powl                          
00006f59  realloc                       
00006a69  scalbn                        
0000703d  scalbnf                       
00006a69  scalbnl                       
00004e35  scan                          
00004e21  scan_init                     
0000681d  servo_init                    
000068a1  servo_move                    
00003b8d  sin                           
00003b8d  sinl                          
00007a8d  sprintf                       
000061d5  sqrt                          
00007cad  sqrtf                         
000061d5  sqrtl                         
00007ddb  strchr                        
00007dc3  strcmp                        
00007df1  strcpy                        
00007e05  strlen                        
00005717  timer_getMicros               
000056bf  timer_getMillis               
000055f9  timer_init                    
0000569b  timer_pause                   
000056ad  timer_resume                  
00005671  timer_stop                    
00005771  timer_waitMicros              
000057a3  timer_waitMillis              
000003e1  turn_left                     
00000a3d  turn_left_dist                
00000373  turn_right                    
000009c5  turn_right_dist               
0000606d  uart_init                     
0000612b  uart_receive                  
00006151  uart_receive_nonblocking      
0000610f  uart_sendChar                 
0000617b  uart_sendStr                  
00000b27  updateRedPegArray             
00000ac5  updateWhitePegArray           
00007acd  vsnprintf                     
00007e19  wcslen                        


GLOBAL SYMBOLS: SORTED BY Symbol Address 

address   name                          
-------   ----                          
00000000  __TI_static_base__            
00000000  g_pfnVectors                  
0000026d  move_forward                  
00000309  move_backwards                
00000373  turn_right                    
000003e1  turn_left                     
0000046d  homebase_check                
000009c5  turn_right_dist               
00000a3d  turn_left_dist                
00000ac5  updateWhitePegArray           
00000b27  updateRedPegArray             
00000be1  colorCheck                    
00000dd1  avoidCollision                
00001000  __STACK_SIZE                  
00001000  __SYSMEM_SIZE                 
000010a9  movet_peg                     
000012b5  peg_check                     
00001349  outputPegData                 
00001425  oi_alloc                      
00001431  oi_free                       
00001441  oi_init_noupdate              
00001469  oi_init                       
0000147f  oi_close                      
00001491  oi_update                     
000014e3  oi_parsePacket                
00001a03  oi_setLeds                    
00001a47  oi_setWheels                  
00001acd  oi_loadSong                   
00001b23  oi_play_song                  
00001b37  go_charge                     
00001b45  oi_uartInit                   
00001bcd  oi_uartSendChar               
00001be9  oi_uartReceive                
00001c11  oi_uartSendStr                
00001c2f  oi_uartSendBuff               
00001c61  oi_checkFirmware              
00001d09  oi_shutoff_init               
00001d7b  GPIOF_Handler                 
00001f69  oi_setMotorCalibration        
00001fa5  oi_getMotorCalibrationLeft    
00001fb9  oi_getMotorCalibrationRight   
00002045  __TI_printfi                  
00002a93  _nop                          
00002a95  pow                           
00002a95  powl                          
00003455  __kernel_rem_pio2             
00003b8d  sin                           
00003b8d  sinl                          
00004151  powf                          
000046dd  acos                          
000046dd  acosl                         
00004af9  lcd_reverseNibble             
00004b35  lcd_init                      
00004bf5  lcd_putc                      
00004c2d  lcd_puts                      
00004c4b  lcd_sendCommand               
00004c89  lcd_sendNibble                
00004ccd  lcd_gotoLine                  
00004cf5  lcd_setCursorPos              
00004d33  lcd_printf                    
00004e21  scan_init                     
00004e35  scan                          
00004ee5  findObjects                   
000050ed  ping_init                     
000051cd  ping_trigger                  
0000522d  TIMER3B_Handler               
0000526d  ping_getDistance              
000055f9  timer_init                    
00005671  timer_stop                    
0000569b  timer_pause                   
000056ad  timer_resume                  
000056bf  timer_getMillis               
00005717  timer_getMicros               
00005771  timer_waitMicros              
000057a3  timer_waitMillis              
00005a11  main                          
00005bd5  __aeabi_dsub                  
00005bdf  __aeabi_dadd                  
00005d8b  __aeabi_idiv0                 
00005d8b  __aeabi_ldiv0                 
00005d8d  __kernel_sin                  
00005f01  __kernel_cos                  
0000606d  uart_init                     
0000610f  uart_sendChar                 
0000612b  uart_receive                  
00006151  uart_receive_nonblocking      
0000617b  uart_sendStr                  
000061d5  sqrt                          
000061d5  sqrtl                         
0000632d  __vla_alloc                   
000065b5  __aeabi_ddiv                  
000066ed  adc_init                      
0000679d  adc_read                      
0000681d  servo_init                    
000068a1  servo_move                    
00006a69  ldexp                         
00006a69  ldexpl                        
00006a69  scalbn                        
00006a69  scalbnl                       
00006b79  aligned_alloc                 
00006b79  memalign                      
00006c81  __aeabi_dmul                  
00006d7d  floor                         
00006d7d  floorl                        
00006e75  free                          
00006f59  realloc                       
0000703d  ldexpf                        
0000703d  scalbnf                       
0000710d  cosf                          
00007273  __aeabi_memcpy                
00007273  __aeabi_memcpy4               
00007273  __aeabi_memcpy8               
00007273  memcpy                        
0000730f  __aeabi_uldivmod              
000073a5  button_init                   
000073e5  button_getButton              
00007431  __aeabi_cdcmpeq               
00007431  __aeabi_cdcmple               
000074b7  __aeabi_cdrcmple              
0000753d  __aeabi_memclr                
0000753d  __aeabi_memclr4               
0000753d  __aeabi_memclr8               
0000753f  __aeabi_memset                
0000753f  __aeabi_memset4               
0000753f  __aeabi_memset8               
00007545  memset                        
00007631  __vla_dealloc                 
0000777f  __aeabi_d2f                   
000077ed  __TI_decompress_lzss          
00007855  frexp                         
00007855  frexpl                        
0000790f  __TI_ltoa                     
000079b5  atoi                          
00007a01  __aeabi_d2iz                  
00007a49  __TI_auto_init_nobinit_nopinit
00007a8d  sprintf                       
00007acd  vsnprintf                     
00007b4d  calloc                        
00007b85  __aeabi_f2d                   
00007bbd  IntRegister                   
00007bf1  _c_int00_noargs               
00007c55  __aeabi_i2d                   
00007cad  sqrtf                         
00007cd5  __aeabi_ui2d                  
00007cf5  __TI_zero_init_nomemset       
00007d2d  memccpy                       
00007d49  copysign                      
00007d49  copysignl                     
00007d93  copysignf                     
00007dab  oi_parseInt                   
00007dc3  strcmp                        
00007ddb  strchr                        
00007df1  strcpy                        
00007e05  strlen                        
00007e19  wcslen                        
00007e2b  IntMasterEnable               
00007e3b  lcd_clear                     
00007e4b  __TI_decompress_none          
00007e59  CPUcpsie                      
00007e65  ResetISR                      
00007e7d  __aeabi_errno_addr            
00007e85  malloc                        
00007e8d  __abort_execution             
00007e91  _system_pre_init              
00007e95  C$$EXIT                       
00007e95  abort                         
00007ff0  _ctypes_                      
00008174  __TI_Handler_Table_Base       
00008180  __TI_Handler_Table_Limit      
00008190  __TI_CINIT_Base               
000081a8  __TI_CINIT_Limit              
20000000  __start___llvm_prf_cnts       
20000000  __stop___llvm_prf_cnts        
20000000  g_pfnRAMVectors               
20000270  __stack                       
20000470  __STACK_TOP                   
20001270  __STACK_END                   
20001270  _sys_memory                   
200022dc  _timeout_ticks                
200022e0  motor_cal_factor_L            
200022e4  motor_cal_factor_R            
20002300  START_TIME                    
20002304  END_TIME                      
20002308  STATE                         
20002309  overflow_count                
2000230a  _running                      
2000230c  _lock                         
20002310  _unlock                       
2000231c  errno                         
ffffffff  __TI_pprof_out_hndl           
ffffffff  __TI_prof_data_size           
ffffffff  __TI_prof_data_start          
ffffffff  __binit__                     
ffffffff  __c_args__                    
ffffffff  binit                         
UNDEFED   __mpu_init                    
UNDEFED   _system_post_cinit            

[197 symbols]
