<?xml version="1.0" encoding="ISO-8859-1" ?>
<link_info>
   <banner>TI ARM Linker PC v20.2.1.LTS</banner>
   <copyright>Copyright (c) 1996-2018 Texas Instruments Incorporated</copyright>
   <link_time>0x608c545f</link_time>
   <link_errors>0x0</link_errors>
   <output_file>Project-3.out</output_file>
   <entry_point>
      <name>_c_int00_noargs</name>
      <address>0x895d</address>
   </entry_point>
   <input_file_list>
      <input_file id="fl-2">
         <path>.\</path>
         <kind>object</kind>
         <file>Scan.obj</file>
         <name>Scan.obj</name>
      </input_file>
      <input_file id="fl-3">
         <path>.\</path>
         <kind>object</kind>
         <file>Servo.obj</file>
         <name>Servo.obj</name>
      </input_file>
      <input_file id="fl-4">
         <path>.\</path>
         <kind>object</kind>
         <file>Timer.obj</file>
         <name>Timer.obj</name>
      </input_file>
      <input_file id="fl-5">
         <path>.\</path>
         <kind>object</kind>
         <file>adc.obj</file>
         <name>adc.obj</name>
      </input_file>
      <input_file id="fl-6">
         <path>.\</path>
         <kind>object</kind>
         <file>button.obj</file>
         <name>button.obj</name>
      </input_file>
      <input_file id="fl-7">
         <path>.\</path>
         <kind>object</kind>
         <file>lcd.obj</file>
         <name>lcd.obj</name>
      </input_file>
      <input_file id="fl-8">
         <path>.\</path>
         <kind>object</kind>
         <file>main.obj</file>
         <name>main.obj</name>
      </input_file>
      <input_file id="fl-9">
         <path>.\</path>
         <kind>object</kind>
         <file>movement.obj</file>
         <name>movement.obj</name>
      </input_file>
      <input_file id="fl-a">
         <path>.\</path>
         <kind>object</kind>
         <file>open_interface.obj</file>
         <name>open_interface.obj</name>
      </input_file>
      <input_file id="fl-b">
         <path>.\</path>
         <kind>object</kind>
         <file>ping.obj</file>
         <name>ping.obj</name>
      </input_file>
      <input_file id="fl-c">
         <path>.\</path>
         <kind>object</kind>
         <file>resetSimulation.obj</file>
         <name>resetSimulation.obj</name>
      </input_file>
      <input_file id="fl-d">
         <path>.\</path>
         <kind>object</kind>
         <file>tm4c123gh6pm_startup_ccs.obj</file>
         <name>tm4c123gh6pm_startup_ccs.obj</name>
      </input_file>
      <input_file id="fl-e">
         <path>.\</path>
         <kind>object</kind>
         <file>uart.obj</file>
         <name>uart.obj</name>
      </input_file>
      <input_file id="fl-15">
         <kind>object</kind>
         <file>&lt;internal&gt;</file>
         <name>&lt;internal&gt;</name>
      </input_file>
      <input_file id="fl-cb">
         <path>C:\ti\ccs1010\ccs\tools\compiler\ti-cgt-arm_20.2.1.LTS\lib\</path>
         <kind>archive</kind>
         <file>rtsv7M4_T_le_v4SPD16_eabi.lib</file>
         <name>e_powf.c.obj</name>
      </input_file>
      <input_file id="fl-cc">
         <path>C:\ti\ccs1010\ccs\tools\compiler\ti-cgt-arm_20.2.1.LTS\lib\</path>
         <kind>archive</kind>
         <file>rtsv7M4_T_le_v4SPD16_eabi.lib</file>
         <name>e_sqrtf.c.obj</name>
      </input_file>
      <input_file id="fl-cd">
         <path>C:\ti\ccs1010\ccs\tools\compiler\ti-cgt-arm_20.2.1.LTS\lib\</path>
         <kind>archive</kind>
         <file>rtsv7M4_T_le_v4SPD16_eabi.lib</file>
         <name>s_cosf.c.obj</name>
      </input_file>
      <input_file id="fl-ce">
         <path>C:\ti\ccs1010\ccs\tools\compiler\ti-cgt-arm_20.2.1.LTS\lib\</path>
         <kind>archive</kind>
         <file>rtsv7M4_T_le_v4SPD16_eabi.lib</file>
         <name>s_scalbnf.c.obj</name>
      </input_file>
      <input_file id="fl-cf">
         <path>C:\ti\ccs1010\ccs\tools\compiler\ti-cgt-arm_20.2.1.LTS\lib\</path>
         <kind>archive</kind>
         <file>rtsv7M4_T_le_v4SPD16_eabi.lib</file>
         <name>s_sinf.c.obj</name>
      </input_file>
      <input_file id="fl-d0">
         <path>C:\ti\ccs1010\ccs\tools\compiler\ti-cgt-arm_20.2.1.LTS\lib\</path>
         <kind>archive</kind>
         <file>rtsv7M4_T_le_v4SPD16_eabi.lib</file>
         <name>e_acos.c.obj</name>
      </input_file>
      <input_file id="fl-d1">
         <path>C:\ti\ccs1010\ccs\tools\compiler\ti-cgt-arm_20.2.1.LTS\lib\</path>
         <kind>archive</kind>
         <file>rtsv7M4_T_le_v4SPD16_eabi.lib</file>
         <name>e_pow.c.obj</name>
      </input_file>
      <input_file id="fl-d2">
         <path>C:\ti\ccs1010\ccs\tools\compiler\ti-cgt-arm_20.2.1.LTS\lib\</path>
         <kind>archive</kind>
         <file>rtsv7M4_T_le_v4SPD16_eabi.lib</file>
         <name>e_sqrt.c.obj</name>
      </input_file>
      <input_file id="fl-d3">
         <path>C:\ti\ccs1010\ccs\tools\compiler\ti-cgt-arm_20.2.1.LTS\lib\</path>
         <kind>archive</kind>
         <file>rtsv7M4_T_le_v4SPD16_eabi.lib</file>
         <name>s_scalbn.c.obj</name>
      </input_file>
      <input_file id="fl-d4">
         <path>C:\ti\ccs1010\ccs\tools\compiler\ti-cgt-arm_20.2.1.LTS\lib\</path>
         <kind>archive</kind>
         <file>rtsv7M4_T_le_v4SPD16_eabi.lib</file>
         <name>sprintf.c.obj</name>
      </input_file>
      <input_file id="fl-d5">
         <path>C:\ti\ccs1010\ccs\tools\compiler\ti-cgt-arm_20.2.1.LTS\lib\</path>
         <kind>archive</kind>
         <file>rtsv7M4_T_le_v4SPD16_eabi.lib</file>
         <name>vsnprintf.c.obj</name>
      </input_file>
      <input_file id="fl-d6">
         <path>C:\ti\ccs1010\ccs\tools\compiler\ti-cgt-arm_20.2.1.LTS\lib\</path>
         <kind>archive</kind>
         <file>rtsv7M4_T_le_v4SPD16_eabi.lib</file>
         <name>s_copysignf.c.obj</name>
      </input_file>
      <input_file id="fl-d7">
         <path>C:\ti\ccs1010\ccs\tools\compiler\ti-cgt-arm_20.2.1.LTS\lib\</path>
         <kind>archive</kind>
         <file>rtsv7M4_T_le_v4SPD16_eabi.lib</file>
         <name>memset_t2.asm.obj</name>
      </input_file>
      <input_file id="fl-d8">
         <path>C:\ti\ccs1010\ccs\tools\compiler\ti-cgt-arm_20.2.1.LTS\lib\</path>
         <kind>archive</kind>
         <file>rtsv7M4_T_le_v4SPD16_eabi.lib</file>
         <name>fd_add_t2.asm.obj</name>
      </input_file>
      <input_file id="fl-d9">
         <path>C:\ti\ccs1010\ccs\tools\compiler\ti-cgt-arm_20.2.1.LTS\lib\</path>
         <kind>archive</kind>
         <file>rtsv7M4_T_le_v4SPD16_eabi.lib</file>
         <name>fd_cmp_t2.asm.obj</name>
      </input_file>
      <input_file id="fl-da">
         <path>C:\ti\ccs1010\ccs\tools\compiler\ti-cgt-arm_20.2.1.LTS\lib\</path>
         <kind>archive</kind>
         <file>rtsv7M4_T_le_v4SPD16_eabi.lib</file>
         <name>fd_div_t2.asm.obj</name>
      </input_file>
      <input_file id="fl-db">
         <path>C:\ti\ccs1010\ccs\tools\compiler\ti-cgt-arm_20.2.1.LTS\lib\</path>
         <kind>archive</kind>
         <file>rtsv7M4_T_le_v4SPD16_eabi.lib</file>
         <name>fd_mul_t2.asm.obj</name>
      </input_file>
      <input_file id="fl-dc">
         <path>C:\ti\ccs1010\ccs\tools\compiler\ti-cgt-arm_20.2.1.LTS\lib\</path>
         <kind>archive</kind>
         <file>rtsv7M4_T_le_v4SPD16_eabi.lib</file>
         <name>fd_toi_t2.asm.obj</name>
      </input_file>
      <input_file id="fl-dd">
         <path>C:\ti\ccs1010\ccs\tools\compiler\ti-cgt-arm_20.2.1.LTS\lib\</path>
         <kind>archive</kind>
         <file>rtsv7M4_T_le_v4SPD16_eabi.lib</file>
         <name>fd_tos_t2.asm.obj</name>
      </input_file>
      <input_file id="fl-de">
         <path>C:\ti\ccs1010\ccs\tools\compiler\ti-cgt-arm_20.2.1.LTS\lib\</path>
         <kind>archive</kind>
         <file>rtsv7M4_T_le_v4SPD16_eabi.lib</file>
         <name>fs_tod_t2.asm.obj</name>
      </input_file>
      <input_file id="fl-df">
         <path>C:\ti\ccs1010\ccs\tools\compiler\ti-cgt-arm_20.2.1.LTS\lib\</path>
         <kind>archive</kind>
         <file>rtsv7M4_T_le_v4SPD16_eabi.lib</file>
         <name>i_tofd_t2.asm.obj</name>
      </input_file>
      <input_file id="fl-e0">
         <path>C:\ti\ccs1010\ccs\tools\compiler\ti-cgt-arm_20.2.1.LTS\lib\</path>
         <kind>archive</kind>
         <file>rtsv7M4_T_le_v4SPD16_eabi.lib</file>
         <name>memcpy_t2.asm.obj</name>
      </input_file>
      <input_file id="fl-e1">
         <path>C:\ti\ccs1010\ccs\tools\compiler\ti-cgt-arm_20.2.1.LTS\lib\</path>
         <kind>archive</kind>
         <file>rtsv7M4_T_le_v4SPD16_eabi.lib</file>
         <name>u_tofd_t2.asm.obj</name>
      </input_file>
      <input_file id="fl-e2">
         <path>C:\ti\ccs1010\ccs\tools\compiler\ti-cgt-arm_20.2.1.LTS\lib\</path>
         <kind>archive</kind>
         <file>rtsv7M4_T_le_v4SPD16_eabi.lib</file>
         <name>copy_zero_init.c.obj</name>
      </input_file>
      <input_file id="fl-e3">
         <path>C:\ti\ccs1010\ccs\tools\compiler\ti-cgt-arm_20.2.1.LTS\lib\</path>
         <kind>archive</kind>
         <file>rtsv7M4_T_le_v4SPD16_eabi.lib</file>
         <name>copy_decompress_none.c.obj</name>
      </input_file>
      <input_file id="fl-e4">
         <path>C:\ti\ccs1010\ccs\tools\compiler\ti-cgt-arm_20.2.1.LTS\lib\</path>
         <kind>archive</kind>
         <file>rtsv7M4_T_le_v4SPD16_eabi.lib</file>
         <name>copy_decompress_lzss.c.obj</name>
      </input_file>
      <input_file id="fl-e5">
         <path>C:\ti\ccs1010\ccs\tools\compiler\ti-cgt-arm_20.2.1.LTS\lib\</path>
         <kind>archive</kind>
         <file>rtsv7M4_T_le_v4SPD16_eabi.lib</file>
         <name>memory.c.obj</name>
      </input_file>
      <input_file id="fl-e6">
         <path>C:\ti\ccs1010\ccs\tools\compiler\ti-cgt-arm_20.2.1.LTS\lib\</path>
         <kind>archive</kind>
         <file>rtsv7M4_T_le_v4SPD16_eabi.lib</file>
         <name>strcmp.c.obj</name>
      </input_file>
      <input_file id="fl-e7">
         <path>C:\ti\ccs1010\ccs\tools\compiler\ti-cgt-arm_20.2.1.LTS\lib\</path>
         <kind>archive</kind>
         <file>rtsv7M4_T_le_v4SPD16_eabi.lib</file>
         <name>strcpy.c.obj</name>
      </input_file>
      <input_file id="fl-e8">
         <path>C:\ti\ccs1010\ccs\tools\compiler\ti-cgt-arm_20.2.1.LTS\lib\</path>
         <kind>archive</kind>
         <file>rtsv7M4_T_le_v4SPD16_eabi.lib</file>
         <name>errno.c.obj</name>
      </input_file>
      <input_file id="fl-e9">
         <path>C:\ti\ccs1010\ccs\tools\compiler\ti-cgt-arm_20.2.1.LTS\lib\</path>
         <kind>archive</kind>
         <file>rtsv7M4_T_le_v4SPD16_eabi.lib</file>
         <name>boot_cortex_m.c.obj</name>
      </input_file>
      <input_file id="fl-ea">
         <path>C:\ti\ccs1010\ccs\tools\compiler\ti-cgt-arm_20.2.1.LTS\lib\</path>
         <kind>archive</kind>
         <file>rtsv7M4_T_le_v4SPD16_eabi.lib</file>
         <name>s_copysign.c.obj</name>
      </input_file>
      <input_file id="fl-eb">
         <path>C:\ti\ccs1010\ccs\tools\compiler\ti-cgt-arm_20.2.1.LTS\lib\</path>
         <kind>archive</kind>
         <file>rtsv7M4_T_le_v4SPD16_eabi.lib</file>
         <name>_printfi.c.obj</name>
      </input_file>
      <input_file id="fl-ec">
         <path>C:\ti\ccs1010\ccs\tools\compiler\ti-cgt-arm_20.2.1.LTS\lib\</path>
         <kind>archive</kind>
         <file>rtsv7M4_T_le_v4SPD16_eabi.lib</file>
         <name>ull_div_t2.asm.obj</name>
      </input_file>
      <input_file id="fl-ed">
         <path>C:\ti\ccs1010\ccs\tools\compiler\ti-cgt-arm_20.2.1.LTS\lib\</path>
         <kind>archive</kind>
         <file>rtsv7M4_T_le_v4SPD16_eabi.lib</file>
         <name>autoinit.c.obj</name>
      </input_file>
      <input_file id="fl-ee">
         <path>C:\ti\ccs1010\ccs\tools\compiler\ti-cgt-arm_20.2.1.LTS\lib\</path>
         <kind>archive</kind>
         <file>rtsv7M4_T_le_v4SPD16_eabi.lib</file>
         <name>pre_init.c.obj</name>
      </input_file>
      <input_file id="fl-ef">
         <path>C:\ti\ccs1010\ccs\tools\compiler\ti-cgt-arm_20.2.1.LTS\lib\</path>
         <kind>archive</kind>
         <file>rtsv7M4_T_le_v4SPD16_eabi.lib</file>
         <name>cpy_tbl.c.obj</name>
      </input_file>
      <input_file id="fl-f0">
         <path>C:\ti\ccs1010\ccs\tools\compiler\ti-cgt-arm_20.2.1.LTS\lib\</path>
         <kind>archive</kind>
         <file>rtsv7M4_T_le_v4SPD16_eabi.lib</file>
         <name>exit.c.obj</name>
      </input_file>
      <input_file id="fl-f1">
         <path>C:\ti\ccs1010\ccs\tools\compiler\ti-cgt-arm_20.2.1.LTS\lib\</path>
         <kind>archive</kind>
         <file>rtsv7M4_T_le_v4SPD16_eabi.lib</file>
         <name>_lock.c.obj</name>
      </input_file>
      <input_file id="fl-f2">
         <path>C:\ti\ccs1010\ccs\tools\compiler\ti-cgt-arm_20.2.1.LTS\lib\</path>
         <kind>archive</kind>
         <file>rtsv7M4_T_le_v4SPD16_eabi.lib</file>
         <name>_ltoa.c.obj</name>
      </input_file>
      <input_file id="fl-f3">
         <path>C:\ti\ccs1010\ccs\tools\compiler\ti-cgt-arm_20.2.1.LTS\lib\</path>
         <kind>archive</kind>
         <file>rtsv7M4_T_le_v4SPD16_eabi.lib</file>
         <name>args_main.c.obj</name>
      </input_file>
      <input_file id="fl-f4">
         <path>C:\ti\ccs1010\ccs\tools\compiler\ti-cgt-arm_20.2.1.LTS\lib\</path>
         <kind>archive</kind>
         <file>rtsv7M4_T_le_v4SPD16_eabi.lib</file>
         <name>atoi.c.obj</name>
      </input_file>
      <input_file id="fl-f5">
         <path>C:\ti\ccs1010\ccs\tools\compiler\ti-cgt-arm_20.2.1.LTS\lib\</path>
         <kind>archive</kind>
         <file>rtsv7M4_T_le_v4SPD16_eabi.lib</file>
         <name>ctype.c.obj</name>
      </input_file>
      <input_file id="fl-f6">
         <path>C:\ti\ccs1010\ccs\tools\compiler\ti-cgt-arm_20.2.1.LTS\lib\</path>
         <kind>archive</kind>
         <file>rtsv7M4_T_le_v4SPD16_eabi.lib</file>
         <name>memccpy.c.obj</name>
      </input_file>
      <input_file id="fl-f7">
         <path>C:\ti\ccs1010\ccs\tools\compiler\ti-cgt-arm_20.2.1.LTS\lib\</path>
         <kind>archive</kind>
         <file>rtsv7M4_T_le_v4SPD16_eabi.lib</file>
         <name>strchr.c.obj</name>
      </input_file>
      <input_file id="fl-f8">
         <path>C:\ti\ccs1010\ccs\tools\compiler\ti-cgt-arm_20.2.1.LTS\lib\</path>
         <kind>archive</kind>
         <file>rtsv7M4_T_le_v4SPD16_eabi.lib</file>
         <name>strlen.c.obj</name>
      </input_file>
      <input_file id="fl-f9">
         <path>C:\ti\ccs1010\ccs\tools\compiler\ti-cgt-arm_20.2.1.LTS\lib\</path>
         <kind>archive</kind>
         <file>rtsv7M4_T_le_v4SPD16_eabi.lib</file>
         <name>s_frexp.c.obj</name>
      </input_file>
      <input_file id="fl-fa">
         <path>C:\ti\ccs1010\ccs\tools\compiler\ti-cgt-arm_20.2.1.LTS\lib\</path>
         <kind>archive</kind>
         <file>rtsv7M4_T_le_v4SPD16_eabi.lib</file>
         <name>wcslen.c.obj</name>
      </input_file>
      <input_file id="fl-fb">
         <path>C:\ti\ccs1010\ccs\tools\compiler\ti-cgt-arm_20.2.1.LTS\lib\</path>
         <kind>archive</kind>
         <file>rtsv7M4_T_le_v4SPD16_eabi.lib</file>
         <name>div0.asm.obj</name>
      </input_file>
      <input_file id="fl-fc">
         <path>C:\ti\TivaWare_C_Series-2.1.4.178\driverlib\ccs\Debug\</path>
         <kind>archive</kind>
         <file>driverlib.lib</file>
         <name>interrupt.obj</name>
      </input_file>
      <input_file id="fl-fd">
         <path>C:\ti\TivaWare_C_Series-2.1.4.178\driverlib\ccs\Debug\</path>
         <kind>archive</kind>
         <file>driverlib.lib</file>
         <name>cpu.obj</name>
      </input_file>
   </input_file_list>
   <object_component_list>
      <object_component id="oc-12">
         <name>.intvecs</name>
         <load_address>0x0</load_address>
         <run_address>0x0</run_address>
         <size>0x26c</size>
         <input_file_ref idref="fl-d"/>
      </object_component>
      <object_component id="oc-10a">
         <name>.text</name>
         <load_address>0x26c</load_address>
         <run_address>0x26c</run_address>
         <size>0x32e8</size>
         <input_file_ref idref="fl-9"/>
      </object_component>
      <object_component id="oc-f4">
         <name>.text</name>
         <load_address>0x3554</load_address>
         <run_address>0x3554</run_address>
         <size>0xc20</size>
         <input_file_ref idref="fl-a"/>
      </object_component>
      <object_component id="oc-1ef">
         <name>.text:__TI_printfi</name>
         <load_address>0x4174</load_address>
         <run_address>0x4174</run_address>
         <size>0xa4e</size>
         <input_file_ref idref="fl-eb"/>
      </object_component>
      <object_component id="oc-32c">
         <name>.text:_nop</name>
         <load_address>0x4bc2</load_address>
         <run_address>0x4bc2</run_address>
         <size>0x2</size>
         <input_file_ref idref="fl-f1"/>
      </object_component>
      <object_component id="oc-1a2">
         <name>.text:pow</name>
         <load_address>0x4bc4</load_address>
         <run_address>0x4bc4</run_address>
         <size>0x9c0</size>
         <input_file_ref idref="fl-d1"/>
      </object_component>
      <object_component id="oc-20a">
         <name>.text:powf</name>
         <load_address>0x5584</load_address>
         <run_address>0x5584</run_address>
         <size>0x58c</size>
         <input_file_ref idref="fl-cb"/>
      </object_component>
      <object_component id="oc-216">
         <name>.text:acos</name>
         <load_address>0x5b10</load_address>
         <run_address>0x5b10</run_address>
         <size>0x41c</size>
         <input_file_ref idref="fl-d0"/>
      </object_component>
      <object_component id="oc-e2">
         <name>.text</name>
         <load_address>0x5f2c</load_address>
         <run_address>0x5f2c</run_address>
         <size>0x328</size>
         <input_file_ref idref="fl-7"/>
      </object_component>
      <object_component id="oc-ee">
         <name>.text</name>
         <load_address>0x6254</load_address>
         <run_address>0x6254</run_address>
         <size>0x2c0</size>
         <input_file_ref idref="fl-2"/>
      </object_component>
      <object_component id="oc-18b">
         <name>.text</name>
         <load_address>0x6514</load_address>
         <run_address>0x6514</run_address>
         <size>0x2c0</size>
         <input_file_ref idref="fl-b"/>
      </object_component>
      <object_component id="oc-2f2">
         <name>.text:_pconv_a</name>
         <load_address>0x67d4</load_address>
         <run_address>0x67d4</run_address>
         <size>0x270</size>
         <input_file_ref idref="fl-eb"/>
      </object_component>
      <object_component id="oc-dc">
         <name>.text</name>
         <load_address>0x6a44</load_address>
         <run_address>0x6a44</run_address>
         <size>0x248</size>
         <input_file_ref idref="fl-4"/>
      </object_component>
      <object_component id="oc-2e0">
         <name>.text:_pconv_g</name>
         <load_address>0x6c8c</load_address>
         <run_address>0x6c8c</run_address>
         <size>0x1d0</size>
         <input_file_ref idref="fl-eb"/>
      </object_component>
      <object_component id="oc-1de">
         <name>.text</name>
         <load_address>0x6e5c</load_address>
         <run_address>0x6e5c</run_address>
         <size>0x1b6</size>
         <input_file_ref idref="fl-d8"/>
      </object_component>
      <object_component id="oc-416">
         <name>.text</name>
         <load_address>0x7012</load_address>
         <run_address>0x7012</run_address>
         <size>0x2</size>
         <input_file_ref idref="fl-fb"/>
      </object_component>
      <object_component id="oc-e8">
         <name>.text</name>
         <load_address>0x7014</load_address>
         <run_address>0x7014</run_address>
         <size>0x168</size>
         <input_file_ref idref="fl-e"/>
      </object_component>
      <object_component id="oc-222">
         <name>.text:sqrt</name>
         <load_address>0x717c</load_address>
         <run_address>0x717c</run_address>
         <size>0x158</size>
         <input_file_ref idref="fl-d2"/>
      </object_component>
      <object_component id="oc-2ec">
         <name>.text:_pconv_e</name>
         <load_address>0x72d4</load_address>
         <run_address>0x72d4</run_address>
         <size>0x13c</size>
         <input_file_ref idref="fl-eb"/>
      </object_component>
      <object_component id="oc-1bc">
         <name>.text</name>
         <load_address>0x7410</load_address>
         <run_address>0x7410</run_address>
         <size>0x136</size>
         <input_file_ref idref="fl-da"/>
      </object_component>
      <object_component id="oc-191">
         <name>.text</name>
         <load_address>0x7548</load_address>
         <run_address>0x7548</run_address>
         <size>0x130</size>
         <input_file_ref idref="fl-5"/>
      </object_component>
      <object_component id="oc-a2">
         <name>.text</name>
         <load_address>0x7678</load_address>
         <run_address>0x7678</run_address>
         <size>0x12a</size>
         <input_file_ref idref="fl-8"/>
      </object_component>
      <object_component id="oc-197">
         <name>.text</name>
         <load_address>0x77a4</load_address>
         <run_address>0x77a4</run_address>
         <size>0x128</size>
         <input_file_ref idref="fl-3"/>
      </object_component>
      <object_component id="oc-3a3">
         <name>.text:fcvt</name>
         <load_address>0x78cc</load_address>
         <run_address>0x78cc</run_address>
         <size>0x124</size>
         <input_file_ref idref="fl-eb"/>
      </object_component>
      <object_component id="oc-299">
         <name>.text:scalbn</name>
         <load_address>0x79f0</load_address>
         <run_address>0x79f0</run_address>
         <size>0x110</size>
         <input_file_ref idref="fl-d3"/>
      </object_component>
      <object_component id="oc-376">
         <name>.text:aligned_alloc</name>
         <load_address>0x7b00</load_address>
         <run_address>0x7b00</run_address>
         <size>0x108</size>
         <input_file_ref idref="fl-e5"/>
      </object_component>
      <object_component id="oc-1a8">
         <name>.text</name>
         <load_address>0x7c08</load_address>
         <run_address>0x7c08</run_address>
         <size>0xfc</size>
         <input_file_ref idref="fl-db"/>
      </object_component>
      <object_component id="oc-1c8">
         <name>.text:free</name>
         <load_address>0x7d04</load_address>
         <run_address>0x7d04</run_address>
         <size>0xe4</size>
         <input_file_ref idref="fl-e5"/>
      </object_component>
      <object_component id="oc-315">
         <name>.text:scalbnf</name>
         <load_address>0x7de8</load_address>
         <run_address>0x7de8</run_address>
         <size>0xd0</size>
         <input_file_ref idref="fl-ce"/>
      </object_component>
      <object_component id="oc-204">
         <name>.text:cosf</name>
         <load_address>0x7eb8</load_address>
         <run_address>0x7eb8</run_address>
         <size>0xb4</size>
         <input_file_ref idref="fl-cd"/>
      </object_component>
      <object_component id="oc-2da">
         <name>.text:_ltostr</name>
         <load_address>0x7f6c</load_address>
         <run_address>0x7f6c</run_address>
         <size>0xb1</size>
         <input_file_ref idref="fl-eb"/>
      </object_component>
      <object_component id="oc-21c">
         <name>.text:sinf</name>
         <load_address>0x8020</load_address>
         <run_address>0x8020</run_address>
         <size>0xa4</size>
         <input_file_ref idref="fl-cf"/>
      </object_component>
      <object_component id="oc-3e">
         <name>.text</name>
         <load_address>0x80c4</load_address>
         <run_address>0x80c4</run_address>
         <size>0x9c</size>
         <input_file_ref idref="fl-e0"/>
      </object_component>
      <object_component id="oc-38a">
         <name>.text</name>
         <load_address>0x8160</load_address>
         <run_address>0x8160</run_address>
         <size>0x96</size>
         <input_file_ref idref="fl-ec"/>
      </object_component>
      <object_component id="oc-d6">
         <name>.text</name>
         <load_address>0x81f8</load_address>
         <run_address>0x81f8</run_address>
         <size>0x8c</size>
         <input_file_ref idref="fl-6"/>
      </object_component>
      <object_component id="oc-105">
         <name>.text:__aeabi_cdcmple</name>
         <load_address>0x8284</load_address>
         <run_address>0x8284</run_address>
         <size>0x86</size>
         <input_file_ref idref="fl-d9"/>
      </object_component>
      <object_component id="oc-1b2">
         <name>.text:__aeabi_cdrcmple</name>
         <load_address>0x830a</load_address>
         <run_address>0x830a</run_address>
         <size>0x86</size>
         <input_file_ref idref="fl-d9"/>
      </object_component>
      <object_component id="oc-96">
         <name>.text</name>
         <load_address>0x8390</load_address>
         <run_address>0x8390</run_address>
         <size>0x7a</size>
         <input_file_ref idref="fl-d7"/>
      </object_component>
      <object_component id="oc-406">
         <name>.text:split</name>
         <load_address>0x840c</load_address>
         <run_address>0x840c</run_address>
         <size>0x70</size>
         <input_file_ref idref="fl-e5"/>
      </object_component>
      <object_component id="oc-39c">
         <name>.text:_mcpy</name>
         <load_address>0x847c</load_address>
         <run_address>0x847c</run_address>
         <size>0x6e</size>
         <input_file_ref idref="fl-eb"/>
      </object_component>
      <object_component id="oc-1b7">
         <name>.text</name>
         <load_address>0x84ea</load_address>
         <run_address>0x84ea</run_address>
         <size>0x6e</size>
         <input_file_ref idref="fl-dd"/>
      </object_component>
      <object_component id="oc-15">
         <name>.text:decompress:lzss:__TI_decompress_lzss</name>
         <load_address>0x8558</load_address>
         <run_address>0x8558</run_address>
         <size>0x68</size>
         <input_file_ref idref="fl-e4"/>
      </object_component>
      <object_component id="oc-3b1">
         <name>.text:frexp</name>
         <load_address>0x85c0</load_address>
         <run_address>0x85c0</run_address>
         <size>0x64</size>
         <input_file_ref idref="fl-f9"/>
      </object_component>
      <object_component id="oc-2e6">
         <name>.text:_pconv_f</name>
         <load_address>0x8624</load_address>
         <run_address>0x8624</run_address>
         <size>0x56</size>
         <input_file_ref idref="fl-eb"/>
      </object_component>
      <object_component id="oc-390">
         <name>.text:__TI_ltoa</name>
         <load_address>0x867a</load_address>
         <run_address>0x867a</run_address>
         <size>0x54</size>
         <input_file_ref idref="fl-f2"/>
      </object_component>
      <object_component id="oc-396">
         <name>.text:_ecpy</name>
         <load_address>0x86ce</load_address>
         <run_address>0x86ce</run_address>
         <size>0x52</size>
         <input_file_ref idref="fl-eb"/>
      </object_component>
      <object_component id="oc-2d4">
         <name>.text:atoi</name>
         <load_address>0x8720</load_address>
         <run_address>0x8720</run_address>
         <size>0x4c</size>
         <input_file_ref idref="fl-f4"/>
      </object_component>
      <object_component id="oc-1ad">
         <name>.text</name>
         <load_address>0x876c</load_address>
         <run_address>0x876c</run_address>
         <size>0x48</size>
         <input_file_ref idref="fl-dc"/>
      </object_component>
      <object_component id="oc-11e">
         <name>.text:__TI_auto_init_nobinit_nopinit:__TI_auto_init_nobinit_nopinit</name>
         <load_address>0x87b4</load_address>
         <run_address>0x87b4</run_address>
         <size>0x44</size>
         <input_file_ref idref="fl-ed"/>
      </object_component>
      <object_component id="oc-ff">
         <name>.text:sprintf</name>
         <load_address>0x87f8</load_address>
         <run_address>0x87f8</run_address>
         <size>0x40</size>
         <input_file_ref idref="fl-d4"/>
      </object_component>
      <object_component id="oc-16d">
         <name>.text:vsnprintf</name>
         <load_address>0x8838</load_address>
         <run_address>0x8838</run_address>
         <size>0x40</size>
         <input_file_ref idref="fl-d5"/>
      </object_component>
      <object_component id="oc-3a9">
         <name>.text:_fcpy</name>
         <load_address>0x8878</load_address>
         <run_address>0x8878</run_address>
         <size>0x3e</size>
         <input_file_ref idref="fl-eb"/>
      </object_component>
      <object_component id="oc-1c2">
         <name>.text:calloc</name>
         <load_address>0x88b8</load_address>
         <run_address>0x88b8</run_address>
         <size>0x38</size>
         <input_file_ref idref="fl-e5"/>
      </object_component>
      <object_component id="oc-fa">
         <name>.text</name>
         <load_address>0x88f0</load_address>
         <run_address>0x88f0</run_address>
         <size>0x38</size>
         <input_file_ref idref="fl-de"/>
      </object_component>
      <object_component id="oc-159">
         <name>.text:IntRegister</name>
         <load_address>0x8928</load_address>
         <run_address>0x8928</run_address>
         <size>0x34</size>
         <input_file_ref idref="fl-fc"/>
      </object_component>
      <object_component id="oc-5c">
         <name>.text:_c_int00_noargs:_c_int00_noargs</name>
         <load_address>0x895c</load_address>
         <run_address>0x895c</run_address>
         <size>0x34</size>
         <input_file_ref idref="fl-e9"/>
      </object_component>
      <object_component id="oc-25f">
         <name>.text:_outs</name>
         <load_address>0x8990</load_address>
         <run_address>0x8990</run_address>
         <size>0x30</size>
         <input_file_ref idref="fl-d5"/>
      </object_component>
      <object_component id="oc-19d">
         <name>.text</name>
         <load_address>0x89c0</load_address>
         <run_address>0x89c0</run_address>
         <size>0x2e</size>
         <input_file_ref idref="fl-df"/>
      </object_component>
      <object_component id="oc-2b9">
         <name>.text:free_list_insert</name>
         <load_address>0x89f0</load_address>
         <run_address>0x89f0</run_address>
         <size>0x28</size>
         <input_file_ref idref="fl-e5"/>
      </object_component>
      <object_component id="oc-210">
         <name>.text:sqrtf</name>
         <load_address>0x8a18</load_address>
         <run_address>0x8a18</run_address>
         <size>0x28</size>
         <input_file_ref idref="fl-cc"/>
      </object_component>
      <object_component id="oc-284">
         <name>.text</name>
         <load_address>0x8a40</load_address>
         <run_address>0x8a40</run_address>
         <size>0x20</size>
         <input_file_ref idref="fl-e1"/>
      </object_component>
      <object_component id="oc-4a">
         <name>.text:decompress:ZI:__TI_zero_init_nomemset:__TI_zero_init_nomemset</name>
         <load_address>0x8a60</load_address>
         <run_address>0x8a60</run_address>
         <size>0x1c</size>
         <input_file_ref idref="fl-e2"/>
      </object_component>
      <object_component id="oc-2b3">
         <name>.text:free_list_remove</name>
         <load_address>0x8a7c</load_address>
         <run_address>0x8a7c</run_address>
         <size>0x1c</size>
         <input_file_ref idref="fl-e5"/>
      </object_component>
      <object_component id="oc-2f8">
         <name>.text:memccpy</name>
         <load_address>0x8a98</load_address>
         <run_address>0x8a98</run_address>
         <size>0x1c</size>
         <input_file_ref idref="fl-f6"/>
      </object_component>
      <object_component id="oc-362">
         <name>.text:copysign</name>
         <load_address>0x8ab4</load_address>
         <run_address>0x8ab4</run_address>
         <size>0x1a</size>
         <input_file_ref idref="fl-ea"/>
      </object_component>
      <object_component id="oc-265">
         <name>.text:_outc</name>
         <load_address>0x8ace</load_address>
         <run_address>0x8ace</run_address>
         <size>0x18</size>
         <input_file_ref idref="fl-d5"/>
      </object_component>
      <object_component id="oc-1f5">
         <name>.text:_outs</name>
         <load_address>0x8ae6</load_address>
         <run_address>0x8ae6</run_address>
         <size>0x18</size>
         <input_file_ref idref="fl-d4"/>
      </object_component>
      <object_component id="oc-3d3">
         <name>.text:copysignf</name>
         <load_address>0x8afe</load_address>
         <run_address>0x8afe</run_address>
         <size>0x18</size>
         <input_file_ref idref="fl-d6"/>
      </object_component>
      <object_component id="oc-1ce">
         <name>.text:oi_parseInt</name>
         <load_address>0x8b16</load_address>
         <run_address>0x8b16</run_address>
         <size>0x18</size>
         <input_file_ref idref="fl-a"/>
      </object_component>
      <object_component id="oc-173">
         <name>.text:strcmp</name>
         <load_address>0x8b2e</load_address>
         <run_address>0x8b2e</run_address>
         <size>0x18</size>
         <input_file_ref idref="fl-e6"/>
      </object_component>
      <object_component id="oc-3b7">
         <name>.text:strchr</name>
         <load_address>0x8b46</load_address>
         <run_address>0x8b46</run_address>
         <size>0x16</size>
         <input_file_ref idref="fl-f7"/>
      </object_component>
      <object_component id="oc-179">
         <name>.text:strcpy</name>
         <load_address>0x8b5c</load_address>
         <run_address>0x8b5c</run_address>
         <size>0x14</size>
         <input_file_ref idref="fl-e7"/>
      </object_component>
      <object_component id="oc-2ce">
         <name>.text:strlen</name>
         <load_address>0x8b70</load_address>
         <run_address>0x8b70</run_address>
         <size>0x14</size>
         <input_file_ref idref="fl-f8"/>
      </object_component>
      <object_component id="oc-2fe">
         <name>.text:wcslen</name>
         <load_address>0x8b84</load_address>
         <run_address>0x8b84</run_address>
         <size>0x12</size>
         <input_file_ref idref="fl-fa"/>
      </object_component>
      <object_component id="oc-1d5">
         <name>.text:IntMasterEnable</name>
         <load_address>0x8b96</load_address>
         <run_address>0x8b96</run_address>
         <size>0x10</size>
         <input_file_ref idref="fl-fc"/>
      </object_component>
      <object_component id="oc-166">
         <name>.text:lcd_clear</name>
         <load_address>0x8ba6</load_address>
         <run_address>0x8ba6</run_address>
         <size>0x10</size>
         <input_file_ref idref="fl-7"/>
      </object_component>
      <object_component id="oc-1b">
         <name>.text:decompress:none:__TI_decompress_none</name>
         <load_address>0x8bb6</load_address>
         <run_address>0x8bb6</run_address>
         <size>0xe</size>
         <input_file_ref idref="fl-e3"/>
      </object_component>
      <object_component id="oc-2c0">
         <name>.text:CPUcpsie</name>
         <load_address>0x8bc4</load_address>
         <run_address>0x8bc4</run_address>
         <size>0xc</size>
         <input_file_ref idref="fl-fd"/>
      </object_component>
      <object_component id="oc-2a">
         <name>.text</name>
         <load_address>0x8bd0</load_address>
         <run_address>0x8bd0</run_address>
         <size>0xc</size>
         <input_file_ref idref="fl-d"/>
      </object_component>
      <object_component id="oc-1fb">
         <name>.text:_outc</name>
         <load_address>0x8bdc</load_address>
         <run_address>0x8bdc</run_address>
         <size>0xa</size>
         <input_file_ref idref="fl-d4"/>
      </object_component>
      <object_component id="oc-290">
         <name>.text:__aeabi_errno_addr</name>
         <load_address>0x8be8</load_address>
         <run_address>0x8be8</run_address>
         <size>0x8</size>
         <input_file_ref idref="fl-e8"/>
      </object_component>
      <object_component id="oc-2ac">
         <name>.text:malloc</name>
         <load_address>0x8bf0</load_address>
         <run_address>0x8bf0</run_address>
         <size>0x8</size>
         <input_file_ref idref="fl-e5"/>
      </object_component>
      <object_component id="oc-9c">
         <name>.text:_system_pre_init</name>
         <load_address>0x8bf8</load_address>
         <run_address>0x8bf8</run_address>
         <size>0x4</size>
         <input_file_ref idref="fl-ee"/>
      </object_component>
      <object_component id="oc-112">
         <name>.text:abort:abort</name>
         <load_address>0x8bfc</load_address>
         <run_address>0x8bfc</run_address>
         <size>0x4</size>
         <input_file_ref idref="fl-f0"/>
      </object_component>
      <object_component id="oc-385">
         <name>.const:.string:_ctypes_</name>
         <load_address>0x8c00</load_address>
         <run_address>0x8c00</run_address>
         <size>0x101</size>
         <input_file_ref idref="fl-f5"/>
      </object_component>
      <object_component id="oc-17f">
         <name>.const:.string:lineAddress$1</name>
         <load_address>0x8d01</load_address>
         <run_address>0x8d01</run_address>
         <size>0x4</size>
         <input_file_ref idref="fl-7"/>
      </object_component>
      <object_component id="oc-296">
         <name>.const:$O1$$</name>
         <load_address>0x8d08</load_address>
         <run_address>0x8d08</run_address>
         <size>0x30</size>
         <input_file_ref idref="fl-d1"/>
      </object_component>
      <object_component id="oc-31b">
         <name>.const:$O1$$</name>
         <load_address>0x8d38</load_address>
         <run_address>0x8d38</run_address>
         <size>0x18</size>
         <input_file_ref idref="fl-cb"/>
      </object_component>
      <object_component id="oc-1e3">
         <name>.const:.string:$P$T0$3</name>
         <load_address>0x8d50</load_address>
         <run_address>0x8d50</run_address>
         <size>0xf</size>
         <input_file_ref idref="fl-a"/>
      </object_component>
      <object_component id="oc-180">
         <name>.const:.string:lineAddresses$2</name>
         <load_address>0x8d5f</load_address>
         <run_address>0x8d5f</run_address>
         <size>0x4</size>
         <input_file_ref idref="fl-7"/>
      </object_component>
      <object_component id="oc-470">
         <name>.cinit..data.load</name>
         <load_address>0x8d68</load_address>
         <run_address>0x8d68</run_address>
         <size>0x19</size>
      </object_component>
      <object_component id="oc-46d">
         <name>__TI_handler_table</name>
         <load_address>0x8d84</load_address>
         <run_address>0x8d84</run_address>
         <size>0xc</size>
      </object_component>
      <object_component id="oc-471">
         <name>.cinit..bss.load</name>
         <load_address>0x8d90</load_address>
         <run_address>0x8d90</run_address>
         <size>0x8</size>
      </object_component>
      <object_component id="oc-46f">
         <name>.cinit..vtable.load</name>
         <load_address>0x8d98</load_address>
         <run_address>0x8d98</run_address>
         <size>0x8</size>
      </object_component>
      <object_component id="oc-46e">
         <name>__TI_cinit_table</name>
         <load_address>0x8da0</load_address>
         <run_address>0x8da0</run_address>
         <size>0x18</size>
      </object_component>
      <object_component id="oc-251">
         <name>.vtable</name>
         <uninitialized>true</uninitialized>
         <run_address>0x20000000</run_address>
         <size>0x26c</size>
         <input_file_ref idref="fl-fc"/>
      </object_component>
      <object_component id="oc-15f">
         <name>.data</name>
         <load_address>0x2000230a</load_address>
         <run_address>0x2000230a</run_address>
         <size>0x1</size>
         <input_file_ref idref="fl-4"/>
      </object_component>
      <object_component id="oc-157">
         <name>.data</name>
         <load_address>0x2000230b</load_address>
         <run_address>0x2000230b</run_address>
         <size>0x1</size>
         <input_file_ref idref="fl-6"/>
      </object_component>
      <object_component id="oc-1db">
         <name>.data</name>
         <load_address>0x200022e0</load_address>
         <run_address>0x200022e0</run_address>
         <size>0x20</size>
         <input_file_ref idref="fl-a"/>
      </object_component>
      <object_component id="oc-289">
         <name>.data</name>
         <load_address>0x20002300</load_address>
         <run_address>0x20002300</run_address>
         <size>0xa</size>
         <input_file_ref idref="fl-b"/>
      </object_component>
      <object_component id="oc-37d">
         <name>.data:$O1$$</name>
         <load_address>0x20002314</load_address>
         <run_address>0x20002314</run_address>
         <size>0x8</size>
         <input_file_ref idref="fl-e5"/>
      </object_component>
      <object_component id="oc-35b">
         <name>.data</name>
         <load_address>0x2000231c</load_address>
         <run_address>0x2000231c</run_address>
         <size>0x4</size>
         <input_file_ref idref="fl-e8"/>
      </object_component>
      <object_component id="oc-235">
         <name>.data:$O1$$</name>
         <load_address>0x2000230c</load_address>
         <run_address>0x2000230c</run_address>
         <size>0x8</size>
         <input_file_ref idref="fl-f1"/>
      </object_component>
      <object_component id="oc-181">
         <name>.bss:lastbuffer$3</name>
         <uninitialized>true</uninitialized>
         <run_address>0x20002270</run_address>
         <size>0x54</size>
         <input_file_ref idref="fl-7"/>
      </object_component>
      <object_component id="oc-1e6">
         <name>.bss:firmware$2</name>
         <uninitialized>true</uninitialized>
         <run_address>0x200022c4</run_address>
         <size>0x18</size>
         <input_file_ref idref="fl-a"/>
      </object_component>
      <object_component id="oc-162">
         <name>.common:_timeout_ticks</name>
         <uninitialized>true</uninitialized>
         <run_address>0x200022dc</run_address>
         <size>0x4</size>
      </object_component>
      <object_component id="oc-24">
         <name>.sysmem</name>
         <uninitialized>true</uninitialized>
         <run_address>0x20001270</run_address>
         <size>0x10</size>
         <input_file_ref idref="fl-e5"/>
      </object_component>
      <object_component id="oc-474">
         <name>.sysmem</name>
         <uninitialized>true</uninitialized>
         <run_address>0x20001270</run_address>
         <size>0x0</size>
      </object_component>
      <object_component id="oc-27">
         <name>.stack</name>
         <uninitialized>true</uninitialized>
         <run_address>0x20000270</run_address>
         <size>0x4</size>
         <input_file_ref idref="fl-e9"/>
      </object_component>
      <object_component id="oc-473">
         <name>.stack</name>
         <uninitialized>true</uninitialized>
         <run_address>0x20000270</run_address>
         <size>0x0</size>
      </object_component>
      <object_component id="oc-c5">
         <name>.debug_info</name>
         <load_address>0x0</load_address>
         <run_address>0x0</run_address>
         <size>0x40b</size>
         <input_file_ref idref="fl-2"/>
      </object_component>
      <object_component id="oc-f0">
         <name>.debug_info</name>
         <load_address>0x40b</load_address>
         <run_address>0x40b</run_address>
         <size>0x566</size>
         <input_file_ref idref="fl-2"/>
      </object_component>
      <object_component id="oc-152">
         <name>.debug_info</name>
         <load_address>0x971</load_address>
         <run_address>0x971</run_address>
         <size>0xf7</size>
         <input_file_ref idref="fl-2"/>
      </object_component>
      <object_component id="oc-77">
         <name>.debug_info</name>
         <load_address>0xa68</load_address>
         <run_address>0xa68</run_address>
         <size>0x26b</size>
         <input_file_ref idref="fl-2"/>
      </object_component>
      <object_component id="oc-39">
         <name>.debug_info</name>
         <load_address>0xcd3</load_address>
         <run_address>0xcd3</run_address>
         <size>0x84</size>
         <input_file_ref idref="fl-2"/>
      </object_component>
      <object_component id="oc-c0">
         <name>.debug_info</name>
         <load_address>0xd57</load_address>
         <run_address>0xd57</run_address>
         <size>0x2a4</size>
         <input_file_ref idref="fl-2"/>
      </object_component>
      <object_component id="oc-7c">
         <name>.debug_info</name>
         <load_address>0xffb</load_address>
         <run_address>0xffb</run_address>
         <size>0xbb</size>
         <input_file_ref idref="fl-2"/>
      </object_component>
      <object_component id="oc-27d">
         <name>.debug_info</name>
         <load_address>0x10b6</load_address>
         <run_address>0x10b6</run_address>
         <size>0xcc</size>
         <input_file_ref idref="fl-2"/>
      </object_component>
      <object_component id="oc-184">
         <name>.debug_info</name>
         <load_address>0x1182</load_address>
         <run_address>0x1182</run_address>
         <size>0x2c</size>
         <input_file_ref idref="fl-2"/>
      </object_component>
      <object_component id="oc-198">
         <name>.debug_info</name>
         <load_address>0x11ae</load_address>
         <run_address>0x11ae</run_address>
         <size>0x1a4</size>
         <input_file_ref idref="fl-3"/>
      </object_component>
      <object_component id="oc-163">
         <name>.debug_info</name>
         <load_address>0x1352</load_address>
         <run_address>0x1352</run_address>
         <size>0x2b6</size>
         <input_file_ref idref="fl-4"/>
      </object_component>
      <object_component id="oc-160">
         <name>.debug_info</name>
         <load_address>0x1608</load_address>
         <run_address>0x1608</run_address>
         <size>0xc4</size>
         <input_file_ref idref="fl-4"/>
      </object_component>
      <object_component id="oc-dd">
         <name>.debug_info</name>
         <load_address>0x16cc</load_address>
         <run_address>0x16cc</run_address>
         <size>0x50c</size>
         <input_file_ref idref="fl-4"/>
      </object_component>
      <object_component id="oc-194">
         <name>.debug_info</name>
         <load_address>0x1bd8</load_address>
         <run_address>0x1bd8</run_address>
         <size>0x145</size>
         <input_file_ref idref="fl-5"/>
      </object_component>
      <object_component id="oc-d9">
         <name>.debug_info</name>
         <load_address>0x1d1d</load_address>
         <run_address>0x1d1d</run_address>
         <size>0x18d</size>
         <input_file_ref idref="fl-6"/>
      </object_component>
      <object_component id="oc-183">
         <name>.debug_info</name>
         <load_address>0x1eaa</load_address>
         <run_address>0x1eaa</run_address>
         <size>0x37e</size>
         <input_file_ref idref="fl-7"/>
      </object_component>
      <object_component id="oc-168">
         <name>.debug_info</name>
         <load_address>0x2228</load_address>
         <run_address>0x2228</run_address>
         <size>0x119</size>
         <input_file_ref idref="fl-7"/>
      </object_component>
      <object_component id="oc-e5">
         <name>.debug_info</name>
         <load_address>0x2341</load_address>
         <run_address>0x2341</run_address>
         <size>0x8a5</size>
         <input_file_ref idref="fl-7"/>
      </object_component>
      <object_component id="oc-111">
         <name>.debug_info</name>
         <load_address>0x2be6</load_address>
         <run_address>0x2be6</run_address>
         <size>0x439</size>
         <input_file_ref idref="fl-8"/>
      </object_component>
      <object_component id="oc-a3">
         <name>.debug_info</name>
         <load_address>0x301f</load_address>
         <run_address>0x301f</run_address>
         <size>0x312</size>
         <input_file_ref idref="fl-8"/>
      </object_component>
      <object_component id="oc-22c">
         <name>.debug_info</name>
         <load_address>0x3331</load_address>
         <run_address>0x3331</run_address>
         <size>0x5aa</size>
         <input_file_ref idref="fl-8"/>
      </object_component>
      <object_component id="oc-229">
         <name>.debug_info</name>
         <load_address>0x38db</load_address>
         <run_address>0x38db</run_address>
         <size>0x4d1</size>
         <input_file_ref idref="fl-9"/>
      </object_component>
      <object_component id="oc-10d">
         <name>.debug_info</name>
         <load_address>0x3dac</load_address>
         <run_address>0x3dac</run_address>
         <size>0x2c38</size>
         <input_file_ref idref="fl-9"/>
      </object_component>
      <object_component id="oc-1e9">
         <name>.debug_info</name>
         <load_address>0x69e4</load_address>
         <run_address>0x69e4</run_address>
         <size>0x8b</size>
         <input_file_ref idref="fl-9"/>
      </object_component>
      <object_component id="oc-1e8">
         <name>.debug_info</name>
         <load_address>0x6a6f</load_address>
         <run_address>0x6a6f</run_address>
         <size>0x3fb</size>
         <input_file_ref idref="fl-a"/>
      </object_component>
      <object_component id="oc-1dc">
         <name>.debug_info</name>
         <load_address>0x6e6a</load_address>
         <run_address>0x6e6a</run_address>
         <size>0x116</size>
         <input_file_ref idref="fl-a"/>
      </object_component>
      <object_component id="oc-1e4">
         <name>.debug_info</name>
         <load_address>0x6f80</load_address>
         <run_address>0x6f80</run_address>
         <size>0xcb</size>
         <input_file_ref idref="fl-a"/>
      </object_component>
      <object_component id="oc-1cf">
         <name>.debug_info</name>
         <load_address>0x704b</load_address>
         <run_address>0x704b</run_address>
         <size>0x143</size>
         <input_file_ref idref="fl-a"/>
      </object_component>
      <object_component id="oc-f5">
         <name>.debug_info</name>
         <load_address>0x718e</load_address>
         <run_address>0x718e</run_address>
         <size>0x198d</size>
         <input_file_ref idref="fl-a"/>
      </object_component>
      <object_component id="oc-35a">
         <name>.debug_info</name>
         <load_address>0x8b1b</load_address>
         <run_address>0x8b1b</run_address>
         <size>0x321</size>
         <input_file_ref idref="fl-b"/>
      </object_component>
      <object_component id="oc-28a">
         <name>.debug_info</name>
         <load_address>0x8e3c</load_address>
         <run_address>0x8e3c</run_address>
         <size>0x130</size>
         <input_file_ref idref="fl-b"/>
      </object_component>
      <object_component id="oc-18e">
         <name>.debug_info</name>
         <load_address>0x8f6c</load_address>
         <run_address>0x8f6c</run_address>
         <size>0x30c</size>
         <input_file_ref idref="fl-b"/>
      </object_component>
      <object_component id="oc-3f6">
         <name>.debug_info</name>
         <load_address>0x9278</load_address>
         <run_address>0x9278</run_address>
         <size>0x44</size>
         <input_file_ref idref="fl-b"/>
      </object_component>
      <object_component id="oc-32">
         <name>.debug_info</name>
         <load_address>0x92bc</load_address>
         <run_address>0x92bc</run_address>
         <size>0x2a0</size>
         <input_file_ref idref="fl-d"/>
      </object_component>
      <object_component id="oc-13">
         <name>.debug_info</name>
         <load_address>0x955c</load_address>
         <run_address>0x955c</run_address>
         <size>0xdf</size>
         <input_file_ref idref="fl-d"/>
      </object_component>
      <object_component id="oc-2b">
         <name>.debug_info</name>
         <load_address>0x963b</load_address>
         <run_address>0x963b</run_address>
         <size>0x25b</size>
         <input_file_ref idref="fl-d"/>
      </object_component>
      <object_component id="oc-18a">
         <name>.debug_info</name>
         <load_address>0x9896</load_address>
         <run_address>0x9896</run_address>
         <size>0x259</size>
         <input_file_ref idref="fl-e"/>
      </object_component>
      <object_component id="oc-eb">
         <name>.debug_info</name>
         <load_address>0x9aef</load_address>
         <run_address>0x9aef</run_address>
         <size>0x2df</size>
         <input_file_ref idref="fl-e"/>
      </object_component>
      <object_component id="oc-31f">
         <name>.debug_info</name>
         <load_address>0x9dce</load_address>
         <run_address>0x9dce</run_address>
         <size>0x368</size>
         <input_file_ref idref="fl-cb"/>
      </object_component>
      <object_component id="oc-31c">
         <name>.debug_info</name>
         <load_address>0xa136</load_address>
         <run_address>0xa136</run_address>
         <size>0x129</size>
         <input_file_ref idref="fl-cb"/>
      </object_component>
      <object_component id="oc-20b">
         <name>.debug_info</name>
         <load_address>0xa25f</load_address>
         <run_address>0xa25f</run_address>
         <size>0x323</size>
         <input_file_ref idref="fl-cb"/>
      </object_component>
      <object_component id="oc-36f">
         <name>.debug_info</name>
         <load_address>0xa582</load_address>
         <run_address>0xa582</run_address>
         <size>0x46</size>
         <input_file_ref idref="fl-cb"/>
      </object_component>
      <object_component id="oc-2a0">
         <name>.debug_info</name>
         <load_address>0xa5c8</load_address>
         <run_address>0xa5c8</run_address>
         <size>0x39</size>
         <input_file_ref idref="fl-cb"/>
      </object_component>
      <object_component id="oc-322">
         <name>.debug_info</name>
         <load_address>0xa601</load_address>
         <run_address>0xa601</run_address>
         <size>0x2cb</size>
         <input_file_ref idref="fl-cc"/>
      </object_component>
      <object_component id="oc-211">
         <name>.debug_info</name>
         <load_address>0xa8cc</load_address>
         <run_address>0xa8cc</run_address>
         <size>0x171</size>
         <input_file_ref idref="fl-cc"/>
      </object_component>
      <object_component id="oc-205">
         <name>.debug_info</name>
         <load_address>0xaa3d</load_address>
         <run_address>0xaa3d</run_address>
         <size>0x171</size>
         <input_file_ref idref="fl-cd"/>
      </object_component>
      <object_component id="oc-3da">
         <name>.debug_info</name>
         <load_address>0xabae</load_address>
         <run_address>0xabae</run_address>
         <size>0x300</size>
         <input_file_ref idref="fl-ce"/>
      </object_component>
      <object_component id="oc-316">
         <name>.debug_info</name>
         <load_address>0xaeae</load_address>
         <run_address>0xaeae</run_address>
         <size>0x1cc</size>
         <input_file_ref idref="fl-ce"/>
      </object_component>
      <object_component id="oc-401">
         <name>.debug_info</name>
         <load_address>0xb07a</load_address>
         <run_address>0xb07a</run_address>
         <size>0x39</size>
         <input_file_ref idref="fl-ce"/>
      </object_component>
      <object_component id="oc-36a">
         <name>.debug_info</name>
         <load_address>0xb0b3</load_address>
         <run_address>0xb0b3</run_address>
         <size>0x2c</size>
         <input_file_ref idref="fl-ce"/>
      </object_component>
      <object_component id="oc-21d">
         <name>.debug_info</name>
         <load_address>0xb0df</load_address>
         <run_address>0xb0df</run_address>
         <size>0x182</size>
         <input_file_ref idref="fl-cf"/>
      </object_component>
      <object_component id="oc-324">
         <name>.debug_info</name>
         <load_address>0xb261</load_address>
         <run_address>0xb261</run_address>
         <size>0x2e9</size>
         <input_file_ref idref="fl-d0"/>
      </object_component>
      <object_component id="oc-217">
         <name>.debug_info</name>
         <load_address>0xb54a</load_address>
         <run_address>0xb54a</run_address>
         <size>0x7c4</size>
         <input_file_ref idref="fl-d0"/>
      </object_component>
      <object_component id="oc-2a5">
         <name>.debug_info</name>
         <load_address>0xbd0e</load_address>
         <run_address>0xbd0e</run_address>
         <size>0x363</size>
         <input_file_ref idref="fl-d1"/>
      </object_component>
      <object_component id="oc-297">
         <name>.debug_info</name>
         <load_address>0xc071</load_address>
         <run_address>0xc071</run_address>
         <size>0x128</size>
         <input_file_ref idref="fl-d1"/>
      </object_component>
      <object_component id="oc-1a3">
         <name>.debug_info</name>
         <load_address>0xc199</load_address>
         <run_address>0xc199</run_address>
         <size>0xbdf</size>
         <input_file_ref idref="fl-d1"/>
      </object_component>
      <object_component id="oc-327">
         <name>.debug_info</name>
         <load_address>0xcd78</load_address>
         <run_address>0xcd78</run_address>
         <size>0x2ca</size>
         <input_file_ref idref="fl-d2"/>
      </object_component>
      <object_component id="oc-223">
         <name>.debug_info</name>
         <load_address>0xd042</load_address>
         <run_address>0xd042</run_address>
         <size>0x24e</size>
         <input_file_ref idref="fl-d2"/>
      </object_component>
      <object_component id="oc-369">
         <name>.debug_info</name>
         <load_address>0xd290</load_address>
         <run_address>0xd290</run_address>
         <size>0x2fd</size>
         <input_file_ref idref="fl-d3"/>
      </object_component>
      <object_component id="oc-29b">
         <name>.debug_info</name>
         <load_address>0xd58d</load_address>
         <run_address>0xd58d</run_address>
         <size>0x225</size>
         <input_file_ref idref="fl-d3"/>
      </object_component>
      <object_component id="oc-202">
         <name>.debug_info</name>
         <load_address>0xd7b2</load_address>
         <run_address>0xd7b2</run_address>
         <size>0x333</size>
         <input_file_ref idref="fl-d4"/>
      </object_component>
      <object_component id="oc-100">
         <name>.debug_info</name>
         <load_address>0xdae5</load_address>
         <run_address>0xdae5</run_address>
         <size>0x1d1</size>
         <input_file_ref idref="fl-d4"/>
      </object_component>
      <object_component id="oc-1f7">
         <name>.debug_info</name>
         <load_address>0xdcb6</load_address>
         <run_address>0xdcb6</run_address>
         <size>0x18d</size>
         <input_file_ref idref="fl-d4"/>
      </object_component>
      <object_component id="oc-1fd">
         <name>.debug_info</name>
         <load_address>0xde43</load_address>
         <run_address>0xde43</run_address>
         <size>0x16d</size>
         <input_file_ref idref="fl-d4"/>
      </object_component>
      <object_component id="oc-26d">
         <name>.debug_info</name>
         <load_address>0xdfb0</load_address>
         <run_address>0xdfb0</run_address>
         <size>0x2c</size>
         <input_file_ref idref="fl-d4"/>
      </object_component>
      <object_component id="oc-26c">
         <name>.debug_info</name>
         <load_address>0xdfdc</load_address>
         <run_address>0xdfdc</run_address>
         <size>0x340</size>
         <input_file_ref idref="fl-d5"/>
      </object_component>
      <object_component id="oc-171">
         <name>.debug_info</name>
         <load_address>0xe31c</load_address>
         <run_address>0xe31c</run_address>
         <size>0x208</size>
         <input_file_ref idref="fl-d5"/>
      </object_component>
      <object_component id="oc-262">
         <name>.debug_info</name>
         <load_address>0xe524</load_address>
         <run_address>0xe524</run_address>
         <size>0x1c6</size>
         <input_file_ref idref="fl-d5"/>
      </object_component>
      <object_component id="oc-268">
         <name>.debug_info</name>
         <load_address>0xe6ea</load_address>
         <run_address>0xe6ea</run_address>
         <size>0x179</size>
         <input_file_ref idref="fl-d5"/>
      </object_component>
      <object_component id="oc-272">
         <name>.debug_info</name>
         <load_address>0xe863</load_address>
         <run_address>0xe863</run_address>
         <size>0x69</size>
         <input_file_ref idref="fl-d5"/>
      </object_component>
      <object_component id="oc-435">
         <name>.debug_info</name>
         <load_address>0xe8cc</load_address>
         <run_address>0xe8cc</run_address>
         <size>0x293</size>
         <input_file_ref idref="fl-d6"/>
      </object_component>
      <object_component id="oc-3d6">
         <name>.debug_info</name>
         <load_address>0xeb5f</load_address>
         <run_address>0xeb5f</run_address>
         <size>0x17e</size>
         <input_file_ref idref="fl-d6"/>
      </object_component>
      <object_component id="oc-99">
         <name>.debug_info</name>
         <load_address>0xecdd</load_address>
         <run_address>0xecdd</run_address>
         <size>0x147</size>
         <input_file_ref idref="fl-d7"/>
      </object_component>
      <object_component id="oc-1e1">
         <name>.debug_info</name>
         <load_address>0xee24</load_address>
         <run_address>0xee24</run_address>
         <size>0x14c</size>
         <input_file_ref idref="fl-d8"/>
      </object_component>
      <object_component id="oc-106">
         <name>.debug_info</name>
         <load_address>0xef70</load_address>
         <run_address>0xef70</run_address>
         <size>0x128</size>
         <input_file_ref idref="fl-d9"/>
      </object_component>
      <object_component id="oc-1b4">
         <name>.debug_info</name>
         <load_address>0xf098</load_address>
         <run_address>0xf098</run_address>
         <size>0x12a</size>
         <input_file_ref idref="fl-d9"/>
      </object_component>
      <object_component id="oc-1be">
         <name>.debug_info</name>
         <load_address>0xf1c2</load_address>
         <run_address>0xf1c2</run_address>
         <size>0x13a</size>
         <input_file_ref idref="fl-da"/>
      </object_component>
      <object_component id="oc-1a9">
         <name>.debug_info</name>
         <load_address>0xf2fc</load_address>
         <run_address>0xf2fc</run_address>
         <size>0x13a</size>
         <input_file_ref idref="fl-db"/>
      </object_component>
      <object_component id="oc-1b0">
         <name>.debug_info</name>
         <load_address>0xf436</load_address>
         <run_address>0xf436</run_address>
         <size>0x12e</size>
         <input_file_ref idref="fl-dc"/>
      </object_component>
      <object_component id="oc-1b9">
         <name>.debug_info</name>
         <load_address>0xf564</load_address>
         <run_address>0xf564</run_address>
         <size>0x13e</size>
         <input_file_ref idref="fl-dd"/>
      </object_component>
      <object_component id="oc-fd">
         <name>.debug_info</name>
         <load_address>0xf6a2</load_address>
         <run_address>0xf6a2</run_address>
         <size>0x12c</size>
         <input_file_ref idref="fl-de"/>
      </object_component>
      <object_component id="oc-19e">
         <name>.debug_info</name>
         <load_address>0xf7ce</load_address>
         <run_address>0xf7ce</run_address>
         <size>0x12c</size>
         <input_file_ref idref="fl-df"/>
      </object_component>
      <object_component id="oc-3f">
         <name>.debug_info</name>
         <load_address>0xf8fa</load_address>
         <run_address>0xf8fa</run_address>
         <size>0x119</size>
         <input_file_ref idref="fl-e0"/>
      </object_component>
      <object_component id="oc-287">
         <name>.debug_info</name>
         <load_address>0xfa13</load_address>
         <run_address>0xfa13</run_address>
         <size>0x12e</size>
         <input_file_ref idref="fl-e1"/>
      </object_component>
      <object_component id="oc-95">
         <name>.debug_info</name>
         <load_address>0xfb41</load_address>
         <run_address>0xfb41</run_address>
         <size>0x2d4</size>
         <input_file_ref idref="fl-e2"/>
      </object_component>
      <object_component id="oc-4b">
         <name>.debug_info</name>
         <load_address>0xfe15</load_address>
         <run_address>0xfe15</run_address>
         <size>0x1d2</size>
         <input_file_ref idref="fl-e2"/>
      </object_component>
      <object_component id="oc-90">
         <name>.debug_info</name>
         <load_address>0xffe7</load_address>
         <run_address>0xffe7</run_address>
         <size>0x46</size>
         <input_file_ref idref="fl-e2"/>
      </object_component>
      <object_component id="oc-cd">
         <name>.debug_info</name>
         <load_address>0x1002d</load_address>
         <run_address>0x1002d</run_address>
         <size>0x2c</size>
         <input_file_ref idref="fl-e2"/>
      </object_component>
      <object_component id="oc-49">
         <name>.debug_info</name>
         <load_address>0x10059</load_address>
         <run_address>0x10059</run_address>
         <size>0x2a8</size>
         <input_file_ref idref="fl-e3"/>
      </object_component>
      <object_component id="oc-1e">
         <name>.debug_info</name>
         <load_address>0x10301</load_address>
         <run_address>0x10301</run_address>
         <size>0x1ea</size>
         <input_file_ref idref="fl-e3"/>
      </object_component>
      <object_component id="oc-44">
         <name>.debug_info</name>
         <load_address>0x104eb</load_address>
         <run_address>0x104eb</run_address>
         <size>0x46</size>
         <input_file_ref idref="fl-e3"/>
      </object_component>
      <object_component id="oc-88">
         <name>.debug_info</name>
         <load_address>0x10531</load_address>
         <run_address>0x10531</run_address>
         <size>0x2c</size>
         <input_file_ref idref="fl-e3"/>
      </object_component>
      <object_component id="oc-86">
         <name>.debug_info</name>
         <load_address>0x1055d</load_address>
         <run_address>0x1055d</run_address>
         <size>0x29e</size>
         <input_file_ref idref="fl-e4"/>
      </object_component>
      <object_component id="oc-17">
         <name>.debug_info</name>
         <load_address>0x107fb</load_address>
         <run_address>0x107fb</run_address>
         <size>0x250</size>
         <input_file_ref idref="fl-e4"/>
      </object_component>
      <object_component id="oc-34">
         <name>.debug_info</name>
         <load_address>0x10a4b</load_address>
         <run_address>0x10a4b</run_address>
         <size>0x60</size>
         <input_file_ref idref="fl-e4"/>
      </object_component>
      <object_component id="oc-c6">
         <name>.debug_info</name>
         <load_address>0x10aab</load_address>
         <run_address>0x10aab</run_address>
         <size>0x46</size>
         <input_file_ref idref="fl-e4"/>
      </object_component>
      <object_component id="oc-81">
         <name>.debug_info</name>
         <load_address>0x10af1</load_address>
         <run_address>0x10af1</run_address>
         <size>0x39</size>
         <input_file_ref idref="fl-e4"/>
      </object_component>
      <object_component id="oc-70">
         <name>.debug_info</name>
         <load_address>0x10b2a</load_address>
         <run_address>0x10b2a</run_address>
         <size>0x3b2</size>
         <input_file_ref idref="fl-e5"/>
      </object_component>
      <object_component id="oc-25">
         <name>.debug_info</name>
         <load_address>0x10edc</load_address>
         <run_address>0x10edc</run_address>
         <size>0x10c</size>
         <input_file_ref idref="fl-e5"/>
      </object_component>
      <object_component id="oc-37e">
         <name>.debug_info</name>
         <load_address>0x10fe8</load_address>
         <run_address>0x10fe8</run_address>
         <size>0x13f</size>
         <input_file_ref idref="fl-e5"/>
      </object_component>
      <object_component id="oc-2b0">
         <name>.debug_info</name>
         <load_address>0x11127</load_address>
         <run_address>0x11127</run_address>
         <size>0x168</size>
         <input_file_ref idref="fl-e5"/>
      </object_component>
      <object_component id="oc-2b6">
         <name>.debug_info</name>
         <load_address>0x1128f</load_address>
         <run_address>0x1128f</run_address>
         <size>0x18e</size>
         <input_file_ref idref="fl-e5"/>
      </object_component>
      <object_component id="oc-2bd">
         <name>.debug_info</name>
         <load_address>0x1141d</load_address>
         <run_address>0x1141d</run_address>
         <size>0x19f</size>
         <input_file_ref idref="fl-e5"/>
      </object_component>
      <object_component id="oc-1cb">
         <name>.debug_info</name>
         <load_address>0x115bc</load_address>
         <run_address>0x115bc</run_address>
         <size>0x203</size>
         <input_file_ref idref="fl-e5"/>
      </object_component>
      <object_component id="oc-409">
         <name>.debug_info</name>
         <load_address>0x117bf</load_address>
         <run_address>0x117bf</run_address>
         <size>0x1db</size>
         <input_file_ref idref="fl-e5"/>
      </object_component>
      <object_component id="oc-1c5">
         <name>.debug_info</name>
         <load_address>0x1199a</load_address>
         <run_address>0x1199a</run_address>
         <size>0x1a5</size>
         <input_file_ref idref="fl-e5"/>
      </object_component>
      <object_component id="oc-37a">
         <name>.debug_info</name>
         <load_address>0x11b3f</load_address>
         <run_address>0x11b3f</run_address>
         <size>0x299</size>
         <input_file_ref idref="fl-e5"/>
      </object_component>
      <object_component id="oc-bb">
         <name>.debug_info</name>
         <load_address>0x11dd8</load_address>
         <run_address>0x11dd8</run_address>
         <size>0xb2</size>
         <input_file_ref idref="fl-e5"/>
      </object_component>
      <object_component id="oc-b6">
         <name>.debug_info</name>
         <load_address>0x11e8a</load_address>
         <run_address>0x11e8a</run_address>
         <size>0x2c</size>
         <input_file_ref idref="fl-e5"/>
      </object_component>
      <object_component id="oc-278">
         <name>.debug_info</name>
         <load_address>0x11eb6</load_address>
         <run_address>0x11eb6</run_address>
         <size>0x28a</size>
         <input_file_ref idref="fl-e6"/>
      </object_component>
      <object_component id="oc-174">
         <name>.debug_info</name>
         <load_address>0x12140</load_address>
         <run_address>0x12140</run_address>
         <size>0x273</size>
         <input_file_ref idref="fl-e6"/>
      </object_component>
      <object_component id="oc-27a">
         <name>.debug_info</name>
         <load_address>0x123b3</load_address>
         <run_address>0x123b3</run_address>
         <size>0x2a4</size>
         <input_file_ref idref="fl-e7"/>
      </object_component>
      <object_component id="oc-17a">
         <name>.debug_info</name>
         <load_address>0x12657</load_address>
         <run_address>0x12657</run_address>
         <size>0x24d</size>
         <input_file_ref idref="fl-e7"/>
      </object_component>
      <object_component id="oc-35f">
         <name>.debug_info</name>
         <load_address>0x128a4</load_address>
         <run_address>0x128a4</run_address>
         <size>0x289</size>
         <input_file_ref idref="fl-e8"/>
      </object_component>
      <object_component id="oc-35c">
         <name>.debug_info</name>
         <load_address>0x12b2d</load_address>
         <run_address>0x12b2d</run_address>
         <size>0x10e</size>
         <input_file_ref idref="fl-e8"/>
      </object_component>
      <object_component id="oc-291">
         <name>.debug_info</name>
         <load_address>0x12c3b</load_address>
         <run_address>0x12c3b</run_address>
         <size>0x14e</size>
         <input_file_ref idref="fl-e8"/>
      </object_component>
      <object_component id="oc-28">
         <name>.debug_info</name>
         <load_address>0x12d89</load_address>
         <run_address>0x12d89</run_address>
         <size>0x10b</size>
         <input_file_ref idref="fl-e9"/>
      </object_component>
      <object_component id="oc-5d">
         <name>.debug_info</name>
         <load_address>0x12e94</load_address>
         <run_address>0x12e94</run_address>
         <size>0x1a9</size>
         <input_file_ref idref="fl-e9"/>
      </object_component>
      <object_component id="oc-365">
         <name>.debug_info</name>
         <load_address>0x1303d</load_address>
         <run_address>0x1303d</run_address>
         <size>0x161</size>
         <input_file_ref idref="fl-ea"/>
      </object_component>
      <object_component id="oc-305">
         <name>.debug_info</name>
         <load_address>0x1319e</load_address>
         <run_address>0x1319e</run_address>
         <size>0x590</size>
         <input_file_ref idref="fl-eb"/>
      </object_component>
      <object_component id="oc-2db">
         <name>.debug_info</name>
         <load_address>0x1372e</load_address>
         <run_address>0x1372e</run_address>
         <size>0x21e</size>
         <input_file_ref idref="fl-eb"/>
      </object_component>
      <object_component id="oc-397">
         <name>.debug_info</name>
         <load_address>0x1394c</load_address>
         <run_address>0x1394c</run_address>
         <size>0x1b3</size>
         <input_file_ref idref="fl-eb"/>
      </object_component>
      <object_component id="oc-39d">
         <name>.debug_info</name>
         <load_address>0x13aff</load_address>
         <run_address>0x13aff</run_address>
         <size>0x21b</size>
         <input_file_ref idref="fl-eb"/>
      </object_component>
      <object_component id="oc-2e1">
         <name>.debug_info</name>
         <load_address>0x13d1a</load_address>
         <run_address>0x13d1a</run_address>
         <size>0x3c0</size>
         <input_file_ref idref="fl-eb"/>
      </object_component>
      <object_component id="oc-3a5">
         <name>.debug_info</name>
         <load_address>0x140da</load_address>
         <run_address>0x140da</run_address>
         <size>0x30a</size>
         <input_file_ref idref="fl-eb"/>
      </object_component>
      <object_component id="oc-3ac">
         <name>.debug_info</name>
         <load_address>0x143e4</load_address>
         <run_address>0x143e4</run_address>
         <size>0x215</size>
         <input_file_ref idref="fl-eb"/>
      </object_component>
      <object_component id="oc-2e9">
         <name>.debug_info</name>
         <load_address>0x145f9</load_address>
         <run_address>0x145f9</run_address>
         <size>0x215</size>
         <input_file_ref idref="fl-eb"/>
      </object_component>
      <object_component id="oc-2ee">
         <name>.debug_info</name>
         <load_address>0x1480e</load_address>
         <run_address>0x1480e</run_address>
         <size>0x304</size>
         <input_file_ref idref="fl-eb"/>
      </object_component>
      <object_component id="oc-2f5">
         <name>.debug_info</name>
         <load_address>0x14b12</load_address>
         <run_address>0x14b12</run_address>
         <size>0x4b5</size>
         <input_file_ref idref="fl-eb"/>
      </object_component>
      <object_component id="oc-1f1">
         <name>.debug_info</name>
         <load_address>0x14fc7</load_address>
         <run_address>0x14fc7</run_address>
         <size>0x5f4</size>
         <input_file_ref idref="fl-eb"/>
      </object_component>
      <object_component id="oc-306">
         <name>.debug_info</name>
         <load_address>0x155bb</load_address>
         <run_address>0x155bb</run_address>
         <size>0x86</size>
         <input_file_ref idref="fl-eb"/>
      </object_component>
      <object_component id="oc-3c9">
         <name>.debug_info</name>
         <load_address>0x15641</load_address>
         <run_address>0x15641</run_address>
         <size>0x39</size>
         <input_file_ref idref="fl-eb"/>
      </object_component>
      <object_component id="oc-42f">
         <name>.debug_info</name>
         <load_address>0x1567a</load_address>
         <run_address>0x1567a</run_address>
         <size>0xb6</size>
         <input_file_ref idref="fl-eb"/>
      </object_component>
      <object_component id="oc-3ce">
         <name>.debug_info</name>
         <load_address>0x15730</load_address>
         <run_address>0x15730</run_address>
         <size>0x46</size>
         <input_file_ref idref="fl-eb"/>
      </object_component>
      <object_component id="oc-30b">
         <name>.debug_info</name>
         <load_address>0x15776</load_address>
         <run_address>0x15776</run_address>
         <size>0x46</size>
         <input_file_ref idref="fl-eb"/>
      </object_component>
      <object_component id="oc-38b">
         <name>.debug_info</name>
         <load_address>0x157bc</load_address>
         <run_address>0x157bc</run_address>
         <size>0x134</size>
         <input_file_ref idref="fl-ec"/>
      </object_component>
      <object_component id="oc-23c">
         <name>.debug_info</name>
         <load_address>0x158f0</load_address>
         <run_address>0x158f0</run_address>
         <size>0x4b3</size>
         <input_file_ref idref="fl-ed"/>
      </object_component>
      <object_component id="oc-120">
         <name>.debug_info</name>
         <load_address>0x15da3</load_address>
         <run_address>0x15da3</run_address>
         <size>0x1a6</size>
         <input_file_ref idref="fl-ed"/>
      </object_component>
      <object_component id="oc-33a">
         <name>.debug_info</name>
         <load_address>0x15f49</load_address>
         <run_address>0x15f49</run_address>
         <size>0x39</size>
         <input_file_ref idref="fl-ed"/>
      </object_component>
      <object_component id="oc-3e8">
         <name>.debug_info</name>
         <load_address>0x15f82</load_address>
         <run_address>0x15f82</run_address>
         <size>0x39</size>
         <input_file_ref idref="fl-ed"/>
      </object_component>
      <object_component id="oc-33f">
         <name>.debug_info</name>
         <load_address>0x15fbb</load_address>
         <run_address>0x15fbb</run_address>
         <size>0x39</size>
         <input_file_ref idref="fl-ed"/>
      </object_component>
      <object_component id="oc-344">
         <name>.debug_info</name>
         <load_address>0x15ff4</load_address>
         <run_address>0x15ff4</run_address>
         <size>0xcd</size>
         <input_file_ref idref="fl-ed"/>
      </object_component>
      <object_component id="oc-9d">
         <name>.debug_info</name>
         <load_address>0x160c1</load_address>
         <run_address>0x160c1</run_address>
         <size>0x153</size>
         <input_file_ref idref="fl-ee"/>
      </object_component>
      <object_component id="oc-116">
         <name>.debug_info</name>
         <load_address>0x16214</load_address>
         <run_address>0x16214</run_address>
         <size>0x122</size>
         <input_file_ref idref="fl-f0"/>
[...]
         <value>0x1a59</value>
         <object_component_ref idref="oc-10a"/>
      </symbol>
      <symbol id="sm-2e8">
         <name>maneuver</name>
         <value>0x4cd</value>
         <object_component_ref idref="oc-10a"/>
      </symbol>
      <symbol id="sm-3b1">
         <name>go_charge</name>
         <value>0x3c67</value>
         <object_component_ref idref="oc-f4"/>
      </symbol>
      <symbol id="sm-3b2">
         <name>GPIOF_Handler</name>
         <value>0x3eab</value>
         <object_component_ref idref="oc-f4"/>
      </symbol>
      <symbol id="sm-3b3">
         <name>oi_free</name>
         <value>0x3561</value>
         <object_component_ref idref="oc-f4"/>
      </symbol>
      <symbol id="sm-3b4">
         <name>oi_getMotorCalibrationRight</name>
         <value>0x40e9</value>
         <object_component_ref idref="oc-f4"/>
      </symbol>
      <symbol id="sm-3b5">
         <name>oi_uartReceive</name>
         <value>0x3d19</value>
         <object_component_ref idref="oc-f4"/>
      </symbol>
      <symbol id="sm-3b6">
         <name>oi_setWheels</name>
         <value>0x3b77</value>
         <object_component_ref idref="oc-f4"/>
      </symbol>
      <symbol id="sm-3b7">
         <name>oi_shutoff_init</name>
         <value>0x3e39</value>
         <object_component_ref idref="oc-f4"/>
      </symbol>
      <symbol id="sm-3b8">
         <name>motor_cal_factor_L</name>
         <value>0x200022e0</value>
         <object_component_ref idref="oc-1db"/>
      </symbol>
      <symbol id="sm-3b9">
         <name>motor_cal_factor_R</name>
         <value>0x200022e4</value>
         <object_component_ref idref="oc-1db"/>
      </symbol>
      <symbol id="sm-3ba">
         <name>oi_parseInt</name>
         <value>0x8b17</value>
         <object_component_ref idref="oc-1ce"/>
      </symbol>
      <symbol id="sm-3bb">
         <name>oi_setMotorCalibration</name>
         <value>0x4099</value>
         <object_component_ref idref="oc-f4"/>
      </symbol>
      <symbol id="sm-3bc">
         <name>oi_uartSendStr</name>
         <value>0x3d41</value>
         <object_component_ref idref="oc-f4"/>
      </symbol>
      <symbol id="sm-3bd">
         <name>oi_close</name>
         <value>0x35af</value>
         <object_component_ref idref="oc-f4"/>
      </symbol>
      <symbol id="sm-3be">
         <name>oi_uartSendBuff</name>
         <value>0x3d5f</value>
         <object_component_ref idref="oc-f4"/>
      </symbol>
      <symbol id="sm-3bf">
         <name>oi_checkFirmware</name>
         <value>0x3d91</value>
         <object_component_ref idref="oc-f4"/>
      </symbol>
      <symbol id="sm-3c0">
         <name>oi_init_noupdate</name>
         <value>0x3571</value>
         <object_component_ref idref="oc-f4"/>
      </symbol>
      <symbol id="sm-3c1">
         <name>oi_uartSendChar</name>
         <value>0x3cfd</value>
         <object_component_ref idref="oc-f4"/>
      </symbol>
      <symbol id="sm-3c2">
         <name>oi_alloc</name>
         <value>0x3555</value>
         <object_component_ref idref="oc-f4"/>
      </symbol>
      <symbol id="sm-3c3">
         <name>oi_getMotorCalibrationLeft</name>
         <value>0x40d5</value>
         <object_component_ref idref="oc-f4"/>
      </symbol>
      <symbol id="sm-3c4">
         <name>oi_loadSong</name>
         <value>0x3bfd</value>
         <object_component_ref idref="oc-f4"/>
      </symbol>
      <symbol id="sm-3c5">
         <name>oi_play_song</name>
         <value>0x3c53</value>
         <object_component_ref idref="oc-f4"/>
      </symbol>
      <symbol id="sm-3c6">
         <name>oi_parsePacket</name>
         <value>0x3613</value>
         <object_component_ref idref="oc-f4"/>
      </symbol>
      <symbol id="sm-3c7">
         <name>oi_setLeds</name>
         <value>0x3b33</value>
         <object_component_ref idref="oc-f4"/>
      </symbol>
      <symbol id="sm-3c8">
         <name>oi_init</name>
         <value>0x3599</value>
         <object_component_ref idref="oc-f4"/>
      </symbol>
      <symbol id="sm-3c9">
         <name>oi_update</name>
         <value>0x35c1</value>
         <object_component_ref idref="oc-f4"/>
      </symbol>
      <symbol id="sm-3ca">
         <name>oi_uartInit</name>
         <value>0x3c75</value>
         <object_component_ref idref="oc-f4"/>
      </symbol>
      <symbol id="sm-40f">
         <name>END_TIME</name>
         <value>0x20002304</value>
         <object_component_ref idref="oc-289"/>
      </symbol>
      <symbol id="sm-410">
         <name>START_TIME</name>
         <value>0x20002300</value>
         <object_component_ref idref="oc-289"/>
      </symbol>
      <symbol id="sm-411">
         <name>STATE</name>
         <value>0x20002308</value>
         <object_component_ref idref="oc-289"/>
      </symbol>
      <symbol id="sm-412">
         <name>TIMER3B_Handler</name>
         <value>0x6679</value>
         <object_component_ref idref="oc-18b"/>
      </symbol>
      <symbol id="sm-413">
         <name>overflow_count</name>
         <value>0x20002309</value>
         <object_component_ref idref="oc-289"/>
      </symbol>
      <symbol id="sm-414">
         <name>ping_init</name>
         <value>0x6515</value>
         <object_component_ref idref="oc-18b"/>
      </symbol>
      <symbol id="sm-415">
         <name>ping_getDistance</name>
         <value>0x66b9</value>
         <object_component_ref idref="oc-18b"/>
      </symbol>
      <symbol id="sm-416">
         <name>ping_trigger</name>
         <value>0x65f5</value>
         <object_component_ref idref="oc-18b"/>
      </symbol>
      <symbol id="sm-433">
         <name>ResetISR</name>
         <value>0x8bd1</value>
         <object_component_ref idref="oc-2a"/>
      </symbol>
      <symbol id="sm-434">
         <name>g_pfnVectors</name>
         <value>0x0</value>
         <object_component_ref idref="oc-12"/>
      </symbol>
      <symbol id="sm-45d">
         <name>uart_sendChar</name>
         <value>0x70b7</value>
         <object_component_ref idref="oc-e8"/>
      </symbol>
      <symbol id="sm-45e">
         <name>uart_init</name>
         <value>0x7015</value>
         <object_component_ref idref="oc-e8"/>
      </symbol>
      <symbol id="sm-45f">
         <name>uart_receive_nonblocking</name>
         <value>0x70f9</value>
         <object_component_ref idref="oc-e8"/>
      </symbol>
      <symbol id="sm-460">
         <name>uart_receive</name>
         <value>0x70d3</value>
         <object_component_ref idref="oc-e8"/>
      </symbol>
      <symbol id="sm-461">
         <name>uart_sendStr</name>
         <value>0x7123</value>
         <object_component_ref idref="oc-e8"/>
      </symbol>
      <symbol id="sm-4cf">
         <name>powf</name>
         <value>0x5585</value>
         <object_component_ref idref="oc-20a"/>
      </symbol>
      <symbol id="sm-4df">
         <name>sqrtf</name>
         <value>0x8a19</value>
         <object_component_ref idref="oc-210"/>
      </symbol>
      <symbol id="sm-4f3">
         <name>cosf</name>
         <value>0x7eb9</value>
         <object_component_ref idref="oc-204"/>
      </symbol>
      <symbol id="sm-51a">
         <name>scalbnf</name>
         <value>0x7de9</value>
         <object_component_ref idref="oc-315"/>
      </symbol>
      <symbol id="sm-51b">
         <name>ldexpf</name>
         <value>0x7de9</value>
         <object_component_ref idref="oc-315"/>
      </symbol>
      <symbol id="sm-52d">
         <name>sinf</name>
         <value>0x8021</value>
         <object_component_ref idref="oc-21c"/>
      </symbol>
      <symbol id="sm-55f">
         <name>acosl</name>
         <value>0x5b11</value>
         <object_component_ref idref="oc-216"/>
      </symbol>
      <symbol id="sm-560">
         <name>acos</name>
         <value>0x5b11</value>
         <object_component_ref idref="oc-216"/>
      </symbol>
      <symbol id="sm-5ed">
         <name>pow</name>
         <value>0x4bc5</value>
         <object_component_ref idref="oc-1a2"/>
      </symbol>
      <symbol id="sm-5ee">
         <name>powl</name>
         <value>0x4bc5</value>
         <object_component_ref idref="oc-1a2"/>
      </symbol>
      <symbol id="sm-610">
         <name>sqrtl</name>
         <value>0x717d</value>
         <object_component_ref idref="oc-222"/>
      </symbol>
      <symbol id="sm-611">
         <name>sqrt</name>
         <value>0x717d</value>
         <object_component_ref idref="oc-222"/>
      </symbol>
      <symbol id="sm-62e">
         <name>scalbn</name>
         <value>0x79f1</value>
         <object_component_ref idref="oc-299"/>
      </symbol>
      <symbol id="sm-62f">
         <name>scalbnl</name>
         <value>0x79f1</value>
         <object_component_ref idref="oc-299"/>
      </symbol>
      <symbol id="sm-630">
         <name>ldexpl</name>
         <value>0x79f1</value>
         <object_component_ref idref="oc-299"/>
      </symbol>
      <symbol id="sm-631">
         <name>ldexp</name>
         <value>0x79f1</value>
         <object_component_ref idref="oc-299"/>
      </symbol>
      <symbol id="sm-658">
         <name>sprintf</name>
         <value>0x87f9</value>
         <object_component_ref idref="oc-ff"/>
      </symbol>
      <symbol id="sm-682">
         <name>vsnprintf</name>
         <value>0x8839</value>
         <object_component_ref idref="oc-16d"/>
      </symbol>
      <symbol id="sm-68f">
         <name>copysignf</name>
         <value>0x8aff</value>
         <object_component_ref idref="oc-3d3"/>
      </symbol>
      <symbol id="sm-69e">
         <name>__aeabi_memset</name>
         <value>0x8393</value>
         <object_component_ref idref="oc-96"/>
      </symbol>
      <symbol id="sm-69f">
         <name>memset</name>
         <value>0x8399</value>
         <object_component_ref idref="oc-96"/>
      </symbol>
      <symbol id="sm-6a0">
         <name>__aeabi_memset8</name>
         <value>0x8393</value>
         <object_component_ref idref="oc-96"/>
      </symbol>
      <symbol id="sm-6a1">
         <name>__aeabi_memset4</name>
         <value>0x8393</value>
         <object_component_ref idref="oc-96"/>
      </symbol>
      <symbol id="sm-6a2">
         <name>__aeabi_memclr8</name>
         <value>0x8391</value>
         <object_component_ref idref="oc-96"/>
      </symbol>
      <symbol id="sm-6a3">
         <name>__aeabi_memclr4</name>
         <value>0x8391</value>
         <object_component_ref idref="oc-96"/>
      </symbol>
      <symbol id="sm-6a4">
         <name>__aeabi_memclr</name>
         <value>0x8391</value>
         <object_component_ref idref="oc-96"/>
      </symbol>
      <symbol id="sm-6bb">
         <name>__aeabi_dsub</name>
         <value>0x6e5d</value>
         <object_component_ref idref="oc-1de"/>
      </symbol>
      <symbol id="sm-6bc">
         <name>__aeabi_dadd</name>
         <value>0x6e67</value>
         <object_component_ref idref="oc-1de"/>
      </symbol>
      <symbol id="sm-6de">
         <name>__aeabi_cdcmpeq</name>
         <value>0x8285</value>
         <object_component_ref idref="oc-105"/>
      </symbol>
      <symbol id="sm-6df">
         <name>__aeabi_cdcmple</name>
         <value>0x8285</value>
         <object_component_ref idref="oc-105"/>
      </symbol>
      <symbol id="sm-6e0">
         <name>__aeabi_cdrcmple</name>
         <value>0x830b</value>
         <object_component_ref idref="oc-1b2"/>
      </symbol>
      <symbol id="sm-6f4">
         <name>__aeabi_ddiv</name>
         <value>0x7411</value>
         <object_component_ref idref="oc-1bc"/>
      </symbol>
      <symbol id="sm-6ff">
         <name>__aeabi_dmul</name>
         <value>0x7c09</value>
         <object_component_ref idref="oc-1a8"/>
      </symbol>
      <symbol id="sm-709">
         <name>__aeabi_d2iz</name>
         <value>0x876d</value>
         <object_component_ref idref="oc-1ad"/>
      </symbol>
      <symbol id="sm-715">
         <name>__aeabi_d2f</name>
         <value>0x84eb</value>
         <object_component_ref idref="oc-1b7"/>
      </symbol>
      <symbol id="sm-720">
         <name>__aeabi_f2d</name>
         <value>0x88f1</value>
         <object_component_ref idref="oc-fa"/>
      </symbol>
      <symbol id="sm-72a">
         <name>__aeabi_i2d</name>
         <value>0x89c1</value>
         <object_component_ref idref="oc-19d"/>
      </symbol>
      <symbol id="sm-745">
         <name>memcpy</name>
         <value>0x80c5</value>
         <object_component_ref idref="oc-3e"/>
      </symbol>
      <symbol id="sm-746">
         <name>__aeabi_memcpy</name>
         <value>0x80c5</value>
         <object_component_ref idref="oc-3e"/>
      </symbol>
      <symbol id="sm-747">
         <name>__aeabi_memcpy8</name>
         <value>0x80c5</value>
         <object_component_ref idref="oc-3e"/>
      </symbol>
      <symbol id="sm-748">
         <name>__aeabi_memcpy4</name>
         <value>0x80c5</value>
         <object_component_ref idref="oc-3e"/>
      </symbol>
      <symbol id="sm-752">
         <name>__aeabi_ui2d</name>
         <value>0x8a41</value>
         <object_component_ref idref="oc-284"/>
      </symbol>
      <symbol id="sm-76b">
         <name>__TI_zero_init_nomemset</name>
         <value>0x8a61</value>
         <object_component_ref idref="oc-4a"/>
      </symbol>
      <symbol id="sm-782">
         <name>__TI_decompress_none</name>
         <value>0x8bb7</value>
         <object_component_ref idref="oc-1b"/>
      </symbol>
      <symbol id="sm-7a5">
         <name>__TI_decompress_lzss</name>
         <value>0x8559</value>
         <object_component_ref idref="oc-15"/>
      </symbol>
      <symbol id="sm-83a">
         <name>_sys_memory</name>
         <value>0x20001270</value>
         <object_component_ref idref="oc-24"/>
      </symbol>
      <symbol id="sm-83b">
         <name>free</name>
         <value>0x7d05</value>
         <object_component_ref idref="oc-1c8"/>
      </symbol>
      <symbol id="sm-83c">
         <name>memalign</name>
         <value>0x7b01</value>
         <object_component_ref idref="oc-376"/>
      </symbol>
      <symbol id="sm-83d">
         <name>calloc</name>
         <value>0x88b9</value>
         <object_component_ref idref="oc-1c2"/>
      </symbol>
      <symbol id="sm-83e">
         <name>malloc</name>
         <value>0x8bf1</value>
         <object_component_ref idref="oc-2ac"/>
      </symbol>
      <symbol id="sm-83f">
         <name>aligned_alloc</name>
         <value>0x7b01</value>
         <object_component_ref idref="oc-376"/>
      </symbol>
      <symbol id="sm-84e">
         <name>strcmp</name>
         <value>0x8b2f</value>
         <object_component_ref idref="oc-173"/>
      </symbol>
      <symbol id="sm-85c">
         <name>strcpy</name>
         <value>0x8b5d</value>
         <object_component_ref idref="oc-179"/>
      </symbol>
      <symbol id="sm-872">
         <name>__aeabi_errno_addr</name>
         <value>0x8be9</value>
         <object_component_ref idref="oc-290"/>
      </symbol>
      <symbol id="sm-873">
         <name>errno</name>
         <value>0x2000231c</value>
         <object_component_ref idref="oc-35b"/>
      </symbol>
      <symbol id="sm-886">
         <name>__stack</name>
         <value>0x20000270</value>
         <object_component_ref idref="oc-27"/>
      </symbol>
      <symbol id="sm-887">
         <name>_c_int00_noargs</name>
         <value>0x895d</value>
         <object_component_ref idref="oc-5c"/>
      </symbol>
      <symbol id="sm-891">
         <name>copysign</name>
         <value>0x8ab5</value>
         <object_component_ref idref="oc-362"/>
      </symbol>
      <symbol id="sm-892">
         <name>copysignl</name>
         <value>0x8ab5</value>
         <object_component_ref idref="oc-362"/>
      </symbol>
      <symbol id="sm-9f7">
         <name>__TI_printfi</name>
         <value>0x4175</value>
         <object_component_ref idref="oc-1ef"/>
      </symbol>
      <symbol id="sm-a04">
         <name>__aeabi_uldivmod</name>
         <value>0x8161</value>
         <object_component_ref idref="oc-38a"/>
      </symbol>
      <symbol id="sm-a2c">
         <name>__TI_auto_init_nobinit_nopinit</name>
         <value>0x87b5</value>
         <object_component_ref idref="oc-11e"/>
      </symbol>
      <symbol id="sm-a36">
         <name>_system_pre_init</name>
         <value>0x8bf9</value>
         <object_component_ref idref="oc-9c"/>
      </symbol>
      <symbol id="sm-a42">
         <name>C$$EXIT</name>
         <value>0x8bfd</value>
         <object_component_ref idref="oc-112"/>
      </symbol>
      <symbol id="sm-a43">
         <name>abort</name>
         <value>0x8bfd</value>
         <object_component_ref idref="oc-112"/>
      </symbol>
      <symbol id="sm-a58">
         <name>_nop</name>
         <value>0x4bc3</value>
         <object_component_ref idref="oc-32c"/>
      </symbol>
      <symbol id="sm-a59">
         <name>_lock</name>
         <value>0x2000230c</value>
         <object_component_ref idref="oc-235"/>
      </symbol>
      <symbol id="sm-a5a">
         <name>_unlock</name>
         <value>0x20002310</value>
         <object_component_ref idref="oc-235"/>
      </symbol>
      <symbol id="sm-a69">
         <name>__TI_ltoa</name>
         <value>0x867b</value>
         <object_component_ref idref="oc-390"/>
      </symbol>
      <symbol id="sm-a80">
         <name>atoi</name>
         <value>0x8721</value>
         <object_component_ref idref="oc-2d4"/>
      </symbol>
      <symbol id="sm-a8b">
         <name>_ctypes_</name>
         <value>0x8c00</value>
         <object_component_ref idref="oc-385"/>
      </symbol>
      <symbol id="sm-a9b">
         <name>memccpy</name>
         <value>0x8a99</value>
         <object_component_ref idref="oc-2f8"/>
      </symbol>
      <symbol id="sm-aab">
         <name>strchr</name>
         <value>0x8b47</value>
         <object_component_ref idref="oc-3b7"/>
      </symbol>
      <symbol id="sm-ab9">
         <name>strlen</name>
         <value>0x8b71</value>
         <object_component_ref idref="oc-2ce"/>
      </symbol>
      <symbol id="sm-acf">
         <name>frexpl</name>
         <value>0x85c1</value>
         <object_component_ref idref="oc-3b1"/>
      </symbol>
      <symbol id="sm-ad0">
         <name>frexp</name>
         <value>0x85c1</value>
         <object_component_ref idref="oc-3b1"/>
      </symbol>
      <symbol id="sm-ae9">
         <name>wcslen</name>
         <value>0x8b85</value>
         <object_component_ref idref="oc-2fe"/>
      </symbol>
      <symbol id="sm-af3">
         <name>__aeabi_idiv0</name>
         <value>0x7013</value>
         <object_component_ref idref="oc-416"/>
      </symbol>
      <symbol id="sm-af4">
         <name>__aeabi_ldiv0</name>
         <value>0x7013</value>
         <object_component_ref idref="oc-416"/>
      </symbol>
      <symbol id="sm-b19">
         <name>IntRegister</name>
         <value>0x8929</value>
         <object_component_ref idref="oc-159"/>
      </symbol>
      <symbol id="sm-b1a">
         <name>g_pfnRAMVectors</name>
         <value>0x20000000</value>
         <object_component_ref idref="oc-251"/>
      </symbol>
      <symbol id="sm-b1b">
         <name>IntMasterEnable</name>
         <value>0x8b97</value>
         <object_component_ref idref="oc-1d5"/>
      </symbol>
      <symbol id="sm-b25">
         <name>CPUcpsie</name>
         <value>0x8bc5</value>
         <object_component_ref idref="oc-2c0"/>
      </symbol>
      <symbol id="sm-b26">
         <name>__TI_static_base__</name>
         <value>0x0</value>
      </symbol>
      <symbol id="sm-b29">
         <name>__mpu_init</name>
         <value>0x0</value>
      </symbol>
      <symbol id="sm-b2a">
         <name>_system_post_cinit</name>
         <value>0x0</value>
      </symbol>
   </symbol_table>
   <title>Link successful</title>
</link_info>
