<?xml version="1.0" encoding="ISO-8859-1" ?>
<link_info>
   <banner>TI ARM Linker PC v20.2.1.LTS</banner>
   <copyright>Copyright (c) 1996-2018 Texas Instruments Incorporated</copyright>
   <link_time>0x608c4125</link_time>
   <link_errors>0x0</link_errors>
   <output_file>Project-2.out</output_file>
   <entry_point>
      <name>_c_int00_noargs</name>
      <address>0x7969</address>
   </entry_point>
   <input_file_list>
      <input_file id="fl-2">
         <path>.\</path>
         <kind>object</kind>
         <file>Scan.obj</file>
         <name>Scan.obj</name>
      </input_file>
      <input_file id="fl-3">
         <path>.\</path>
         <kind>object</kind>
         <file>Servo.obj</file>
         <name>Servo.obj</name>
      </input_file>
      <input_file id="fl-4">
         <path>.\</path>
         <kind>object</kind>
         <file>Timer.obj</file>
         <name>Timer.obj</name>
      </input_file>
      <input_file id="fl-5">
         <path>.\</path>
         <kind>object</kind>
         <file>adc.obj</file>
         <name>adc.obj</name>
      </input_file>
      <input_file id="fl-6">
         <path>.\</path>
         <kind>object</kind>
         <file>button.obj</file>
         <name>button.obj</name>
      </input_file>
      <input_file id="fl-7">
         <path>.\</path>
         <kind>object</kind>
         <file>lcd.obj</file>
         <name>lcd.obj</name>
      </input_file>
      <input_file id="fl-8">
         <path>.\</path>
         <kind>object</kind>
         <file>main.obj</file>
         <name>main.obj</name>
      </input_file>
      <input_file id="fl-9">
         <path>.\</path>
         <kind>object</kind>
         <file>movement.obj</file>
         <name>movement.obj</name>
      </input_file>
      <input_file id="fl-a">
         <path>.\</path>
         <kind>object</kind>
         <file>open_interface.obj</file>
         <name>open_interface.obj</name>
      </input_file>
      <input_file id="fl-b">
         <path>.\</path>
         <kind>object</kind>
         <file>ping.obj</file>
         <name>ping.obj</name>
      </input_file>
      <input_file id="fl-c">
         <path>.\</path>
         <kind>object</kind>
         <file>resetSimulation.obj</file>
         <name>resetSimulation.obj</name>
      </input_file>
      <input_file id="fl-d">
         <path>.\</path>
         <kind>object</kind>
         <file>tm4c123gh6pm_startup_ccs.obj</file>
         <name>tm4c123gh6pm_startup_ccs.obj</name>
      </input_file>
      <input_file id="fl-e">
         <path>.\</path>
         <kind>object</kind>
         <file>uart.obj</file>
         <name>uart.obj</name>
      </input_file>
      <input_file id="fl-15">
         <kind>object</kind>
         <file>&lt;internal&gt;</file>
         <name>&lt;internal&gt;</name>
      </input_file>
      <input_file id="fl-cb">
         <path>C:\ti\ccs1010\ccs\tools\compiler\ti-cgt-arm_20.2.1.LTS\lib\</path>
         <kind>archive</kind>
         <file>rtsv7M4_T_le_v4SPD16_eabi.lib</file>
         <name>vla_alloc.c.obj</name>
      </input_file>
      <input_file id="fl-cc">
         <path>C:\ti\ccs1010\ccs\tools\compiler\ti-cgt-arm_20.2.1.LTS\lib\</path>
         <kind>archive</kind>
         <file>rtsv7M4_T_le_v4SPD16_eabi.lib</file>
         <name>e_powf.c.obj</name>
      </input_file>
      <input_file id="fl-cd">
         <path>C:\ti\ccs1010\ccs\tools\compiler\ti-cgt-arm_20.2.1.LTS\lib\</path>
         <kind>archive</kind>
         <file>rtsv7M4_T_le_v4SPD16_eabi.lib</file>
         <name>e_sqrtf.c.obj</name>
      </input_file>
      <input_file id="fl-ce">
         <path>C:\ti\ccs1010\ccs\tools\compiler\ti-cgt-arm_20.2.1.LTS\lib\</path>
         <kind>archive</kind>
         <file>rtsv7M4_T_le_v4SPD16_eabi.lib</file>
         <name>s_cosf.c.obj</name>
      </input_file>
      <input_file id="fl-cf">
         <path>C:\ti\ccs1010\ccs\tools\compiler\ti-cgt-arm_20.2.1.LTS\lib\</path>
         <kind>archive</kind>
         <file>rtsv7M4_T_le_v4SPD16_eabi.lib</file>
         <name>s_scalbnf.c.obj</name>
      </input_file>
      <input_file id="fl-d0">
         <path>C:\ti\ccs1010\ccs\tools\compiler\ti-cgt-arm_20.2.1.LTS\lib\</path>
         <kind>archive</kind>
         <file>rtsv7M4_T_le_v4SPD16_eabi.lib</file>
         <name>e_acos.c.obj</name>
      </input_file>
      <input_file id="fl-d1">
         <path>C:\ti\ccs1010\ccs\tools\compiler\ti-cgt-arm_20.2.1.LTS\lib\</path>
         <kind>archive</kind>
         <file>rtsv7M4_T_le_v4SPD16_eabi.lib</file>
         <name>e_pow.c.obj</name>
      </input_file>
      <input_file id="fl-d2">
         <path>C:\ti\ccs1010\ccs\tools\compiler\ti-cgt-arm_20.2.1.LTS\lib\</path>
         <kind>archive</kind>
         <file>rtsv7M4_T_le_v4SPD16_eabi.lib</file>
         <name>e_sqrt.c.obj</name>
      </input_file>
      <input_file id="fl-d3">
         <path>C:\ti\ccs1010\ccs\tools\compiler\ti-cgt-arm_20.2.1.LTS\lib\</path>
         <kind>archive</kind>
         <file>rtsv7M4_T_le_v4SPD16_eabi.lib</file>
         <name>s_scalbn.c.obj</name>
      </input_file>
      <input_file id="fl-d4">
         <path>C:\ti\ccs1010\ccs\tools\compiler\ti-cgt-arm_20.2.1.LTS\lib\</path>
         <kind>archive</kind>
         <file>rtsv7M4_T_le_v4SPD16_eabi.lib</file>
         <name>s_sin.c.obj</name>
      </input_file>
      <input_file id="fl-d5">
         <path>C:\ti\ccs1010\ccs\tools\compiler\ti-cgt-arm_20.2.1.LTS\lib\</path>
         <kind>archive</kind>
         <file>rtsv7M4_T_le_v4SPD16_eabi.lib</file>
         <name>sprintf.c.obj</name>
      </input_file>
      <input_file id="fl-d6">
         <path>C:\ti\ccs1010\ccs\tools\compiler\ti-cgt-arm_20.2.1.LTS\lib\</path>
         <kind>archive</kind>
         <file>rtsv7M4_T_le_v4SPD16_eabi.lib</file>
         <name>vsnprintf.c.obj</name>
      </input_file>
      <input_file id="fl-d7">
         <path>C:\ti\ccs1010\ccs\tools\compiler\ti-cgt-arm_20.2.1.LTS\lib\</path>
         <kind>archive</kind>
         <file>rtsv7M4_T_le_v4SPD16_eabi.lib</file>
         <name>s_copysignf.c.obj</name>
      </input_file>
      <input_file id="fl-d8">
         <path>C:\ti\ccs1010\ccs\tools\compiler\ti-cgt-arm_20.2.1.LTS\lib\</path>
         <kind>archive</kind>
         <file>rtsv7M4_T_le_v4SPD16_eabi.lib</file>
         <name>memset_t2.asm.obj</name>
      </input_file>
      <input_file id="fl-d9">
         <path>C:\ti\ccs1010\ccs\tools\compiler\ti-cgt-arm_20.2.1.LTS\lib\</path>
         <kind>archive</kind>
         <file>rtsv7M4_T_le_v4SPD16_eabi.lib</file>
         <name>fd_add_t2.asm.obj</name>
      </input_file>
      <input_file id="fl-da">
         <path>C:\ti\ccs1010\ccs\tools\compiler\ti-cgt-arm_20.2.1.LTS\lib\</path>
         <kind>archive</kind>
         <file>rtsv7M4_T_le_v4SPD16_eabi.lib</file>
         <name>fd_cmp_t2.asm.obj</name>
      </input_file>
      <input_file id="fl-db">
         <path>C:\ti\ccs1010\ccs\tools\compiler\ti-cgt-arm_20.2.1.LTS\lib\</path>
         <kind>archive</kind>
         <file>rtsv7M4_T_le_v4SPD16_eabi.lib</file>
         <name>fd_div_t2.asm.obj</name>
      </input_file>
      <input_file id="fl-dc">
         <path>C:\ti\ccs1010\ccs\tools\compiler\ti-cgt-arm_20.2.1.LTS\lib\</path>
         <kind>archive</kind>
         <file>rtsv7M4_T_le_v4SPD16_eabi.lib</file>
         <name>fd_mul_t2.asm.obj</name>
      </input_file>
      <input_file id="fl-dd">
         <path>C:\ti\ccs1010\ccs\tools\compiler\ti-cgt-arm_20.2.1.LTS\lib\</path>
         <kind>archive</kind>
         <file>rtsv7M4_T_le_v4SPD16_eabi.lib</file>
         <name>fd_toi_t2.asm.obj</name>
      </input_file>
      <input_file id="fl-de">
         <path>C:\ti\ccs1010\ccs\tools\compiler\ti-cgt-arm_20.2.1.LTS\lib\</path>
         <kind>archive</kind>
         <file>rtsv7M4_T_le_v4SPD16_eabi.lib</file>
         <name>fd_tos_t2.asm.obj</name>
      </input_file>
      <input_file id="fl-df">
         <path>C:\ti\ccs1010\ccs\tools\compiler\ti-cgt-arm_20.2.1.LTS\lib\</path>
         <kind>archive</kind>
         <file>rtsv7M4_T_le_v4SPD16_eabi.lib</file>
         <name>fs_tod_t2.asm.obj</name>
      </input_file>
      <input_file id="fl-e0">
         <path>C:\ti\ccs1010\ccs\tools\compiler\ti-cgt-arm_20.2.1.LTS\lib\</path>
         <kind>archive</kind>
         <file>rtsv7M4_T_le_v4SPD16_eabi.lib</file>
         <name>i_tofd_t2.asm.obj</name>
      </input_file>
      <input_file id="fl-e1">
         <path>C:\ti\ccs1010\ccs\tools\compiler\ti-cgt-arm_20.2.1.LTS\lib\</path>
         <kind>archive</kind>
         <file>rtsv7M4_T_le_v4SPD16_eabi.lib</file>
         <name>memcpy_t2.asm.obj</name>
      </input_file>
      <input_file id="fl-e2">
         <path>C:\ti\ccs1010\ccs\tools\compiler\ti-cgt-arm_20.2.1.LTS\lib\</path>
         <kind>archive</kind>
         <file>rtsv7M4_T_le_v4SPD16_eabi.lib</file>
         <name>u_tofd_t2.asm.obj</name>
      </input_file>
      <input_file id="fl-e3">
         <path>C:\ti\ccs1010\ccs\tools\compiler\ti-cgt-arm_20.2.1.LTS\lib\</path>
         <kind>archive</kind>
         <file>rtsv7M4_T_le_v4SPD16_eabi.lib</file>
         <name>copy_zero_init.c.obj</name>
      </input_file>
      <input_file id="fl-e4">
         <path>C:\ti\ccs1010\ccs\tools\compiler\ti-cgt-arm_20.2.1.LTS\lib\</path>
         <kind>archive</kind>
         <file>rtsv7M4_T_le_v4SPD16_eabi.lib</file>
         <name>copy_decompress_none.c.obj</name>
      </input_file>
      <input_file id="fl-e5">
         <path>C:\ti\ccs1010\ccs\tools\compiler\ti-cgt-arm_20.2.1.LTS\lib\</path>
         <kind>archive</kind>
         <file>rtsv7M4_T_le_v4SPD16_eabi.lib</file>
         <name>copy_decompress_lzss.c.obj</name>
      </input_file>
      <input_file id="fl-e6">
         <path>C:\ti\ccs1010\ccs\tools\compiler\ti-cgt-arm_20.2.1.LTS\lib\</path>
         <kind>archive</kind>
         <file>rtsv7M4_T_le_v4SPD16_eabi.lib</file>
         <name>memory.c.obj</name>
      </input_file>
      <input_file id="fl-e7">
         <path>C:\ti\ccs1010\ccs\tools\compiler\ti-cgt-arm_20.2.1.LTS\lib\</path>
         <kind>archive</kind>
         <file>rtsv7M4_T_le_v4SPD16_eabi.lib</file>
         <name>strcmp.c.obj</name>
      </input_file>
      <input_file id="fl-e8">
         <path>C:\ti\ccs1010\ccs\tools\compiler\ti-cgt-arm_20.2.1.LTS\lib\</path>
         <kind>archive</kind>
         <file>rtsv7M4_T_le_v4SPD16_eabi.lib</file>
         <name>strcpy.c.obj</name>
      </input_file>
      <input_file id="fl-e9">
         <path>C:\ti\ccs1010\ccs\tools\compiler\ti-cgt-arm_20.2.1.LTS\lib\</path>
         <kind>archive</kind>
         <file>rtsv7M4_T_le_v4SPD16_eabi.lib</file>
         <name>k_rem_pio2.c.obj</name>
      </input_file>
      <input_file id="fl-ea">
         <path>C:\ti\ccs1010\ccs\tools\compiler\ti-cgt-arm_20.2.1.LTS\lib\</path>
         <kind>archive</kind>
         <file>rtsv7M4_T_le_v4SPD16_eabi.lib</file>
         <name>errno.c.obj</name>
      </input_file>
      <input_file id="fl-eb">
         <path>C:\ti\ccs1010\ccs\tools\compiler\ti-cgt-arm_20.2.1.LTS\lib\</path>
         <kind>archive</kind>
         <file>rtsv7M4_T_le_v4SPD16_eabi.lib</file>
         <name>boot_cortex_m.c.obj</name>
      </input_file>
      <input_file id="fl-ec">
         <path>C:\ti\ccs1010\ccs\tools\compiler\ti-cgt-arm_20.2.1.LTS\lib\</path>
         <kind>archive</kind>
         <file>rtsv7M4_T_le_v4SPD16_eabi.lib</file>
         <name>error.c.obj</name>
      </input_file>
      <input_file id="fl-ed">
         <path>C:\ti\ccs1010\ccs\tools\compiler\ti-cgt-arm_20.2.1.LTS\lib\</path>
         <kind>archive</kind>
         <file>rtsv7M4_T_le_v4SPD16_eabi.lib</file>
         <name>s_copysign.c.obj</name>
      </input_file>
      <input_file id="fl-ee">
         <path>C:\ti\ccs1010\ccs\tools\compiler\ti-cgt-arm_20.2.1.LTS\lib\</path>
         <kind>archive</kind>
         <file>rtsv7M4_T_le_v4SPD16_eabi.lib</file>
         <name>k_cos.c.obj</name>
      </input_file>
      <input_file id="fl-ef">
         <path>C:\ti\ccs1010\ccs\tools\compiler\ti-cgt-arm_20.2.1.LTS\lib\</path>
         <kind>archive</kind>
         <file>rtsv7M4_T_le_v4SPD16_eabi.lib</file>
         <name>k_sin.c.obj</name>
      </input_file>
      <input_file id="fl-f0">
         <path>C:\ti\ccs1010\ccs\tools\compiler\ti-cgt-arm_20.2.1.LTS\lib\</path>
         <kind>archive</kind>
         <file>rtsv7M4_T_le_v4SPD16_eabi.lib</file>
         <name>s_floor.c.obj</name>
      </input_file>
      <input_file id="fl-f1">
         <path>C:\ti\ccs1010\ccs\tools\compiler\ti-cgt-arm_20.2.1.LTS\lib\</path>
         <kind>archive</kind>
         <file>rtsv7M4_T_le_v4SPD16_eabi.lib</file>
         <name>_printfi.c.obj</name>
      </input_file>
      <input_file id="fl-f2">
         <path>C:\ti\ccs1010\ccs\tools\compiler\ti-cgt-arm_20.2.1.LTS\lib\</path>
         <kind>archive</kind>
         <file>rtsv7M4_T_le_v4SPD16_eabi.lib</file>
         <name>ull_div_t2.asm.obj</name>
      </input_file>
      <input_file id="fl-f3">
         <path>C:\ti\ccs1010\ccs\tools\compiler\ti-cgt-arm_20.2.1.LTS\lib\</path>
         <kind>archive</kind>
         <file>rtsv7M4_T_le_v4SPD16_eabi.lib</file>
         <name>autoinit.c.obj</name>
      </input_file>
      <input_file id="fl-f4">
         <path>C:\ti\ccs1010\ccs\tools\compiler\ti-cgt-arm_20.2.1.LTS\lib\</path>
         <kind>archive</kind>
         <file>rtsv7M4_T_le_v4SPD16_eabi.lib</file>
         <name>pre_init.c.obj</name>
      </input_file>
      <input_file id="fl-f5">
         <path>C:\ti\ccs1010\ccs\tools\compiler\ti-cgt-arm_20.2.1.LTS\lib\</path>
         <kind>archive</kind>
         <file>rtsv7M4_T_le_v4SPD16_eabi.lib</file>
         <name>cpy_tbl.c.obj</name>
      </input_file>
      <input_file id="fl-f6">
         <path>C:\ti\ccs1010\ccs\tools\compiler\ti-cgt-arm_20.2.1.LTS\lib\</path>
         <kind>archive</kind>
         <file>rtsv7M4_T_le_v4SPD16_eabi.lib</file>
         <name>exit.c.obj</name>
      </input_file>
      <input_file id="fl-f7">
         <path>C:\ti\ccs1010\ccs\tools\compiler\ti-cgt-arm_20.2.1.LTS\lib\</path>
         <kind>archive</kind>
         <file>rtsv7M4_T_le_v4SPD16_eabi.lib</file>
         <name>_lock.c.obj</name>
      </input_file>
      <input_file id="fl-f8">
         <path>C:\ti\ccs1010\ccs\tools\compiler\ti-cgt-arm_20.2.1.LTS\lib\</path>
         <kind>archive</kind>
         <file>rtsv7M4_T_le_v4SPD16_eabi.lib</file>
         <name>_ltoa.c.obj</name>
      </input_file>
      <input_file id="fl-f9">
         <path>C:\ti\ccs1010\ccs\tools\compiler\ti-cgt-arm_20.2.1.LTS\lib\</path>
         <kind>archive</kind>
         <file>rtsv7M4_T_le_v4SPD16_eabi.lib</file>
         <name>args_main.c.obj</name>
      </input_file>
      <input_file id="fl-fa">
         <path>C:\ti\ccs1010\ccs\tools\compiler\ti-cgt-arm_20.2.1.LTS\lib\</path>
         <kind>archive</kind>
         <file>rtsv7M4_T_le_v4SPD16_eabi.lib</file>
         <name>atoi.c.obj</name>
      </input_file>
      <input_file id="fl-fb">
         <path>C:\ti\ccs1010\ccs\tools\compiler\ti-cgt-arm_20.2.1.LTS\lib\</path>
         <kind>archive</kind>
         <file>rtsv7M4_T_le_v4SPD16_eabi.lib</file>
         <name>ctype.c.obj</name>
      </input_file>
      <input_file id="fl-fc">
         <path>C:\ti\ccs1010\ccs\tools\compiler\ti-cgt-arm_20.2.1.LTS\lib\</path>
         <kind>archive</kind>
         <file>rtsv7M4_T_le_v4SPD16_eabi.lib</file>
         <name>memccpy.c.obj</name>
      </input_file>
      <input_file id="fl-fd">
         <path>C:\ti\ccs1010\ccs\tools\compiler\ti-cgt-arm_20.2.1.LTS\lib\</path>
         <kind>archive</kind>
         <file>rtsv7M4_T_le_v4SPD16_eabi.lib</file>
         <name>strchr.c.obj</name>
      </input_file>
      <input_file id="fl-fe">
         <path>C:\ti\ccs1010\ccs\tools\compiler\ti-cgt-arm_20.2.1.LTS\lib\</path>
         <kind>archive</kind>
         <file>rtsv7M4_T_le_v4SPD16_eabi.lib</file>
         <name>strlen.c.obj</name>
      </input_file>
      <input_file id="fl-ff">
         <path>C:\ti\ccs1010\ccs\tools\compiler\ti-cgt-arm_20.2.1.LTS\lib\</path>
         <kind>archive</kind>
         <file>rtsv7M4_T_le_v4SPD16_eabi.lib</file>
         <name>s_frexp.c.obj</name>
      </input_file>
      <input_file id="fl-100">
         <path>C:\ti\ccs1010\ccs\tools\compiler\ti-cgt-arm_20.2.1.LTS\lib\</path>
         <kind>archive</kind>
         <file>rtsv7M4_T_le_v4SPD16_eabi.lib</file>
         <name>wcslen.c.obj</name>
      </input_file>
      <input_file id="fl-101">
         <path>C:\ti\ccs1010\ccs\tools\compiler\ti-cgt-arm_20.2.1.LTS\lib\</path>
         <kind>archive</kind>
         <file>rtsv7M4_T_le_v4SPD16_eabi.lib</file>
         <name>div0.asm.obj</name>
      </input_file>
      <input_file id="fl-102">
         <path>C:\ti\TivaWare_C_Series-2.1.4.178\driverlib\ccs\Debug\</path>
         <kind>archive</kind>
         <file>driverlib.lib</file>
         <name>interrupt.obj</name>
      </input_file>
      <input_file id="fl-103">
         <path>C:\ti\TivaWare_C_Series-2.1.4.178\driverlib\ccs\Debug\</path>
         <kind>archive</kind>
         <file>driverlib.lib</file>
         <name>cpu.obj</name>
      </input_file>
   </input_file_list>
   <object_component_list>
      <object_component id="oc-12">
         <name>.intvecs</name>
         <load_address>0x0</load_address>
         <run_address>0x0</run_address>
         <size>0x26c</size>
         <input_file_ref idref="fl-d"/>
      </object_component>
      <object_component id="oc-f4">
         <name>.text</name>
         <load_address>0x26c</load_address>
         <run_address>0x26c</run_address>
         <size>0xf14</size>
         <input_file_ref idref="fl-9"/>
      </object_component>
      <object_component id="oc-fa">
         <name>.text</name>
         <load_address>0x1180</load_address>
         <run_address>0x1180</run_address>
         <size>0xc20</size>
         <input_file_ref idref="fl-a"/>
      </object_component>
      <object_component id="oc-21b">
         <name>.text:__TI_printfi</name>
         <load_address>0x1da0</load_address>
         <run_address>0x1da0</run_address>
         <size>0xa4e</size>
         <input_file_ref idref="fl-f1"/>
      </object_component>
      <object_component id="oc-36b">
         <name>.text:_nop</name>
         <load_address>0x27ee</load_address>
         <run_address>0x27ee</run_address>
         <size>0x2</size>
         <input_file_ref idref="fl-f7"/>
      </object_component>
      <object_component id="oc-1a2">
         <name>.text:pow</name>
         <load_address>0x27f0</load_address>
         <run_address>0x27f0</run_address>
         <size>0x9c0</size>
         <input_file_ref idref="fl-d1"/>
      </object_component>
      <object_component id="oc-2f7">
         <name>.text:__kernel_rem_pio2</name>
         <load_address>0x31b0</load_address>
         <run_address>0x31b0</run_address>
         <size>0x738</size>
         <input_file_ref idref="fl-e9"/>
      </object_component>
      <object_component id="oc-1e5">
         <name>.text:sin</name>
         <load_address>0x38e8</load_address>
         <run_address>0x38e8</run_address>
         <size>0x5c4</size>
         <input_file_ref idref="fl-d4"/>
      </object_component>
      <object_component id="oc-1d3">
         <name>.text:powf</name>
         <load_address>0x3eac</load_address>
         <run_address>0x3eac</run_address>
         <size>0x58c</size>
         <input_file_ref idref="fl-cc"/>
      </object_component>
      <object_component id="oc-1df">
         <name>.text:acos</name>
         <load_address>0x4438</load_address>
         <run_address>0x4438</run_address>
         <size>0x41c</size>
         <input_file_ref idref="fl-d0"/>
      </object_component>
      <object_component id="oc-e2">
         <name>.text</name>
         <load_address>0x4854</load_address>
         <run_address>0x4854</run_address>
         <size>0x328</size>
         <input_file_ref idref="fl-7"/>
      </object_component>
      <object_component id="oc-ee">
         <name>.text</name>
         <load_address>0x4b7c</load_address>
         <run_address>0x4b7c</run_address>
         <size>0x2cc</size>
         <input_file_ref idref="fl-2"/>
      </object_component>
      <object_component id="oc-18b">
         <name>.text</name>
         <load_address>0x4e48</load_address>
         <run_address>0x4e48</run_address>
         <size>0x2b8</size>
         <input_file_ref idref="fl-b"/>
      </object_component>
      <object_component id="oc-347">
         <name>.text:_pconv_a</name>
         <load_address>0x5100</load_address>
         <run_address>0x5100</run_address>
         <size>0x270</size>
         <input_file_ref idref="fl-f1"/>
      </object_component>
      <object_component id="oc-dc">
         <name>.text</name>
         <load_address>0x5370</load_address>
         <run_address>0x5370</run_address>
         <size>0x248</size>
         <input_file_ref idref="fl-4"/>
      </object_component>
      <object_component id="oc-335">
         <name>.text:_pconv_g</name>
         <load_address>0x55b8</load_address>
         <run_address>0x55b8</run_address>
         <size>0x1d0</size>
         <input_file_ref idref="fl-f1"/>
      </object_component>
      <object_component id="oc-a2">
         <name>.text</name>
         <load_address>0x5788</load_address>
         <run_address>0x5788</run_address>
         <size>0x1c4</size>
         <input_file_ref idref="fl-8"/>
      </object_component>
      <object_component id="oc-1c2">
         <name>.text</name>
         <load_address>0x594c</load_address>
         <run_address>0x594c</run_address>
         <size>0x1b6</size>
         <input_file_ref idref="fl-d9"/>
      </object_component>
      <object_component id="oc-48e">
         <name>.text</name>
         <load_address>0x5b02</load_address>
         <run_address>0x5b02</run_address>
         <size>0x2</size>
         <input_file_ref idref="fl-101"/>
      </object_component>
      <object_component id="oc-2f1">
         <name>.text:__kernel_sin</name>
         <load_address>0x5b04</load_address>
         <run_address>0x5b04</run_address>
         <size>0x174</size>
         <input_file_ref idref="fl-ef"/>
      </object_component>
      <object_component id="oc-2fd">
         <name>.text:__kernel_cos</name>
         <load_address>0x5c78</load_address>
         <run_address>0x5c78</run_address>
         <size>0x16c</size>
         <input_file_ref idref="fl-ee"/>
      </object_component>
      <object_component id="oc-e8">
         <name>.text</name>
         <load_address>0x5de4</load_address>
         <run_address>0x5de4</run_address>
         <size>0x168</size>
         <input_file_ref idref="fl-e"/>
      </object_component>
      <object_component id="oc-296">
         <name>.text:sqrt</name>
         <load_address>0x5f4c</load_address>
         <run_address>0x5f4c</run_address>
         <size>0x158</size>
         <input_file_ref idref="fl-d2"/>
      </object_component>
      <object_component id="oc-1c7">
         <name>.text:__vla_alloc</name>
         <load_address>0x60a4</load_address>
         <run_address>0x60a4</run_address>
         <size>0x14c</size>
         <input_file_ref idref="fl-cb"/>
      </object_component>
      <object_component id="oc-341">
         <name>.text:_pconv_e</name>
         <load_address>0x61f0</load_address>
         <run_address>0x61f0</run_address>
         <size>0x13c</size>
         <input_file_ref idref="fl-f1"/>
      </object_component>
      <object_component id="oc-1bc">
         <name>.text</name>
         <load_address>0x632c</load_address>
         <run_address>0x632c</run_address>
         <size>0x136</size>
         <input_file_ref idref="fl-db"/>
      </object_component>
      <object_component id="oc-191">
         <name>.text</name>
         <load_address>0x6464</load_address>
         <run_address>0x6464</run_address>
         <size>0x130</size>
         <input_file_ref idref="fl-5"/>
      </object_component>
      <object_component id="oc-197">
         <name>.text</name>
         <load_address>0x6594</load_address>
         <run_address>0x6594</run_address>
         <size>0x128</size>
         <input_file_ref idref="fl-3"/>
      </object_component>
      <object_component id="oc-422">
         <name>.text:fcvt</name>
         <load_address>0x66bc</load_address>
         <run_address>0x66bc</run_address>
         <size>0x124</size>
         <input_file_ref idref="fl-f1"/>
      </object_component>
      <object_component id="oc-2a5">
         <name>.text:scalbn</name>
         <load_address>0x67e0</load_address>
         <run_address>0x67e0</run_address>
         <size>0x110</size>
         <input_file_ref idref="fl-d3"/>
      </object_component>
      <object_component id="oc-3b8">
         <name>.text:aligned_alloc</name>
         <load_address>0x68f0</load_address>
         <run_address>0x68f0</run_address>
         <size>0x108</size>
         <input_file_ref idref="fl-e6"/>
      </object_component>
      <object_component id="oc-1a8">
         <name>.text</name>
         <load_address>0x69f8</load_address>
         <run_address>0x69f8</run_address>
         <size>0xfc</size>
         <input_file_ref idref="fl-dc"/>
      </object_component>
      <object_component id="oc-3ec">
         <name>.text:floor</name>
         <load_address>0x6af4</load_address>
         <run_address>0x6af4</run_address>
         <size>0xf8</size>
         <input_file_ref idref="fl-f0"/>
      </object_component>
      <object_component id="oc-1fe">
         <name>.text:free</name>
         <load_address>0x6bec</load_address>
         <run_address>0x6bec</run_address>
         <size>0xe4</size>
         <input_file_ref idref="fl-e6"/>
      </object_component>
      <object_component id="oc-2cb">
         <name>.text:realloc</name>
         <load_address>0x6cd0</load_address>
         <run_address>0x6cd0</run_address>
         <size>0xe4</size>
         <input_file_ref idref="fl-e6"/>
      </object_component>
      <object_component id="oc-2e1">
         <name>.text:scalbnf</name>
         <load_address>0x6db4</load_address>
         <run_address>0x6db4</run_address>
         <size>0xd0</size>
         <input_file_ref idref="fl-cf"/>
      </object_component>
      <object_component id="oc-1cd">
         <name>.text:cosf</name>
         <load_address>0x6e84</load_address>
         <run_address>0x6e84</run_address>
         <size>0xb4</size>
         <input_file_ref idref="fl-ce"/>
      </object_component>
      <object_component id="oc-32f">
         <name>.text:_ltostr</name>
         <load_address>0x6f38</load_address>
         <run_address>0x6f38</run_address>
         <size>0xb1</size>
         <input_file_ref idref="fl-f1"/>
      </object_component>
      <object_component id="oc-3e">
         <name>.text</name>
         <load_address>0x6fea</load_address>
         <run_address>0x6fea</run_address>
         <size>0x9c</size>
         <input_file_ref idref="fl-e1"/>
      </object_component>
      <object_component id="oc-409">
         <name>.text</name>
         <load_address>0x7086</load_address>
         <run_address>0x7086</run_address>
         <size>0x96</size>
         <input_file_ref idref="fl-f2"/>
      </object_component>
      <object_component id="oc-d6">
         <name>.text</name>
         <load_address>0x711c</load_address>
         <run_address>0x711c</run_address>
         <size>0x8c</size>
         <input_file_ref idref="fl-6"/>
      </object_component>
      <object_component id="oc-10b">
         <name>.text:__aeabi_cdcmple</name>
         <load_address>0x71a8</load_address>
         <run_address>0x71a8</run_address>
         <size>0x86</size>
         <input_file_ref idref="fl-da"/>
      </object_component>
      <object_component id="oc-1b2">
         <name>.text:__aeabi_cdrcmple</name>
         <load_address>0x722e</load_address>
         <run_address>0x722e</run_address>
         <size>0x86</size>
         <input_file_ref idref="fl-da"/>
      </object_component>
      <object_component id="oc-96">
         <name>.text</name>
         <load_address>0x72b4</load_address>
         <run_address>0x72b4</run_address>
         <size>0x7a</size>
         <input_file_ref idref="fl-d8"/>
      </object_component>
      <object_component id="oc-2c5">
         <name>.text:_ZN33_INTERNAL_11_vla_alloc_c_be8bd49b21free_dead_allocationsEPv</name>
         <load_address>0x7330</load_address>
         <run_address>0x7330</run_address>
         <size>0x78</size>
         <input_file_ref idref="fl-cb"/>
      </object_component>
      <object_component id="oc-1eb">
         <name>.text:__vla_dealloc</name>
         <load_address>0x73a8</load_address>
         <run_address>0x73a8</run_address>
         <size>0x70</size>
         <input_file_ref idref="fl-cb"/>
      </object_component>
      <object_component id="oc-3c0">
         <name>.text:split</name>
         <load_address>0x7418</load_address>
         <run_address>0x7418</run_address>
         <size>0x70</size>
         <input_file_ref idref="fl-e6"/>
      </object_component>
      <object_component id="oc-41b">
         <name>.text:_mcpy</name>
         <load_address>0x7488</load_address>
         <run_address>0x7488</run_address>
         <size>0x6e</size>
         <input_file_ref idref="fl-f1"/>
      </object_component>
      <object_component id="oc-1b7">
         <name>.text</name>
         <load_address>0x74f6</load_address>
         <run_address>0x74f6</run_address>
         <size>0x6e</size>
         <input_file_ref idref="fl-de"/>
      </object_component>
      <object_component id="oc-15">
         <name>.text:decompress:lzss:__TI_decompress_lzss</name>
         <load_address>0x7564</load_address>
         <run_address>0x7564</run_address>
         <size>0x68</size>
         <input_file_ref idref="fl-e5"/>
      </object_component>
      <object_component id="oc-430">
         <name>.text:frexp</name>
         <load_address>0x75cc</load_address>
         <run_address>0x75cc</run_address>
         <size>0x64</size>
         <input_file_ref idref="fl-ff"/>
      </object_component>
      <object_component id="oc-33b">
         <name>.text:_pconv_f</name>
         <load_address>0x7630</load_address>
         <run_address>0x7630</run_address>
         <size>0x56</size>
         <input_file_ref idref="fl-f1"/>
      </object_component>
      <object_component id="oc-40f">
         <name>.text:__TI_ltoa</name>
         <load_address>0x7686</load_address>
         <run_address>0x7686</run_address>
         <size>0x54</size>
         <input_file_ref idref="fl-f8"/>
      </object_component>
      <object_component id="oc-415">
         <name>.text:_ecpy</name>
         <load_address>0x76da</load_address>
         <run_address>0x76da</run_address>
         <size>0x52</size>
         <input_file_ref idref="fl-f1"/>
      </object_component>
      <object_component id="oc-329">
         <name>.text:atoi</name>
         <load_address>0x772c</load_address>
         <run_address>0x772c</run_address>
         <size>0x4c</size>
         <input_file_ref idref="fl-fa"/>
      </object_component>
      <object_component id="oc-1ad">
         <name>.text</name>
         <load_address>0x7778</load_address>
         <run_address>0x7778</run_address>
         <size>0x48</size>
         <input_file_ref idref="fl-dd"/>
      </object_component>
      <object_component id="oc-11e">
         <name>.text:__TI_auto_init_nobinit_nopinit:__TI_auto_init_nobinit_nopinit</name>
         <load_address>0x77c0</load_address>
         <run_address>0x77c0</run_address>
         <size>0x44</size>
         <input_file_ref idref="fl-f3"/>
      </object_component>
      <object_component id="oc-105">
         <name>.text:sprintf</name>
         <load_address>0x7804</load_address>
         <run_address>0x7804</run_address>
         <size>0x40</size>
         <input_file_ref idref="fl-d5"/>
      </object_component>
      <object_component id="oc-16d">
         <name>.text:vsnprintf</name>
         <load_address>0x7844</load_address>
         <run_address>0x7844</run_address>
         <size>0x40</size>
         <input_file_ref idref="fl-d6"/>
      </object_component>
      <object_component id="oc-428">
         <name>.text:_fcpy</name>
         <load_address>0x7884</load_address>
         <run_address>0x7884</run_address>
         <size>0x3e</size>
         <input_file_ref idref="fl-f1"/>
      </object_component>
      <object_component id="oc-1f8">
         <name>.text:calloc</name>
         <load_address>0x78c4</load_address>
         <run_address>0x78c4</run_address>
         <size>0x38</size>
         <input_file_ref idref="fl-e6"/>
      </object_component>
      <object_component id="oc-100">
         <name>.text</name>
         <load_address>0x78fc</load_address>
         <run_address>0x78fc</run_address>
         <size>0x38</size>
         <input_file_ref idref="fl-df"/>
      </object_component>
      <object_component id="oc-159">
         <name>.text:IntRegister</name>
         <load_address>0x7934</load_address>
         <run_address>0x7934</run_address>
         <size>0x34</size>
         <input_file_ref idref="fl-102"/>
      </object_component>
      <object_component id="oc-5c">
         <name>.text:_c_int00_noargs:_c_int00_noargs</name>
         <load_address>0x7968</load_address>
         <run_address>0x7968</run_address>
         <size>0x34</size>
         <input_file_ref idref="fl-eb"/>
      </object_component>
      <object_component id="oc-265">
         <name>.text:_outs</name>
         <load_address>0x799c</load_address>
         <run_address>0x799c</run_address>
         <size>0x30</size>
         <input_file_ref idref="fl-d6"/>
      </object_component>
      <object_component id="oc-19d">
         <name>.text</name>
         <load_address>0x79cc</load_address>
         <run_address>0x79cc</run_address>
         <size>0x2e</size>
         <input_file_ref idref="fl-e0"/>
      </object_component>
      <object_component id="oc-30f">
         <name>.text:free_list_insert</name>
         <load_address>0x79fc</load_address>
         <run_address>0x79fc</run_address>
         <size>0x28</size>
         <input_file_ref idref="fl-e6"/>
      </object_component>
      <object_component id="oc-1d9">
         <name>.text:sqrtf</name>
         <load_address>0x7a24</load_address>
         <run_address>0x7a24</run_address>
         <size>0x28</size>
         <input_file_ref idref="fl-cd"/>
      </object_component>
      <object_component id="oc-28a">
         <name>.text</name>
         <load_address>0x7a4c</load_address>
         <run_address>0x7a4c</run_address>
         <size>0x20</size>
         <input_file_ref idref="fl-e2"/>
      </object_component>
      <object_component id="oc-4a">
         <name>.text:decompress:ZI:__TI_zero_init_nomemset:__TI_zero_init_nomemset</name>
         <load_address>0x7a6c</load_address>
         <run_address>0x7a6c</run_address>
         <size>0x1c</size>
         <input_file_ref idref="fl-e3"/>
      </object_component>
      <object_component id="oc-309">
         <name>.text:free_list_remove</name>
         <load_address>0x7a88</load_address>
         <run_address>0x7a88</run_address>
         <size>0x1c</size>
         <input_file_ref idref="fl-e6"/>
      </object_component>
      <object_component id="oc-34d">
         <name>.text:memccpy</name>
         <load_address>0x7aa4</load_address>
         <run_address>0x7aa4</run_address>
         <size>0x1c</size>
         <input_file_ref idref="fl-fc"/>
      </object_component>
      <object_component id="oc-3a3">
         <name>.text:copysign</name>
         <load_address>0x7ac0</load_address>
         <run_address>0x7ac0</run_address>
         <size>0x1a</size>
         <input_file_ref idref="fl-ed"/>
      </object_component>
      <object_component id="oc-26b">
         <name>.text:_outc</name>
         <load_address>0x7ada</load_address>
         <run_address>0x7ada</run_address>
         <size>0x18</size>
         <input_file_ref idref="fl-d6"/>
      </object_component>
      <object_component id="oc-221">
         <name>.text:_outs</name>
         <load_address>0x7af2</load_address>
         <run_address>0x7af2</run_address>
         <size>0x18</size>
         <input_file_ref idref="fl-d5"/>
      </object_component>
      <object_component id="oc-3da">
         <name>.text:copysignf</name>
         <load_address>0x7b0a</load_address>
         <run_address>0x7b0a</run_address>
         <size>0x18</size>
         <input_file_ref idref="fl-d7"/>
      </object_component>
      <object_component id="oc-204">
         <name>.text:oi_parseInt</name>
         <load_address>0x7b22</load_address>
         <run_address>0x7b22</run_address>
         <size>0x18</size>
         <input_file_ref idref="fl-a"/>
      </object_component>
      <object_component id="oc-173">
         <name>.text:strcmp</name>
         <load_address>0x7b3a</load_address>
         <run_address>0x7b3a</run_address>
         <size>0x18</size>
         <input_file_ref idref="fl-e7"/>
      </object_component>
      <object_component id="oc-436">
         <name>.text:strchr</name>
         <load_address>0x7b52</load_address>
         <run_address>0x7b52</run_address>
         <size>0x16</size>
         <input_file_ref idref="fl-fd"/>
      </object_component>
      <object_component id="oc-179">
         <name>.text:strcpy</name>
         <load_address>0x7b68</load_address>
         <run_address>0x7b68</run_address>
         <size>0x14</size>
         <input_file_ref idref="fl-e8"/>
      </object_component>
      <object_component id="oc-323">
         <name>.text:strlen</name>
         <load_address>0x7b7c</load_address>
         <run_address>0x7b7c</run_address>
         <size>0x14</size>
         <input_file_ref idref="fl-fe"/>
      </object_component>
      <object_component id="oc-353">
         <name>.text:wcslen</name>
         <load_address>0x7b90</load_address>
         <run_address>0x7b90</run_address>
         <size>0x12</size>
         <input_file_ref idref="fl-100"/>
      </object_component>
      <object_component id="oc-20b">
         <name>.text:IntMasterEnable</name>
         <load_address>0x7ba2</load_address>
         <run_address>0x7ba2</run_address>
         <size>0x10</size>
         <input_file_ref idref="fl-102"/>
      </object_component>
      <object_component id="oc-166">
         <name>.text:lcd_clear</name>
         <load_address>0x7bb2</load_address>
         <run_address>0x7bb2</run_address>
         <size>0x10</size>
         <input_file_ref idref="fl-7"/>
      </object_component>
      <object_component id="oc-1b">
         <name>.text:decompress:none:__TI_decompress_none</name>
         <load_address>0x7bc2</load_address>
         <run_address>0x7bc2</run_address>
         <size>0xe</size>
         <input_file_ref idref="fl-e4"/>
      </object_component>
      <object_component id="oc-316">
         <name>.text:CPUcpsie</name>
         <load_address>0x7bd0</load_address>
         <run_address>0x7bd0</run_address>
         <size>0xc</size>
         <input_file_ref idref="fl-103"/>
      </object_component>
      <object_component id="oc-2a">
         <name>.text</name>
         <load_address>0x7bdc</load_address>
         <run_address>0x7bdc</run_address>
         <size>0xc</size>
         <input_file_ref idref="fl-d"/>
      </object_component>
      <object_component id="oc-227">
         <name>.text:_outc</name>
         <load_address>0x7be8</load_address>
         <run_address>0x7be8</run_address>
         <size>0xa</size>
         <input_file_ref idref="fl-d5"/>
      </object_component>
      <object_component id="oc-29c">
         <name>.text:__aeabi_errno_addr</name>
         <load_address>0x7bf4</load_address>
         <run_address>0x7bf4</run_address>
         <size>0x8</size>
         <input_file_ref idref="fl-ea"/>
      </object_component>
      <object_component id="oc-2bf">
         <name>.text:malloc</name>
         <load_address>0x7bfc</load_address>
         <run_address>0x7bfc</run_address>
         <size>0x8</size>
         <input_file_ref idref="fl-e6"/>
      </object_component>
      <object_component id="oc-2b9">
         <name>.text:__abort_execution</name>
         <load_address>0x7c04</load_address>
         <run_address>0x7c04</run_address>
         <size>0x4</size>
         <input_file_ref idref="fl-ec"/>
      </object_component>
      <object_component id="oc-9c">
         <name>.text:_system_pre_init</name>
         <load_address>0x7c08</load_address>
         <run_address>0x7c08</run_address>
         <size>0x4</size>
         <input_file_ref idref="fl-f4"/>
      </object_component>
      <object_component id="oc-112">
         <name>.text:abort:abort</name>
         <load_address>0x7c0c</load_address>
         <run_address>0x7c0c</run_address>
         <size>0x4</size>
         <input_file_ref idref="fl-f6"/>
      </object_component>
      <object_component id="oc-3f2">
         <name>.const:$O1$$</name>
         <load_address>0x7c10</load_address>
         <run_address>0x7c10</run_address>
         <size>0x158</size>
         <input_file_ref idref="fl-e9"/>
      </object_component>
      <object_component id="oc-404">
         <name>.const:.string:_ctypes_</name>
         <load_address>0x7d68</load_address>
         <run_address>0x7d68</run_address>
         <size>0x101</size>
         <input_file_ref idref="fl-fb"/>
      </object_component>
      <object_component id="oc-17f">
         <name>.const:.string:lineAddress$1</name>
         <load_address>0x7e69</load_address>
         <run_address>0x7e69</run_address>
         <size>0x4</size>
         <input_file_ref idref="fl-7"/>
      </object_component>
      <object_component id="oc-2a2">
         <name>.const:$O1$$</name>
         <load_address>0x7e70</load_address>
         <run_address>0x7e70</run_address>
         <size>0x30</size>
         <input_file_ref idref="fl-d1"/>
      </object_component>
      <object_component id="oc-2e7">
         <name>.const:$O1$$</name>
         <load_address>0x7ea0</load_address>
         <run_address>0x7ea0</run_address>
         <size>0x18</size>
         <input_file_ref idref="fl-cc"/>
      </object_component>
      <object_component id="oc-214">
         <name>.const:.string:$P$T0$3</name>
         <load_address>0x7eb8</load_address>
         <run_address>0x7eb8</run_address>
         <size>0xf</size>
         <input_file_ref idref="fl-a"/>
      </object_component>
      <object_component id="oc-180">
         <name>.const:.string:lineAddresses$2</name>
         <load_address>0x7ec7</load_address>
         <run_address>0x7ec7</run_address>
         <size>0x4</size>
         <input_file_ref idref="fl-7"/>
      </object_component>
      <object_component id="oc-4e5">
         <name>.cinit..data.load</name>
         <load_address>0x7ed0</load_address>
         <run_address>0x7ed0</run_address>
         <size>0x19</size>
      </object_component>
      <object_component id="oc-4e2">
         <name>__TI_handler_table</name>
         <load_address>0x7eec</load_address>
         <run_address>0x7eec</run_address>
         <size>0xc</size>
      </object_component>
      <object_component id="oc-4e6">
         <name>.cinit..bss.load</name>
         <load_address>0x7ef8</load_address>
         <run_address>0x7ef8</run_address>
         <size>0x8</size>
      </object_component>
      <object_component id="oc-4e4">
         <name>.cinit..vtable.load</name>
         <load_address>0x7f00</load_address>
         <run_address>0x7f00</run_address>
         <size>0x8</size>
      </object_component>
      <object_component id="oc-4e3">
         <name>__TI_cinit_table</name>
         <load_address>0x7f08</load_address>
         <run_address>0x7f08</run_address>
         <size>0x18</size>
      </object_component>
      <object_component id="oc-257">
         <name>.vtable</name>
         <uninitialized>true</uninitialized>
         <run_address>0x20000000</run_address>
         <size>0x26c</size>
         <input_file_ref idref="fl-102"/>
      </object_component>
      <object_component id="oc-15f">
         <name>.data</name>
         <load_address>0x2000230a</load_address>
         <run_address>0x2000230a</run_address>
         <size>0x1</size>
         <input_file_ref idref="fl-4"/>
      </object_component>
      <object_component id="oc-157">
         <name>.data</name>
         <load_address>0x2000230b</load_address>
         <run_address>0x2000230b</run_address>
         <size>0x1</size>
         <input_file_ref idref="fl-6"/>
      </object_component>
      <object_component id="oc-211">
         <name>.data</name>
         <load_address>0x200022e0</load_address>
         <run_address>0x200022e0</run_address>
         <size>0x20</size>
         <input_file_ref idref="fl-a"/>
      </object_component>
      <object_component id="oc-28f">
         <name>.data</name>
         <load_address>0x20002300</load_address>
         <run_address>0x20002300</run_address>
         <size>0xa</size>
         <input_file_ref idref="fl-b"/>
      </object_component>
      <object_component id="oc-2d1">
         <name>.data</name>
         <load_address>0x20002320</load_address>
         <run_address>0x20002320</run_address>
         <size>0x4</size>
         <input_file_ref idref="fl-cb"/>
      </object_component>
      <object_component id="oc-3fc">
         <name>.data:$O1$$</name>
         <load_address>0x20002314</load_address>
         <run_address>0x20002314</run_address>
         <size>0x8</size>
         <input_file_ref idref="fl-e6"/>
      </object_component>
      <object_component id="oc-39c">
         <name>.data</name>
         <load_address>0x2000231c</load_address>
         <run_address>0x2000231c</run_address>
         <size>0x4</size>
         <input_file_ref idref="fl-ea"/>
      </object_component>
      <object_component id="oc-23b">
         <name>.data:$O1$$</name>
         <load_address>0x2000230c</load_address>
         <run_address>0x2000230c</run_address>
         <size>0x8</size>
         <input_file_ref idref="fl-f7"/>
      </object_component>
      <object_component id="oc-181">
         <name>.bss:lastbuffer$3</name>
         <uninitialized>true</uninitialized>
         <run_address>0x20002270</run_address>
         <size>0x54</size>
         <input_file_ref idref="fl-7"/>
      </object_component>
      <object_component id="oc-217">
         <name>.bss:firmware$2</name>
         <uninitialized>true</uninitialized>
         <run_address>0x200022c4</run_address>
         <size>0x18</size>
         <input_file_ref idref="fl-a"/>
      </object_component>
      <object_component id="oc-162">
         <name>.common:_timeout_ticks</name>
         <uninitialized>true</uninitialized>
         <run_address>0x200022dc</run_address>
         <size>0x4</size>
      </object_component>
      <object_component id="oc-24">
         <name>.sysmem</name>
         <uninitialized>true</uninitialized>
         <run_address>0x20001270</run_address>
         <size>0x10</size>
         <input_file_ref idref="fl-e6"/>
      </object_component>
      <object_component id="oc-4e9">
         <name>.sysmem</name>
         <uninitialized>true</uninitialized>
         <run_address>0x20001270</run_address>
         <size>0x0</size>
      </object_component>
      <object_component id="oc-27">
         <name>.stack</name>
         <uninitialized>true</uninitialized>
         <run_address>0x20000270</run_address>
         <size>0x4</size>
         <input_file_ref idref="fl-eb"/>
      </object_component>
      <object_component id="oc-4e8">
         <name>.stack</name>
         <uninitialized>true</uninitialized>
         <run_address>0x20000270</run_address>
         <size>0x0</size>
      </object_component>
      <object_component id="oc-c5">
         <name>.debug_info</name>
         <load_address>0x0</load_address>
         <run_address>0x0</run_address>
         <size>0x40b</size>
         <input_file_ref idref="fl-2"/>
      </object_component>
      <object_component id="oc-ef">
         <name>.debug_info</name>
         <load_address>0x40b</load_address>
         <run_address>0x40b</run_address>
         <size>0x594</size>
         <input_file_ref idref="fl-2"/>
      </object_component>
      <object_component id="oc-152">
         <name>.debug_info</name>
         <load_address>0x99f</load_address>
         <run_address>0x99f</run_address>
         <size>0xf7</size>
         <input_file_ref idref="fl-2"/>
      </object_component>
      <object_component id="oc-77">
         <name>.debug_info</name>
         <load_address>0xa96</load_address>
         <run_address>0xa96</run_address>
         <size>0x26b</size>
         <input_file_ref idref="fl-2"/>
      </object_component>
      <object_component id="oc-39">
         <name>.debug_info</name>
         <load_address>0xd01</load_address>
         <run_address>0xd01</run_address>
         <size>0x84</size>
         <input_file_ref idref="fl-2"/>
      </object_component>
      <object_component id="oc-c0">
         <name>.debug_info</name>
         <load_address>0xd85</load_address>
         <run_address>0xd85</run_address>
         <size>0x2a4</size>
         <input_file_ref idref="fl-2"/>
      </object_component>
      <object_component id="oc-7c">
         <name>.debug_info</name>
         <load_address>0x1029</load_address>
         <run_address>0x1029</run_address>
         <size>0xbb</size>
         <input_file_ref idref="fl-2"/>
      </object_component>
      <object_component id="oc-283">
         <name>.debug_info</name>
         <load_address>0x10e4</load_address>
         <run_address>0x10e4</run_address>
         <size>0xcc</size>
         <input_file_ref idref="fl-2"/>
      </object_component>
      <object_component id="oc-184">
         <name>.debug_info</name>
         <load_address>0x11b0</load_address>
         <run_address>0x11b0</run_address>
         <size>0x2c</size>
         <input_file_ref idref="fl-2"/>
      </object_component>
      <object_component id="oc-19a">
         <name>.debug_info</name>
         <load_address>0x11dc</load_address>
         <run_address>0x11dc</run_address>
         <size>0x1a4</size>
         <input_file_ref idref="fl-3"/>
      </object_component>
      <object_component id="oc-163">
         <name>.debug_info</name>
         <load_address>0x1380</load_address>
         <run_address>0x1380</run_address>
         <size>0x2b6</size>
         <input_file_ref idref="fl-4"/>
      </object_component>
      <object_component id="oc-160">
         <name>.debug_info</name>
         <load_address>0x1636</load_address>
         <run_address>0x1636</run_address>
         <size>0xc4</size>
         <input_file_ref idref="fl-4"/>
      </object_component>
      <object_component id="oc-dd">
         <name>.debug_info</name>
         <load_address>0x16fa</load_address>
         <run_address>0x16fa</run_address>
         <size>0x50c</size>
         <input_file_ref idref="fl-4"/>
      </object_component>
      <object_component id="oc-194">
         <name>.debug_info</name>
         <load_address>0x1c06</load_address>
         <run_address>0x1c06</run_address>
         <size>0x145</size>
         <input_file_ref idref="fl-5"/>
      </object_component>
      <object_component id="oc-d9">
         <name>.debug_info</name>
         <load_address>0x1d4b</load_address>
         <run_address>0x1d4b</run_address>
         <size>0x18d</size>
         <input_file_ref idref="fl-6"/>
      </object_component>
      <object_component id="oc-183">
         <name>.debug_info</name>
         <load_address>0x1ed8</load_address>
         <run_address>0x1ed8</run_address>
         <size>0x37e</size>
         <input_file_ref idref="fl-7"/>
      </object_component>
      <object_component id="oc-167">
         <name>.debug_info</name>
         <load_address>0x2256</load_address>
         <run_address>0x2256</run_address>
         <size>0x119</size>
         <input_file_ref idref="fl-7"/>
      </object_component>
      <object_component id="oc-e3">
         <name>.debug_info</name>
         <load_address>0x236f</load_address>
         <run_address>0x236f</run_address>
         <size>0x8a5</size>
         <input_file_ref idref="fl-7"/>
      </object_component>
      <object_component id="oc-111">
         <name>.debug_info</name>
         <load_address>0x2c14</load_address>
         <run_address>0x2c14</run_address>
         <size>0x513</size>
         <input_file_ref idref="fl-8"/>
      </object_component>
      <object_component id="oc-a3">
         <name>.debug_info</name>
         <load_address>0x3127</load_address>
         <run_address>0x3127</run_address>
         <size>0x441</size>
         <input_file_ref idref="fl-8"/>
      </object_component>
      <object_component id="oc-232">
         <name>.debug_info</name>
         <load_address>0x3568</load_address>
         <run_address>0x3568</run_address>
         <size>0x5aa</size>
         <input_file_ref idref="fl-8"/>
      </object_component>
      <object_component id="oc-1f7">
         <name>.debug_info</name>
         <load_address>0x3b12</load_address>
         <run_address>0x3b12</run_address>
         <size>0x4dc</size>
         <input_file_ref idref="fl-9"/>
      </object_component>
      <object_component id="oc-f5">
         <name>.debug_info</name>
         <load_address>0x3fee</load_address>
         <run_address>0x3fee</run_address>
         <size>0x1893</size>
         <input_file_ref idref="fl-9"/>
      </object_component>
      <object_component id="oc-1f2">
         <name>.debug_info</name>
         <load_address>0x5881</load_address>
         <run_address>0x5881</run_address>
         <size>0x8b</size>
         <input_file_ref idref="fl-9"/>
      </object_component>
      <object_component id="oc-219">
         <name>.debug_info</name>
         <load_address>0x590c</load_address>
         <run_address>0x590c</run_address>
         <size>0x3fb</size>
         <input_file_ref idref="fl-a"/>
      </object_component>
      <object_component id="oc-212">
         <name>.debug_info</name>
         <load_address>0x5d07</load_address>
         <run_address>0x5d07</run_address>
         <size>0x116</size>
         <input_file_ref idref="fl-a"/>
      </object_component>
      <object_component id="oc-215">
         <name>.debug_info</name>
         <load_address>0x5e1d</load_address>
         <run_address>0x5e1d</run_address>
         <size>0xcb</size>
         <input_file_ref idref="fl-a"/>
      </object_component>
      <object_component id="oc-206">
         <name>.debug_info</name>
         <load_address>0x5ee8</load_address>
         <run_address>0x5ee8</run_address>
         <size>0x143</size>
         <input_file_ref idref="fl-a"/>
      </object_component>
      <object_component id="oc-fd">
         <name>.debug_info</name>
         <load_address>0x602b</load_address>
         <run_address>0x602b</run_address>
         <size>0x198d</size>
         <input_file_ref idref="fl-a"/>
      </object_component>
      <object_component id="oc-399">
         <name>.debug_info</name>
         <load_address>0x79b8</load_address>
         <run_address>0x79b8</run_address>
         <size>0x2ef</size>
         <input_file_ref idref="fl-b"/>
      </object_component>
      <object_component id="oc-290">
         <name>.debug_info</name>
         <load_address>0x7ca7</load_address>
         <run_address>0x7ca7</run_address>
         <size>0x130</size>
         <input_file_ref idref="fl-b"/>
      </object_component>
      <object_component id="oc-18c">
         <name>.debug_info</name>
         <load_address>0x7dd7</load_address>
         <run_address>0x7dd7</run_address>
         <size>0x2f5</size>
         <input_file_ref idref="fl-b"/>
      </object_component>
      <object_component id="oc-463">
         <name>.debug_info</name>
         <load_address>0x80cc</load_address>
         <run_address>0x80cc</run_address>
         <size>0x44</size>
         <input_file_ref idref="fl-b"/>
      </object_component>
      <object_component id="oc-32">
         <name>.debug_info</name>
         <load_address>0x8110</load_address>
         <run_address>0x8110</run_address>
         <size>0x2a0</size>
         <input_file_ref idref="fl-d"/>
      </object_component>
      <object_component id="oc-13">
         <name>.debug_info</name>
         <load_address>0x83b0</load_address>
         <run_address>0x83b0</run_address>
         <size>0xdf</size>
         <input_file_ref idref="fl-d"/>
      </object_component>
      <object_component id="oc-2b">
         <name>.debug_info</name>
         <load_address>0x848f</load_address>
         <run_address>0x848f</run_address>
         <size>0x25b</size>
         <input_file_ref idref="fl-d"/>
      </object_component>
      <object_component id="oc-18a">
         <name>.debug_info</name>
         <load_address>0x86ea</load_address>
         <run_address>0x86ea</run_address>
         <size>0x259</size>
         <input_file_ref idref="fl-e"/>
      </object_component>
      <object_component id="oc-e9">
         <name>.debug_info</name>
         <load_address>0x8943</load_address>
         <run_address>0x8943</run_address>
         <size>0x2df</size>
         <input_file_ref idref="fl-e"/>
      </object_component>
      <object_component id="oc-2d5">
         <name>.debug_info</name>
         <load_address>0x8c22</load_address>
         <run_address>0x8c22</run_address>
         <size>0x395</size>
         <input_file_ref idref="fl-cb"/>
      </object_component>
      <object_component id="oc-2d2">
         <name>.debug_info</name>
         <load_address>0x8fb7</load_address>
         <run_address>0x8fb7</run_address>
         <size>0x112</size>
         <input_file_ref idref="fl-cb"/>
      </object_component>
      <object_component id="oc-1ef">
         <name>.debug_info</name>
         <load_address>0x90c9</load_address>
         <run_address>0x90c9</run_address>
         <size>0x1d0</size>
         <input_file_ref idref="fl-cb"/>
      </object_component>
      <object_component id="oc-2c8">
         <name>.debug_info</name>
         <load_address>0x9299</load_address>
         <run_address>0x9299</run_address>
         <size>0x208</size>
         <input_file_ref idref="fl-cb"/>
      </object_component>
      <object_component id="oc-1c9">
         <name>.debug_info</name>
         <load_address>0x94a1</load_address>
         <run_address>0x94a1</run_address>
         <size>0x2ef</size>
         <input_file_ref idref="fl-cb"/>
      </object_component>
      <object_component id="oc-3d5">
         <name>.debug_info</name>
         <load_address>0x9790</load_address>
         <run_address>0x9790</run_address>
         <size>0x2c</size>
         <input_file_ref idref="fl-cb"/>
      </object_component>
      <object_component id="oc-2d6">
         <name>.debug_info</name>
         <load_address>0x97bc</load_address>
         <run_address>0x97bc</run_address>
         <size>0x2c</size>
         <input_file_ref idref="fl-cb"/>
      </object_component>
      <object_component id="oc-3cb">
         <name>.debug_info</name>
         <load_address>0x97e8</load_address>
         <run_address>0x97e8</run_address>
         <size>0x2c</size>
         <input_file_ref idref="fl-cb"/>
      </object_component>
      <object_component id="oc-2db">
         <name>.debug_info</name>
         <load_address>0x9814</load_address>
         <run_address>0x9814</run_address>
         <size>0x16d</size>
         <input_file_ref idref="fl-cb"/>
      </object_component>
      <object_component id="oc-3d0">
         <name>.debug_info</name>
         <load_address>0x9981</load_address>
         <run_address>0x9981</run_address>
         <size>0xca</size>
         <input_file_ref idref="fl-cb"/>
      </object_component>
      <object_component id="oc-2eb">
         <name>.debug_info</name>
         <load_address>0x9a4b</load_address>
         <run_address>0x9a4b</run_address>
         <size>0x368</size>
         <input_file_ref idref="fl-cc"/>
      </object_component>
      <object_component id="oc-2e8">
         <name>.debug_info</name>
         <load_address>0x9db3</load_address>
         <run_address>0x9db3</run_address>
         <size>0x129</size>
         <input_file_ref idref="fl-cc"/>
      </object_component>
      <object_component id="oc-1d5">
         <name>.debug_info</name>
         <load_address>0x9edc</load_address>
         <run_address>0x9edc</run_address>
         <size>0x323</size>
         <input_file_ref idref="fl-cc"/>
      </object_component>
      <object_component id="oc-3b0">
         <name>.debug_info</name>
         <load_address>0xa1ff</load_address>
         <run_address>0xa1ff</run_address>
         <size>0x46</size>
         <input_file_ref idref="fl-cc"/>
      </object_component>
      <object_component id="oc-2ac">
         <name>.debug_info</name>
         <load_address>0xa245</load_address>
         <run_address>0xa245</run_address>
         <size>0x39</size>
         <input_file_ref idref="fl-cc"/>
      </object_component>
      <object_component id="oc-2ee">
         <name>.debug_info</name>
         <load_address>0xa27e</load_address>
         <run_address>0xa27e</run_address>
         <size>0x2cb</size>
         <input_file_ref idref="fl-cd"/>
      </object_component>
      <object_component id="oc-1da">
         <name>.debug_info</name>
         <load_address>0xa549</load_address>
         <run_address>0xa549</run_address>
         <size>0x171</size>
         <input_file_ref idref="fl-cd"/>
      </object_component>
      <object_component id="oc-1d0">
         <name>.debug_info</name>
         <load_address>0xa6ba</load_address>
         <run_address>0xa6ba</run_address>
         <size>0x171</size>
         <input_file_ref idref="fl-ce"/>
      </object_component>
      <object_component id="oc-3e1">
         <name>.debug_info</name>
         <load_address>0xa82b</load_address>
         <run_address>0xa82b</run_address>
         <size>0x300</size>
         <input_file_ref idref="fl-cf"/>
      </object_component>
      <object_component id="oc-2e2">
         <name>.debug_info</name>
         <load_address>0xab2b</load_address>
         <run_address>0xab2b</run_address>
         <size>0x1cc</size>
         <input_file_ref idref="fl-cf"/>
      </object_component>
      <object_component id="oc-470">
         <name>.debug_info</name>
         <load_address>0xacf7</load_address>
         <run_address>0xacf7</run_address>
         <size>0x39</size>
         <input_file_ref idref="fl-cf"/>
      </object_component>
      <object_component id="oc-3ab">
         <name>.debug_info</name>
         <load_address>0xad30</load_address>
         <run_address>0xad30</run_address>
         <size>0x2c</size>
         <input_file_ref idref="fl-cf"/>
      </object_component>
      <object_component id="oc-2f0">
         <name>.debug_info</name>
         <load_address>0xad5c</load_address>
         <run_address>0xad5c</run_address>
         <size>0x2e9</size>
         <input_file_ref idref="fl-d0"/>
      </object_component>
      <object_component id="oc-1e2">
         <name>.debug_info</name>
         <load_address>0xb045</load_address>
         <run_address>0xb045</run_address>
         <size>0x7c4</size>
         <input_file_ref idref="fl-d0"/>
      </object_component>
      <object_component id="oc-2b1">
         <name>.debug_info</name>
         <load_address>0xb809</load_address>
         <run_address>0xb809</run_address>
         <size>0x363</size>
         <input_file_ref idref="fl-d1"/>
      </object_component>
      <object_component id="oc-2a3">
         <name>.debug_info</name>
         <load_address>0xbb6c</load_address>
         <run_address>0xbb6c</run_address>
         <size>0x128</size>
         <input_file_ref idref="fl-d1"/>
      </object_component>
      <object_component id="oc-1a3">
         <name>.debug_info</name>
         <load_address>0xbc94</load_address>
         <run_address>0xbc94</run_address>
         <size>0xbdf</size>
         <input_file_ref idref="fl-d1"/>
      </object_component>
      <object_component id="oc-39b">
         <name>.debug_info</name>
         <load_address>0xc873</load_address>
         <run_address>0xc873</run_address>
         <size>0x2ca</size>
         <input_file_ref idref="fl-d2"/>
      </object_component>
      <object_component id="oc-297">
         <name>.debug_info</name>
         <load_address>0xcb3d</load_address>
         <run_address>0xcb3d</run_address>
         <size>0x24e</size>
         <input_file_ref idref="fl-d2"/>
      </object_component>
      <object_component id="oc-3aa">
         <name>.debug_info</name>
         <load_address>0xcd8b</load_address>
         <run_address>0xcd8b</run_address>
         <size>0x2fd</size>
         <input_file_ref idref="fl-d3"/>
      </object_component>
      <object_component id="oc-2a6">
         <name>.debug_info</name>
         <load_address>0xd088</load_address>
         <run_address>0xd088</run_address>
         <size>0x225</size>
         <input_file_ref idref="fl-d3"/>
      </object_component>
      <object_component id="oc-304">
         <name>.debug_info</name>
         <load_address>0xd2ad</load_address>
         <run_address>0xd2ad</run_address>
         <size>0x366</size>
         <input_file_ref idref="fl-d4"/>
      </object_component>
      <object_component id="oc-1e8">
         <name>.debug_info</name>
         <load_address>0xd613</load_address>
         <run_address>0xd613</run_address>
         <size>0x796</size>
         <input_file_ref idref="fl-d4"/>
      </object_component>
      <object_component id="oc-22e">
         <name>.debug_info</name>
         <load_address>0xdda9</load_address>
         <run_address>0xdda9</run_address>
         <size>0x333</size>
         <input_file_ref idref="fl-d5"/>
      </object_component>
      <object_component id="oc-108">
         <name>.debug_info</name>
         <load_address>0xe0dc</load_address>
         <run_address>0xe0dc</run_address>
         <size>0x1d1</size>
         <input_file_ref idref="fl-d5"/>
      </object_component>
      <object_component id="oc-223">
         <name>.debug_info</name>
         <load_address>0xe2ad</load_address>
         <run_address>0xe2ad</run_address>
         <size>0x18d</size>
         <input_file_ref idref="fl-d5"/>
      </object_component>
      <object_component id="oc-228">
         <name>.debug_info</name>
         <load_address>0xe43a</load_address>
         <run_address>0xe43a</run_address>
         <size>0x16d</size>
         <input_file_ref idref="fl-d5"/>
      </object_component>
      <object_component id="oc-273">
         <name>.debug_info</name>
         <load_address>0xe5a7</load_address>
         <run_address>0xe5a7</run_address>
         <size>0x2c</size>
         <input_file_ref idref="fl-d5"/>
      </object_component>
      <object_component id="oc-272">
         <name>.debug_info</name>
         <load_address>0xe5d3</load_address>
         <run_address>0xe5d3</run_address>
         <size>0x340</size>
         <input_file_ref idref="fl-d6"/>
      </object_component>
      <object_component id="oc-16e">
         <name>.debug_info</name>
         <load_address>0xe913</load_address>
         <run_address>0xe913</run_address>
         <size>0x208</size>
         <input_file_ref idref="fl-d6"/>
      </object_component>
      <object_component id="oc-266">
         <name>.debug_info</name>
         <load_address>0xeb1b</load_address>
         <run_address>0xeb1b</run_address>
         <size>0x1c6</size>
         <input_file_ref idref="fl-d6"/>
      </object_component>
      <object_component id="oc-26c">
         <name>.debug_info</name>
         <load_address>0xece1</load_address>
         <run_address>0xece1</run_address>
         <size>0x179</size>
         <input_file_ref idref="fl-d6"/>
      </object_component>
      <object_component id="oc-278">
         <name>.debug_info</name>
         <load_address>0xee5a</load_address>
         <run_address>0xee5a</run_address>
         <size>0x69</size>
         <input_file_ref idref="fl-d6"/>
      </object_component>
      <object_component id="oc-478">
         <name>.debug_info</name>
         <load_address>0xeec3</load_address>
         <run_address>0xeec3</run_address>
         <size>0x293</size>
         <input_file_ref idref="fl-d7"/>
      </object_component>
      <object_component id="oc-3dc">
         <name>.debug_info</name>
         <load_address>0xf156</load_address>
         <run_address>0xf156</run_address>
         <size>0x17e</size>
         <input_file_ref idref="fl-d7"/>
      </object_component>
      <object_component id="oc-97">
         <name>.debug_info</name>
         <load_address>0xf2d4</load_address>
         <run_address>0xf2d4</run_address>
         <size>0x147</size>
         <input_file_ref idref="fl-d8"/>
      </object_component>
      <object_component id="oc-1c5">
         <name>.debug_info</name>
         <load_address>0xf41b</load_address>
         <run_address>0xf41b</run_address>
         <size>0x14c</size>
         <input_file_ref idref="fl-d9"/>
      </object_component>
      <object_component id="oc-10c">
         <name>.debug_info</name>
         <load_address>0xf567</load_address>
         <run_address>0xf567</run_address>
         <size>0x128</size>
         <input_file_ref idref="fl-da"/>
      </object_component>
      <object_component id="oc-1b3">
         <name>.debug_info</name>
         <load_address>0xf68f</load_address>
         <run_address>0xf68f</run_address>
         <size>0x12a</size>
         <input_file_ref idref="fl-da"/>
      </object_component>
      <object_component id="oc-1bd">
         <name>.debug_info</name>
         <load_address>0xf7b9</load_address>
         <run_address>0xf7b9</run_address>
         <size>0x13a</size>
         <input_file_ref idref="fl-db"/>
      </object_component>
      <object_component id="oc-1aa">
         <name>.debug_info</name>
         <load_address>0xf8f3</load_address>
         <run_address>0xf8f3</run_address>
         <size>0x13a</size>
         <input_file_ref idref="fl-dc"/>
      </object_component>
      <object_component id="oc-1ae">
         <name>.debug_info</name>
         <load_address>0xfa2d</load_address>
         <run_address>0xfa2d</run_address>
         <size>0x12e</size>
         <input_file_ref idref="fl-dd"/>
      </object_component>
      <object_component id="oc-1b9">
         <name>.debug_info</name>
         <load_address>0xfb5b</load_address>
         <run_address>0xfb5b</run_address>
         <size>0x13e</size>
         <input_file_ref idref="fl-de"/>
      </object_component>
      <object_component id="oc-103">
         <name>.debug_info</name>
         <load_address>0xfc99</load_address>
         <run_address>0xfc99</run_address>
         <size>0x12c</size>
         <input_file_ref idref="fl-df"/>
      </object_component>
      <object_component id="oc-19e">
         <name>.debug_info</name>
         <load_address>0xfdc5</load_address>
         <run_address>0xfdc5</run_address>
         <size>0x12c</size>
         <input_file_ref idref="fl-e0"/>
      </object_component>
      <object_component id="oc-3f">
         <name>.debug_info</name>
         <load_address>0xfef1</load_address>
         <run_address>0xfef1</run_address>
         <size>0x119</size>
         <input_file_ref idref="fl-e1"/>
      </object_component>
      <object_component id="oc-28b">
         <name>.debug_info</name>
         <load_address>0x1000a</load_address>
         <run_address>0x1000a</run_address>
         <size>0x12e</size>
         <input_file_ref idref="fl-e2"/>
      </object_component>
      <object_component id="oc-95">
         <name>.debug_info</name>
         <load_address>0x10138</load_address>
         <run_address>0x10138</run_address>
         <size>0x2d4</size>
         <input_file_ref idref="fl-e3"/>
      </object_component>
      <object_component id="oc-4b">
         <name>.debug_info</name>
         <load_address>0x1040c</load_address>
         <run_address>0x1040c</run_address>
         <size>0x1d2</size>
         <input_file_ref idref="fl-e3"/>
      </object_component>
      <object_component id="oc-90">
         <name>.debug_info</name>
         <load_address>0x105de</load_address>
         <run_address>0x105de</run_address>
         <size>0x46</size>
         <input_file_ref idref="fl-e3"/>
      </object_component>
      <object_component id="oc-cd">
         <name>.debug_info</name>
         <load_address>0x10624</load_address>
         <run_address>0x10624</run_address>
         <size>0x2c</size>
         <input_file_ref idref="fl-e3"/>
      </object_component>
      <object_component id="oc-49">
         <name>.debug_info</name>
         <load_address>0x10650</load_address>
         <run_address>0x10650</run_address>
         <size>0x2a8</size>
         <input_file_ref idref="fl-e4"/>
      </object_component>
      <object_component id="oc-1c">
         <name>.debug_info</name>
         <load_address>0x108f8</load_address>
         <run_address>0x108f8</run_address>
         <size>0x1ea</size>
         <input_file_ref idref="fl-e4"/>
      </object_component>
      <object_component id="oc-44">
         <name>.debug_info</name>
         <load_address>0x10ae2</load_address>
         <run_address>0x10ae2</run_address>
         <size>0x46</size>
         <input_file_ref idref="fl-e4"/>
      </object_component>
      <object_component id="oc-88">
         <name>.debug_info</name>
         <load_address>0x10b28</load_address>
         <run_address>0x10b28</run_address>
         <size>0x2c</size>
         <input_file_ref idref="fl-e4"/>
      </object_component>
      <object_component id="oc-86">
         <name>.debug_info</name>
         <load_address>0x10b54</load_address>
         <run_address>0x10b54</run_address>
         <size>0x29e</size>
         <input_file_ref idref="fl-e5"/>
      </object_component>
      <object_component id="oc-18">
         <name>.debug_info</name>
         <load_address>0x10df2</load_address>
         <run_address>0x10df2</run_address>
         <size>0x250</size>
         <input_file_ref idref="fl-e5"/>
      </object_component>
      <object_component id="oc-34">
         <name>.debug_info</name>
         <load_address>0x11042</load_address>
         <run_address>0x11042</run_address>
         <size>0x60</size>
         <input_file_ref idref="fl-e5"/>
      </object_component>
      <object_component id="oc-c6">
         <name>.debug_info</name>
         <load_address>0x110a2</load_address>
         <run_address>0x110a2</run_address>
         <size>0x46</size>
         <input_file_ref idref="fl-e5"/>
      </object_component>
      <object_component id="oc-81">
         <name>.debug_info</name>
         <load_address>0x110e8</load_address>
         <run_address>0x110e8</run_address>
         <size>0x39</size>
         <input_file_ref idref="fl-e5"/>
      </object_component>
      <object_component id="oc-70">
         <name>.debug_info</name>
         <load_address>0x11121</load_address>
         <run_address>0x11121</run_address>
         <size>0x3b2</size>
         <input_file_ref idref="fl-e6"/>
      </object_component>
      <object_component id="oc-25">
         <name>.debug_info</name>
         <load_address>0x114d3</load_address>
         <run_address>0x114d3</run_address>
         <size>0x10c</size>
         <input_file_ref idref="fl-e6"/>
      </object_component>
      <object_component id="oc-3fd">
         <name>.debug_info</name>
         <load_address>0x115df</load_address>
         <run_address>0x115df</run_address>
         <size>0x13f</size>
         <input_file_ref idref="fl-e6"/>
      </object_component>
      <object_component id="oc-2c1">
         <name>.debug_info</name>
         <load_address>0x1171e</load_address>
         <run_address>0x1171e</run_address>
         <size>0x168</size>
         <input_file_ref idref="fl-e6"/>
      </object_component>
      <object_component id="oc-30b">
         <name>.debug_info</name>
         <load_address>0x11886</load_address>
         <run_address>0x11886</run_address>
         <size>0x18e</size>
         <input_file_ref idref="fl-e6"/>
      </object_component>
      <object_component id="oc-311">
         <name>.debug_info</name>
         <load_address>0x11a14</load_address>
         <run_address>0x11a14</run_address>
         <size>0x19f</size>
         <input_file_ref idref="fl-e6"/>
      </object_component>
      <object_component id="oc-200">
         <name>.debug_info</name>
         <load_address>0x11bb3</load_address>
         <run_address>0x11bb3</run_address>
         <size>0x203</size>
         <input_file_ref idref="fl-e6"/>
      </object_component>
      <object_component id="oc-3c2">
         <name>.debug_info</name>
         <load_address>0x11db6</load_address>
         <run_address>0x11db6</run_address>
         <size>0x1db</size>
         <input_file_ref idref="fl-e6"/>
      </object_component>
      <object_component id="oc-2cd">
         <name>.debug_info</name>
         <load_address>0x11f91</load_address>
         <run_address>0x11f91</run_address>
         <size>0x26e</size>
         <input_file_ref idref="fl-e6"/>
      </object_component>
      <object_component id="oc-1fa">
         <name>.debug_info</name>
         <load_address>0x121ff</load_address>
         <run_address>0x121ff</run_address>
         <size>0x1a5</size>
         <input_file_ref idref="fl-e6"/>
      </object_component>
      <object_component id="oc-3ba">
         <name>.debug_info</name>
         <load_address>0x123a4</load_address>
         <run_address>0x123a4</run_address>
         <size>0x299</size>
         <input_file_ref idref="fl-e6"/>
      </object_component>
      <object_component id="oc-bb">
         <name>.debug_info</name>
         <load_address>0x1263d</load_address>
         <run_address>0x1263d</run_address>
         <size>0xb2</size>
         <input_file_ref idref="fl-e6"/>
      </object_component>
      <object_component id="oc-b6">
         <name>.debug_info</name>
         <load_address>0x126ef</load_address>
         <run_address>0x126ef</run_address>
         <size>0x2c</size>
         <input_file_ref idref="fl-e6"/>
      </object_component>
      <object_component id="oc-27e">
         <name>.debug_info</name>
         <load_address>0x1271b</load_address>
         <run_address>0x1271b</run_address>
         <size>0x28a</size>
         <input_file_ref idref="fl-e7"/>
      </object_component>
      <object_component id="oc-177">
         <name>.debug_info</name>
         <load_address>0x129a5</load_address>
         <run_address>0x129a5</run_address>
         <size>0x273</size>
         <input_file_ref idref="fl-e7"/>
      </object_component>
      <object_component id="oc-280">
         <name>.debug_info</name>
         <load_address>0x12c18</load_address>
         <run_address>0x12c18</run_address>
         <size>0x2a4</size>
         <input_file_ref idref="fl-e8"/>
      </object_component>
      <object_component id="oc-17a">
         <name>.debug_info</name>
         <load_address>0x12ebc</load_address>
         <run_address>0x12ebc</run_address>
         <size>0x24d</size>
         <input_file_ref idref="fl-e8"/>
      </object_component>
      <object_component id="oc-3f6">
         <name>.debug_info</name>
         <load_address>0x13109</load_address>
         <run_address>0x13109</run_address>
         <size>0x3aa</size>
         <input_file_ref idref="fl-e9"/>
      </object_component>
      <object_component id="oc-3f3">
         <name>.debug_info</name>
         <load_address>0x134b3</load_address>
         <run_address>0x134b3</run_address>
[...]
         <name>motor_cal_factor_R</name>
         <value>0x200022e4</value>
         <object_component_ref idref="oc-211"/>
      </symbol>
      <symbol id="sm-2d8">
         <name>oi_parseInt</name>
         <value>0x7b23</value>
         <object_component_ref idref="oc-204"/>
      </symbol>
      <symbol id="sm-2d9">
         <name>oi_setMotorCalibration</name>
         <value>0x1cc5</value>
         <object_component_ref idref="oc-fa"/>
      </symbol>
      <symbol id="sm-2da">
         <name>oi_uartSendStr</name>
         <value>0x196d</value>
         <object_component_ref idref="oc-fa"/>
      </symbol>
      <symbol id="sm-2db">
         <name>oi_close</name>
         <value>0x11db</value>
         <object_component_ref idref="oc-fa"/>
      </symbol>
      <symbol id="sm-2dc">
         <name>oi_uartSendBuff</name>
         <value>0x198b</value>
         <object_component_ref idref="oc-fa"/>
      </symbol>
      <symbol id="sm-2dd">
         <name>oi_checkFirmware</name>
         <value>0x19bd</value>
         <object_component_ref idref="oc-fa"/>
      </symbol>
      <symbol id="sm-2de">
         <name>oi_init_noupdate</name>
         <value>0x119d</value>
         <object_component_ref idref="oc-fa"/>
      </symbol>
      <symbol id="sm-2df">
         <name>oi_uartSendChar</name>
         <value>0x1929</value>
         <object_component_ref idref="oc-fa"/>
      </symbol>
      <symbol id="sm-2e0">
         <name>oi_alloc</name>
         <value>0x1181</value>
         <object_component_ref idref="oc-fa"/>
      </symbol>
      <symbol id="sm-2e1">
         <name>oi_getMotorCalibrationLeft</name>
         <value>0x1d01</value>
         <object_component_ref idref="oc-fa"/>
      </symbol>
      <symbol id="sm-2e2">
         <name>oi_loadSong</name>
         <value>0x1829</value>
         <object_component_ref idref="oc-fa"/>
      </symbol>
      <symbol id="sm-2e3">
         <name>oi_play_song</name>
         <value>0x187f</value>
         <object_component_ref idref="oc-fa"/>
      </symbol>
      <symbol id="sm-2e4">
         <name>oi_parsePacket</name>
         <value>0x123f</value>
         <object_component_ref idref="oc-fa"/>
      </symbol>
      <symbol id="sm-2e5">
         <name>oi_setLeds</name>
         <value>0x175f</value>
         <object_component_ref idref="oc-fa"/>
      </symbol>
      <symbol id="sm-2e6">
         <name>oi_init</name>
         <value>0x11c5</value>
         <object_component_ref idref="oc-fa"/>
      </symbol>
      <symbol id="sm-2e7">
         <name>oi_update</name>
         <value>0x11ed</value>
         <object_component_ref idref="oc-fa"/>
      </symbol>
      <symbol id="sm-2e8">
         <name>oi_uartInit</name>
         <value>0x18a1</value>
         <object_component_ref idref="oc-fa"/>
      </symbol>
      <symbol id="sm-32d">
         <name>END_TIME</name>
         <value>0x20002304</value>
         <object_component_ref idref="oc-28f"/>
      </symbol>
      <symbol id="sm-32e">
         <name>START_TIME</name>
         <value>0x20002300</value>
         <object_component_ref idref="oc-28f"/>
      </symbol>
      <symbol id="sm-32f">
         <name>STATE</name>
         <value>0x20002308</value>
         <object_component_ref idref="oc-28f"/>
      </symbol>
      <symbol id="sm-330">
         <name>TIMER3B_Handler</name>
         <value>0x4fa7</value>
         <object_component_ref idref="oc-18b"/>
      </symbol>
      <symbol id="sm-331">
         <name>overflow_count</name>
         <value>0x20002309</value>
         <object_component_ref idref="oc-28f"/>
      </symbol>
      <symbol id="sm-332">
         <name>ping_init</name>
         <value>0x4e49</value>
         <object_component_ref idref="oc-18b"/>
      </symbol>
      <symbol id="sm-333">
         <name>ping_getDistance</name>
         <value>0x4fe7</value>
         <object_component_ref idref="oc-18b"/>
      </symbol>
      <symbol id="sm-334">
         <name>ping_trigger</name>
         <value>0x4f29</value>
         <object_component_ref idref="oc-18b"/>
      </symbol>
      <symbol id="sm-351">
         <name>ResetISR</name>
         <value>0x7bdd</value>
         <object_component_ref idref="oc-2a"/>
      </symbol>
      <symbol id="sm-352">
         <name>g_pfnVectors</name>
         <value>0x0</value>
         <object_component_ref idref="oc-12"/>
      </symbol>
      <symbol id="sm-37b">
         <name>uart_sendChar</name>
         <value>0x5e87</value>
         <object_component_ref idref="oc-e8"/>
      </symbol>
      <symbol id="sm-37c">
         <name>uart_init</name>
         <value>0x5de5</value>
         <object_component_ref idref="oc-e8"/>
      </symbol>
      <symbol id="sm-37d">
         <name>uart_receive_nonblocking</name>
         <value>0x5ec9</value>
         <object_component_ref idref="oc-e8"/>
      </symbol>
      <symbol id="sm-37e">
         <name>uart_receive</name>
         <value>0x5ea3</value>
         <object_component_ref idref="oc-e8"/>
      </symbol>
      <symbol id="sm-37f">
         <name>uart_sendStr</name>
         <value>0x5ef3</value>
         <object_component_ref idref="oc-e8"/>
      </symbol>
      <symbol id="sm-3e2">
         <name>__vla_dealloc</name>
         <value>0x73a9</value>
         <object_component_ref idref="oc-1eb"/>
      </symbol>
      <symbol id="sm-3e3">
         <name>__vla_alloc</name>
         <value>0x60a5</value>
         <object_component_ref idref="oc-1c7"/>
      </symbol>
      <symbol id="sm-451">
         <name>powf</name>
         <value>0x3ead</value>
         <object_component_ref idref="oc-1d3"/>
      </symbol>
      <symbol id="sm-461">
         <name>sqrtf</name>
         <value>0x7a25</value>
         <object_component_ref idref="oc-1d9"/>
      </symbol>
      <symbol id="sm-475">
         <name>cosf</name>
         <value>0x6e85</value>
         <object_component_ref idref="oc-1cd"/>
      </symbol>
      <symbol id="sm-49c">
         <name>scalbnf</name>
         <value>0x6db5</value>
         <object_component_ref idref="oc-2e1"/>
      </symbol>
      <symbol id="sm-49d">
         <name>ldexpf</name>
         <value>0x6db5</value>
         <object_component_ref idref="oc-2e1"/>
      </symbol>
      <symbol id="sm-4cf">
         <name>acosl</name>
         <value>0x4439</value>
         <object_component_ref idref="oc-1df"/>
      </symbol>
      <symbol id="sm-4d0">
         <name>acos</name>
         <value>0x4439</value>
         <object_component_ref idref="oc-1df"/>
      </symbol>
      <symbol id="sm-55d">
         <name>pow</name>
         <value>0x27f1</value>
         <object_component_ref idref="oc-1a2"/>
      </symbol>
      <symbol id="sm-55e">
         <name>powl</name>
         <value>0x27f1</value>
         <object_component_ref idref="oc-1a2"/>
      </symbol>
      <symbol id="sm-580">
         <name>sqrtl</name>
         <value>0x5f4d</value>
         <object_component_ref idref="oc-296"/>
      </symbol>
      <symbol id="sm-581">
         <name>sqrt</name>
         <value>0x5f4d</value>
         <object_component_ref idref="oc-296"/>
      </symbol>
      <symbol id="sm-59e">
         <name>scalbn</name>
         <value>0x67e1</value>
         <object_component_ref idref="oc-2a5"/>
      </symbol>
      <symbol id="sm-59f">
         <name>scalbnl</name>
         <value>0x67e1</value>
         <object_component_ref idref="oc-2a5"/>
      </symbol>
      <symbol id="sm-5a0">
         <name>ldexpl</name>
         <value>0x67e1</value>
         <object_component_ref idref="oc-2a5"/>
      </symbol>
      <symbol id="sm-5a1">
         <name>ldexp</name>
         <value>0x67e1</value>
         <object_component_ref idref="oc-2a5"/>
      </symbol>
      <symbol id="sm-5ed">
         <name>sin</name>
         <value>0x38e9</value>
         <object_component_ref idref="oc-1e5"/>
      </symbol>
      <symbol id="sm-5ee">
         <name>sinl</name>
         <value>0x38e9</value>
         <object_component_ref idref="oc-1e5"/>
      </symbol>
      <symbol id="sm-615">
         <name>sprintf</name>
         <value>0x7805</value>
         <object_component_ref idref="oc-105"/>
      </symbol>
      <symbol id="sm-63f">
         <name>vsnprintf</name>
         <value>0x7845</value>
         <object_component_ref idref="oc-16d"/>
      </symbol>
      <symbol id="sm-64c">
         <name>copysignf</name>
         <value>0x7b0b</value>
         <object_component_ref idref="oc-3da"/>
      </symbol>
      <symbol id="sm-65b">
         <name>__aeabi_memset</name>
         <value>0x72b7</value>
         <object_component_ref idref="oc-96"/>
      </symbol>
      <symbol id="sm-65c">
         <name>memset</name>
         <value>0x72bd</value>
         <object_component_ref idref="oc-96"/>
      </symbol>
      <symbol id="sm-65d">
         <name>__aeabi_memset8</name>
         <value>0x72b7</value>
         <object_component_ref idref="oc-96"/>
      </symbol>
      <symbol id="sm-65e">
         <name>__aeabi_memset4</name>
         <value>0x72b7</value>
         <object_component_ref idref="oc-96"/>
      </symbol>
      <symbol id="sm-65f">
         <name>__aeabi_memclr8</name>
         <value>0x72b5</value>
         <object_component_ref idref="oc-96"/>
      </symbol>
      <symbol id="sm-660">
         <name>__aeabi_memclr4</name>
         <value>0x72b5</value>
         <object_component_ref idref="oc-96"/>
      </symbol>
      <symbol id="sm-661">
         <name>__aeabi_memclr</name>
         <value>0x72b5</value>
         <object_component_ref idref="oc-96"/>
      </symbol>
      <symbol id="sm-678">
         <name>__aeabi_dsub</name>
         <value>0x594d</value>
         <object_component_ref idref="oc-1c2"/>
      </symbol>
      <symbol id="sm-679">
         <name>__aeabi_dadd</name>
         <value>0x5957</value>
         <object_component_ref idref="oc-1c2"/>
      </symbol>
      <symbol id="sm-69b">
         <name>__aeabi_cdcmpeq</name>
         <value>0x71a9</value>
         <object_component_ref idref="oc-10b"/>
      </symbol>
      <symbol id="sm-69c">
         <name>__aeabi_cdcmple</name>
         <value>0x71a9</value>
         <object_component_ref idref="oc-10b"/>
      </symbol>
      <symbol id="sm-69d">
         <name>__aeabi_cdrcmple</name>
         <value>0x722f</value>
         <object_component_ref idref="oc-1b2"/>
      </symbol>
      <symbol id="sm-6b1">
         <name>__aeabi_ddiv</name>
         <value>0x632d</value>
         <object_component_ref idref="oc-1bc"/>
      </symbol>
      <symbol id="sm-6bc">
         <name>__aeabi_dmul</name>
         <value>0x69f9</value>
         <object_component_ref idref="oc-1a8"/>
      </symbol>
      <symbol id="sm-6c6">
         <name>__aeabi_d2iz</name>
         <value>0x7779</value>
         <object_component_ref idref="oc-1ad"/>
      </symbol>
      <symbol id="sm-6d2">
         <name>__aeabi_d2f</name>
         <value>0x74f7</value>
         <object_component_ref idref="oc-1b7"/>
      </symbol>
      <symbol id="sm-6dd">
         <name>__aeabi_f2d</name>
         <value>0x78fd</value>
         <object_component_ref idref="oc-100"/>
      </symbol>
      <symbol id="sm-6e7">
         <name>__aeabi_i2d</name>
         <value>0x79cd</value>
         <object_component_ref idref="oc-19d"/>
      </symbol>
      <symbol id="sm-702">
         <name>memcpy</name>
         <value>0x6feb</value>
         <object_component_ref idref="oc-3e"/>
      </symbol>
      <symbol id="sm-703">
         <name>__aeabi_memcpy</name>
         <value>0x6feb</value>
         <object_component_ref idref="oc-3e"/>
      </symbol>
      <symbol id="sm-704">
         <name>__aeabi_memcpy8</name>
         <value>0x6feb</value>
         <object_component_ref idref="oc-3e"/>
      </symbol>
      <symbol id="sm-705">
         <name>__aeabi_memcpy4</name>
         <value>0x6feb</value>
         <object_component_ref idref="oc-3e"/>
      </symbol>
      <symbol id="sm-70f">
         <name>__aeabi_ui2d</name>
         <value>0x7a4d</value>
         <object_component_ref idref="oc-28a"/>
      </symbol>
      <symbol id="sm-728">
         <name>__TI_zero_init_nomemset</name>
         <value>0x7a6d</value>
         <object_component_ref idref="oc-4a"/>
      </symbol>
      <symbol id="sm-73f">
         <name>__TI_decompress_none</name>
         <value>0x7bc3</value>
         <object_component_ref idref="oc-1b"/>
      </symbol>
      <symbol id="sm-762">
         <name>__TI_decompress_lzss</name>
         <value>0x7565</value>
         <object_component_ref idref="oc-15"/>
      </symbol>
      <symbol id="sm-80c">
         <name>_sys_memory</name>
         <value>0x20001270</value>
         <object_component_ref idref="oc-24"/>
      </symbol>
      <symbol id="sm-80d">
         <name>free</name>
         <value>0x6bed</value>
         <object_component_ref idref="oc-1fe"/>
      </symbol>
      <symbol id="sm-80e">
         <name>realloc</name>
         <value>0x6cd1</value>
         <object_component_ref idref="oc-2cb"/>
      </symbol>
      <symbol id="sm-80f">
         <name>memalign</name>
         <value>0x68f1</value>
         <object_component_ref idref="oc-3b8"/>
      </symbol>
      <symbol id="sm-810">
         <name>calloc</name>
         <value>0x78c5</value>
         <object_component_ref idref="oc-1f8"/>
      </symbol>
      <symbol id="sm-811">
         <name>malloc</name>
         <value>0x7bfd</value>
         <object_component_ref idref="oc-2bf"/>
      </symbol>
      <symbol id="sm-812">
         <name>aligned_alloc</name>
         <value>0x68f1</value>
         <object_component_ref idref="oc-3b8"/>
      </symbol>
      <symbol id="sm-821">
         <name>strcmp</name>
         <value>0x7b3b</value>
         <object_component_ref idref="oc-173"/>
      </symbol>
      <symbol id="sm-82f">
         <name>strcpy</name>
         <value>0x7b69</value>
         <object_component_ref idref="oc-179"/>
      </symbol>
      <symbol id="sm-895">
         <name>__kernel_rem_pio2</name>
         <value>0x31b1</value>
         <object_component_ref idref="oc-2f7"/>
      </symbol>
      <symbol id="sm-8ab">
         <name>__aeabi_errno_addr</name>
         <value>0x7bf5</value>
         <object_component_ref idref="oc-29c"/>
      </symbol>
      <symbol id="sm-8ac">
         <name>errno</name>
         <value>0x2000231c</value>
         <object_component_ref idref="oc-39c"/>
      </symbol>
      <symbol id="sm-8bf">
         <name>__stack</name>
         <value>0x20000270</value>
         <object_component_ref idref="oc-27"/>
      </symbol>
      <symbol id="sm-8c0">
         <name>_c_int00_noargs</name>
         <value>0x7969</value>
         <object_component_ref idref="oc-5c"/>
      </symbol>
      <symbol id="sm-8ca">
         <name>__abort_execution</name>
         <value>0x7c05</value>
         <object_component_ref idref="oc-2b9"/>
      </symbol>
      <symbol id="sm-8d4">
         <name>copysign</name>
         <value>0x7ac1</value>
         <object_component_ref idref="oc-3a3"/>
      </symbol>
      <symbol id="sm-8d5">
         <name>copysignl</name>
         <value>0x7ac1</value>
         <object_component_ref idref="oc-3a3"/>
      </symbol>
      <symbol id="sm-8eb">
         <name>__kernel_cos</name>
         <value>0x5c79</value>
         <object_component_ref idref="oc-2fd"/>
      </symbol>
      <symbol id="sm-902">
         <name>__kernel_sin</name>
         <value>0x5b05</value>
         <object_component_ref idref="oc-2f1"/>
      </symbol>
      <symbol id="sm-91f">
         <name>floorl</name>
         <value>0x6af5</value>
         <object_component_ref idref="oc-3ec"/>
      </symbol>
      <symbol id="sm-920">
         <name>floor</name>
         <value>0x6af5</value>
         <object_component_ref idref="oc-3ec"/>
      </symbol>
      <symbol id="sm-a85">
         <name>__TI_printfi</name>
         <value>0x1da1</value>
         <object_component_ref idref="oc-21b"/>
      </symbol>
      <symbol id="sm-a92">
         <name>__aeabi_uldivmod</name>
         <value>0x7087</value>
         <object_component_ref idref="oc-409"/>
      </symbol>
      <symbol id="sm-aba">
         <name>__TI_auto_init_nobinit_nopinit</name>
         <value>0x77c1</value>
         <object_component_ref idref="oc-11e"/>
      </symbol>
      <symbol id="sm-ac4">
         <name>_system_pre_init</name>
         <value>0x7c09</value>
         <object_component_ref idref="oc-9c"/>
      </symbol>
      <symbol id="sm-ad0">
         <name>C$$EXIT</name>
         <value>0x7c0d</value>
         <object_component_ref idref="oc-112"/>
      </symbol>
      <symbol id="sm-ad1">
         <name>abort</name>
         <value>0x7c0d</value>
         <object_component_ref idref="oc-112"/>
      </symbol>
      <symbol id="sm-ae6">
         <name>_nop</name>
         <value>0x27ef</value>
         <object_component_ref idref="oc-36b"/>
      </symbol>
      <symbol id="sm-ae7">
         <name>_lock</name>
         <value>0x2000230c</value>
         <object_component_ref idref="oc-23b"/>
      </symbol>
      <symbol id="sm-ae8">
         <name>_unlock</name>
         <value>0x20002310</value>
         <object_component_ref idref="oc-23b"/>
      </symbol>
      <symbol id="sm-af7">
         <name>__TI_ltoa</name>
         <value>0x7687</value>
         <object_component_ref idref="oc-40f"/>
      </symbol>
      <symbol id="sm-b0e">
         <name>atoi</name>
         <value>0x772d</value>
         <object_component_ref idref="oc-329"/>
      </symbol>
      <symbol id="sm-b19">
         <name>_ctypes_</name>
         <value>0x7d68</value>
         <object_component_ref idref="oc-404"/>
      </symbol>
      <symbol id="sm-b29">
         <name>memccpy</name>
         <value>0x7aa5</value>
         <object_component_ref idref="oc-34d"/>
      </symbol>
      <symbol id="sm-b39">
         <name>strchr</name>
         <value>0x7b53</value>
         <object_component_ref idref="oc-436"/>
      </symbol>
      <symbol id="sm-b47">
         <name>strlen</name>
         <value>0x7b7d</value>
         <object_component_ref idref="oc-323"/>
      </symbol>
      <symbol id="sm-b5d">
         <name>frexpl</name>
         <value>0x75cd</value>
         <object_component_ref idref="oc-430"/>
      </symbol>
      <symbol id="sm-b5e">
         <name>frexp</name>
         <value>0x75cd</value>
         <object_component_ref idref="oc-430"/>
      </symbol>
      <symbol id="sm-b77">
         <name>wcslen</name>
         <value>0x7b91</value>
         <object_component_ref idref="oc-353"/>
      </symbol>
      <symbol id="sm-b81">
         <name>__aeabi_idiv0</name>
         <value>0x5b03</value>
         <object_component_ref idref="oc-48e"/>
      </symbol>
      <symbol id="sm-b82">
         <name>__aeabi_ldiv0</name>
         <value>0x5b03</value>
         <object_component_ref idref="oc-48e"/>
      </symbol>
      <symbol id="sm-ba7">
         <name>IntRegister</name>
         <value>0x7935</value>
         <object_component_ref idref="oc-159"/>
      </symbol>
      <symbol id="sm-ba8">
         <name>g_pfnRAMVectors</name>
         <value>0x20000000</value>
         <object_component_ref idref="oc-257"/>
      </symbol>
      <symbol id="sm-ba9">
         <name>IntMasterEnable</name>
         <value>0x7ba3</value>
         <object_component_ref idref="oc-20b"/>
      </symbol>
      <symbol id="sm-bb3">
         <name>CPUcpsie</name>
         <value>0x7bd1</value>
         <object_component_ref idref="oc-316"/>
      </symbol>
      <symbol id="sm-bb4">
         <name>__TI_static_base__</name>
         <value>0x0</value>
      </symbol>
      <symbol id="sm-bb7">
         <name>__mpu_init</name>
         <value>0x0</value>
      </symbol>
      <symbol id="sm-bb8">
         <name>_system_post_cinit</name>
         <value>0x0</value>
      </symbol>
   </symbol_table>
   <title>Link successful</title>
</link_info>
